Component: ARM Compiler 5.06 update 5 (build 528) Tool: armlink [4d35e2]

==============================================================================

Section Cross References

    event_groups.o(i.vEventGroupClearBitsCallback) refers to event_groups.o(i.xEventGroupClearBits) for xEventGroupClearBits
    event_groups.o(i.vEventGroupDelete) refers to tasks.o(i.vTaskSuspendAll) for vTaskSuspendAll
    event_groups.o(i.vEventGroupDelete) refers to tasks.o(i.xTaskRemoveFromUnorderedEventList) for xTaskRemoveFromUnorderedEventList
    event_groups.o(i.vEventGroupDelete) refers to heap_2.o(i.vPortFree) for vPortFree
    event_groups.o(i.vEventGroupDelete) refers to tasks.o(i.xTaskResumeAll) for xTaskResumeAll
    event_groups.o(i.vEventGroupSetBitsCallback) refers to event_groups.o(i.xEventGroupSetBits) for xEventGroupSetBits
    event_groups.o(i.xEventGroupClearBits) refers to port.o(i.vPortEnterCritical) for vPortEnterCritical
    event_groups.o(i.xEventGroupClearBits) refers to port.o(i.vPortExitCritical) for vPortExitCritical
    event_groups.o(i.xEventGroupCreate) refers to heap_2.o(i.pvPortMalloc) for pvPortMalloc
    event_groups.o(i.xEventGroupCreate) refers to list.o(i.vListInitialise) for vListInitialise
    event_groups.o(i.xEventGroupSetBits) refers to tasks.o(i.vTaskSuspendAll) for vTaskSuspendAll
    event_groups.o(i.xEventGroupSetBits) refers to tasks.o(i.xTaskRemoveFromUnorderedEventList) for xTaskRemoveFromUnorderedEventList
    event_groups.o(i.xEventGroupSetBits) refers to tasks.o(i.xTaskResumeAll) for xTaskResumeAll
    event_groups.o(i.xEventGroupSync) refers to tasks.o(i.xTaskGetSchedulerState) for xTaskGetSchedulerState
    event_groups.o(i.xEventGroupSync) refers to tasks.o(i.vTaskSuspendAll) for vTaskSuspendAll
    event_groups.o(i.xEventGroupSync) refers to event_groups.o(i.xEventGroupSetBits) for xEventGroupSetBits
    event_groups.o(i.xEventGroupSync) refers to tasks.o(i.vTaskPlaceOnUnorderedEventList) for vTaskPlaceOnUnorderedEventList
    event_groups.o(i.xEventGroupSync) refers to tasks.o(i.xTaskResumeAll) for xTaskResumeAll
    event_groups.o(i.xEventGroupSync) refers to tasks.o(i.uxTaskResetEventItemValue) for uxTaskResetEventItemValue
    event_groups.o(i.xEventGroupSync) refers to port.o(i.vPortEnterCritical) for vPortEnterCritical
    event_groups.o(i.xEventGroupSync) refers to port.o(i.vPortExitCritical) for vPortExitCritical
    event_groups.o(i.xEventGroupWaitBits) refers to tasks.o(i.xTaskGetSchedulerState) for xTaskGetSchedulerState
    event_groups.o(i.xEventGroupWaitBits) refers to tasks.o(i.vTaskSuspendAll) for vTaskSuspendAll
    event_groups.o(i.xEventGroupWaitBits) refers to event_groups.o(i.prvTestWaitCondition) for prvTestWaitCondition
    event_groups.o(i.xEventGroupWaitBits) refers to tasks.o(i.vTaskPlaceOnUnorderedEventList) for vTaskPlaceOnUnorderedEventList
    event_groups.o(i.xEventGroupWaitBits) refers to tasks.o(i.xTaskResumeAll) for xTaskResumeAll
    event_groups.o(i.xEventGroupWaitBits) refers to tasks.o(i.uxTaskResetEventItemValue) for uxTaskResetEventItemValue
    event_groups.o(i.xEventGroupWaitBits) refers to port.o(i.vPortEnterCritical) for vPortEnterCritical
    event_groups.o(i.xEventGroupWaitBits) refers to port.o(i.vPortExitCritical) for vPortExitCritical
    queue.o(i.prvCopyDataFromQueue) refers to rt_memcpy_v6.o(.text) for __aeabi_memcpy
    queue.o(i.prvCopyDataToQueue) refers to rt_memcpy_v6.o(.text) for __aeabi_memcpy
    queue.o(i.prvInitialiseNewQueue) refers to queue.o(i.xQueueGenericReset) for xQueueGenericReset
    queue.o(i.prvIsQueueEmpty) refers to port.o(i.vPortEnterCritical) for vPortEnterCritical
    queue.o(i.prvIsQueueEmpty) refers to port.o(i.vPortExitCritical) for vPortExitCritical
    queue.o(i.prvIsQueueFull) refers to port.o(i.vPortEnterCritical) for vPortEnterCritical
    queue.o(i.prvIsQueueFull) refers to port.o(i.vPortExitCritical) for vPortExitCritical
    queue.o(i.prvUnlockQueue) refers to port.o(i.vPortEnterCritical) for vPortEnterCritical
    queue.o(i.prvUnlockQueue) refers to tasks.o(i.xTaskRemoveFromEventList) for xTaskRemoveFromEventList
    queue.o(i.prvUnlockQueue) refers to tasks.o(i.vTaskMissedYield) for vTaskMissedYield
    queue.o(i.prvUnlockQueue) refers to port.o(i.vPortExitCritical) for vPortExitCritical
    queue.o(i.uxQueueMessagesWaiting) refers to port.o(i.vPortEnterCritical) for vPortEnterCritical
    queue.o(i.uxQueueMessagesWaiting) refers to port.o(i.vPortExitCritical) for vPortExitCritical
    queue.o(i.uxQueueSpacesAvailable) refers to port.o(i.vPortEnterCritical) for vPortEnterCritical
    queue.o(i.uxQueueSpacesAvailable) refers to port.o(i.vPortExitCritical) for vPortExitCritical
    queue.o(i.vQueueDelete) refers to heap_2.o(i.vPortFree) for vPortFree
    queue.o(i.vQueueWaitForMessageRestricted) refers to port.o(i.vPortEnterCritical) for vPortEnterCritical
    queue.o(i.vQueueWaitForMessageRestricted) refers to port.o(i.vPortExitCritical) for vPortExitCritical
[...]
    i.am_hal_flash_delay                     0x00000e48   Section        0  am_hal_flash.o(i.am_hal_flash_delay)
    i.am_hal_gpio_int_clear                  0x00000e54   Section        0  am_hal_gpio.o(i.am_hal_gpio_int_clear)
    i.am_hal_gpio_int_enable                 0x00000e78   Section        0  am_hal_gpio.o(i.am_hal_gpio_int_enable)
    i.am_hal_gpio_int_register               0x00000e94   Section        0  am_hal_gpio.o(i.am_hal_gpio_int_register)
    i.am_hal_gpio_int_service                0x00000ee8   Section        0  am_hal_gpio.o(i.am_hal_gpio_int_service)
    i.am_hal_gpio_int_status_get             0x00000f40   Section        0  am_hal_gpio.o(i.am_hal_gpio_int_status_get)
    i.am_hal_gpio_out_enable_bit_get         0x00000f88   Section        0  am_hal_gpio.o(i.am_hal_gpio_out_enable_bit_get)
    i.am_hal_interrupt_enable                0x00000fac   Section        0  am_hal_interrupt.o(i.am_hal_interrupt_enable)
    i.am_hal_interrupt_priority_set          0x00000ff8   Section        0  am_hal_interrupt.o(i.am_hal_interrupt_priority_set)
    i.am_hal_itm_disable                     0x0000102c   Section        0  am_hal_itm.o(i.am_hal_itm_disable)
    i.am_hal_itm_enable                      0x00001090   Section        0  am_hal_itm.o(i.am_hal_itm_enable)
    i.am_hal_itm_not_busy                    0x000010e8   Section        0  am_hal_itm.o(i.am_hal_itm_not_busy)
    i.am_hal_itm_print                       0x00001100   Section        0  am_hal_itm.o(i.am_hal_itm_print)
    i.am_hal_mcuctrl_fault_status            0x00001130   Section        0  am_hal_mcuctrl.o(i.am_hal_mcuctrl_fault_status)
    i.am_hal_pwrctrl_bucks_disable           0x00001168   Section        0  am_hal_pwrctrl.o(i.am_hal_pwrctrl_bucks_disable)
    i.am_hal_pwrctrl_bucks_enable            0x000011b4   Section        0  am_hal_pwrctrl.o(i.am_hal_pwrctrl_bucks_enable)
    i.am_hal_pwrctrl_bucks_init              0x000011e8   Section        0  am_hal_pwrctrl.o(i.am_hal_pwrctrl_bucks_init)
    i.am_hal_pwrctrl_low_power_init          0x00001228   Section        0  am_hal_pwrctrl.o(i.am_hal_pwrctrl_low_power_init)
    i.am_hal_pwrctrl_memory_enable           0x00001240   Section        0  am_hal_pwrctrl.o(i.am_hal_pwrctrl_memory_enable)
    i.am_hal_rtc_osc_disable                 0x000013c0   Section        0  am_hal_rtc.o(i.am_hal_rtc_osc_disable)
    i.am_hal_rtc_osc_select                  0x000013ce   Section        0  am_hal_rtc.o(i.am_hal_rtc_osc_select)
    i.am_hal_stimer_compare_delta_set        0x000013e4   Section        0  am_hal_stimer.o(i.am_hal_stimer_compare_delta_set)
    i.am_hal_stimer_config                   0x00001438   Section        0  am_hal_stimer.o(i.am_hal_stimer_config)
    i.am_hal_stimer_counter_get              0x0000147c   Section        0  am_hal_stimer.o(i.am_hal_stimer_counter_get)
    i.am_hal_stimer_int_clear                0x00001488   Section        0  am_hal_stimer.o(i.am_hal_stimer_int_clear)
    i.am_hal_stimer_int_enable               0x00001494   Section        0  am_hal_stimer.o(i.am_hal_stimer_int_enable)
    i.am_hal_stimer_int_status_get           0x000014a8   Section        0  am_hal_stimer.o(i.am_hal_stimer_int_status_get)
    i.am_hal_sysctrl_fpu_enable              0x000014c0   Section        0  am_hal_sysctrl.o(i.am_hal_sysctrl_fpu_enable)
    i.am_hal_sysctrl_fpu_stacking_enable     0x000014d0   Section        0  am_hal_sysctrl.o(i.am_hal_sysctrl_fpu_stacking_enable)
    i.am_hal_sysctrl_sleep                   0x000014e8   Section        0  am_hal_sysctrl.o(i.am_hal_sysctrl_sleep)
    i.am_hal_tpiu_disable                    0x000015d4   Section        0  am_hal_tpiu.o(i.am_hal_tpiu_disable)
    i.am_hal_tpiu_enable                     0x000015e4   Section        0  am_hal_tpiu.o(i.am_hal_tpiu_enable)
    i.am_hal_vcomp_disable                   0x0000166c   Section        0  am_hal_vcomp.o(i.am_hal_vcomp_disable)
    i.am_stimer_cmpr0_isr                    0x00001678   Section        0  port.o(i.am_stimer_cmpr0_isr)
    i.am_systick_isr                         0x00001694   Section        0  port.o(i.am_systick_isr)
    i.am_util_delay_ms                       0x000016c8   Section        0  am_util_delay.o(i.am_util_delay_ms)
    i.am_util_faultisr_collect_data          0x000016e4   Section        0  am_util_faultisr.o(i.am_util_faultisr_collect_data)
    i.am_util_stdio_printf                   0x0000179c   Section        0  am_util_stdio.o(i.am_util_stdio_printf)
    i.am_util_stdio_printf_init              0x000017cc   Section        0  am_util_stdio.o(i.am_util_stdio_printf_init)
    i.am_util_stdio_terminal_clear           0x000017d8   Section        0  am_util_stdio.o(i.am_util_stdio_terminal_clear)
    i.am_util_stdio_vsprintf                 0x000017f8   Section        0  am_util_stdio.o(i.am_util_stdio_vsprintf)
    i.button0_handler                        0x00001bac   Section        0  led_task.o(i.button0_handler)
    i.button1_handler                        0x00001bd8   Section        0  led_task.o(i.button1_handler)
    i.button2_handler                        0x00001c04   Section        0  led_task.o(i.button2_handler)
    i.button_handler                         0x00001c30   Section        0  led_task.o(i.button_handler)
    i.decstr_to_int                          0x00001c70   Section        0  am_util_stdio.o(i.decstr_to_int)
    decstr_to_int                            0x00001c71   Thumb Code    66  am_util_stdio.o(i.decstr_to_int)
    i.disable_print_interface                0x00001cb2   Section        0  freertos_lowpower.o(i.disable_print_interface)
    i.divu64_10                              0x00001cbe   Section        0  am_util_stdio.o(i.divu64_10)
    divu64_10                                0x00001cbf   Thumb Code   204  am_util_stdio.o(i.divu64_10)
    i.eTaskConfirmSleepModeStatus            0x00001d8c   Section        0  tasks.o(i.eTaskConfirmSleepModeStatus)
    i.enable_print_interface                 0x00001dc8   Section        0  freertos_lowpower.o(i.enable_print_interface)
    i.ftoa                                   0x00001de4   Section        0  am_util_stdio.o(i.ftoa)
    ftoa                                     0x00001de5   Thumb Code   334  am_util_stdio.o(i.ftoa)
    i.main                                   0x00001f38   Section        0  freertos_lowpower.o(i.main)
    i.ndigits_in_hex                         0x00001f94   Section        0  am_util_stdio.o(i.ndigits_in_hex)
    ndigits_in_hex                           0x00001f95   Thumb Code    52  am_util_stdio.o(i.ndigits_in_hex)
    i.ndigits_in_i64                         0x00001fc8   Section        0  am_util_stdio.o(i.ndigits_in_i64)
    ndigits_in_i64                           0x00001fc9   Thumb Code    36  am_util_stdio.o(i.ndigits_in_i64)
    i.ndigits_in_u64                         0x00001fec   Section        0  am_util_stdio.o(i.ndigits_in_u64)
    ndigits_in_u64                           0x00001fed   Thumb Code    58  am_util_stdio.o(i.ndigits_in_u64)
    i.padbuffer                              0x00002026   Section        0  am_util_stdio.o(i.padbuffer)
    padbuffer                                0x00002027   Thumb Code    34  am_util_stdio.o(i.padbuffer)
    i.prvAddCurrentTaskToDelayedList         0x00002048   Section        0  tasks.o(i.prvAddCurrentTaskToDelayedList)
    prvAddCurrentTaskToDelayedList           0x00002049   Thumb Code   100  tasks.o(i.prvAddCurrentTaskToDelayedList)
    i.prvAddNewTaskToReadyList               0x000020c4   Section        0  tasks.o(i.prvAddNewTaskToReadyList)
    prvAddNewTaskToReadyList                 0x000020c5   Thumb Code   148  tasks.o(i.prvAddNewTaskToReadyList)
    i.prvCheckForValidListAndQueue           0x00002174   Section        0  timers.o(i.prvCheckForValidListAndQueue)
    prvCheckForValidListAndQueue             0x00002175   Thumb Code    56  timers.o(i.prvCheckForValidListAndQueue)
    i.prvCheckTasksWaitingTermination        0x000021c0   Section        0  tasks.o(i.prvCheckTasksWaitingTermination)
    prvCheckTasksWaitingTermination          0x000021c1   Thumb Code     2  tasks.o(i.prvCheckTasksWaitingTermination)
    i.prvCopyDataFromQueue                   0x000021c2   Section        0  queue.o(i.prvCopyDataFromQueue)
    prvCopyDataFromQueue                     0x000021c3   Thumb Code    42  queue.o(i.prvCopyDataFromQueue)
    i.prvCopyDataToQueue                     0x000021ec   Section        0  queue.o(i.prvCopyDataToQueue)
    prvCopyDataToQueue                       0x000021ed   Thumb Code   106  queue.o(i.prvCopyDataToQueue)
    i.prvGetExpectedIdleTime                 0x00002258   Section        0  tasks.o(i.prvGetExpectedIdleTime)
    prvGetExpectedIdleTime                   0x00002259   Thumb Code    52  tasks.o(i.prvGetExpectedIdleTime)
    i.prvGetNextExpireTime                   0x000022a0   Section        0  timers.o(i.prvGetNextExpireTime)
    prvGetNextExpireTime                     0x000022a1   Thumb Code    36  timers.o(i.prvGetNextExpireTime)
    i.prvHeapInit                            0x000022c8   Section        0  heap_2.o(i.prvHeapInit)
    prvHeapInit                              0x000022c9   Thumb Code    42  heap_2.o(i.prvHeapInit)
    i.prvIdleTask                            0x00002300   Section        0  tasks.o(i.prvIdleTask)
    prvIdleTask                              0x00002301   Thumb Code    90  tasks.o(i.prvIdleTask)
    i.prvInitialiseNewQueue                  0x0000236c   Section        0  queue.o(i.prvInitialiseNewQueue)
    prvInitialiseNewQueue                    0x0000236d   Thumb Code    38  queue.o(i.prvInitialiseNewQueue)
    i.prvInitialiseNewTask                   0x00002392   Section        0  tasks.o(i.prvInitialiseNewTask)
    prvInitialiseNewTask                     0x00002393   Thumb Code   160  tasks.o(i.prvInitialiseNewTask)
    i.prvInitialiseTaskLists                 0x00002434   Section        0  tasks.o(i.prvInitialiseTaskLists)
    prvInitialiseTaskLists                   0x00002435   Thumb Code    64  tasks.o(i.prvInitialiseTaskLists)
    i.prvInsertTimerInActiveList             0x00002490   Section        0  timers.o(i.prvInsertTimerInActiveList)
    prvInsertTimerInActiveList               0x00002491   Thumb Code    80  timers.o(i.prvInsertTimerInActiveList)
    i.prvIsQueueEmpty                        0x000024e8   Section        0  queue.o(i.prvIsQueueEmpty)
    prvIsQueueEmpty                          0x000024e9   Thumb Code    26  queue.o(i.prvIsQueueEmpty)
    i.prvIsQueueFull                         0x00002502   Section        0  queue.o(i.prvIsQueueFull)
    prvIsQueueFull                           0x00002503   Thumb Code    30  queue.o(i.prvIsQueueFull)
    i.prvProcessExpiredTimer                 0x00002520   Section        0  timers.o(i.prvProcessExpiredTimer)
    prvProcessExpiredTimer                   0x00002521   Thumb Code    76  timers.o(i.prvProcessExpiredTimer)
    i.prvProcessReceivedCommands             0x00002570   Section        0  timers.o(i.prvProcessReceivedCommands)
    prvProcessReceivedCommands               0x00002571   Thumb Code   230  timers.o(i.prvProcessReceivedCommands)
    i.prvProcessTimerOrBlockTask             0x0000265c   Section        0  timers.o(i.prvProcessTimerOrBlockTask)
    prvProcessTimerOrBlockTask               0x0000265d   Thumb Code   102  timers.o(i.prvProcessTimerOrBlockTask)
    i.prvResetNextTaskUnblockTime            0x000026d0   Section        0  tasks.o(i.prvResetNextTaskUnblockTime)
    prvResetNextTaskUnblockTime              0x000026d1   Thumb Code    42  tasks.o(i.prvResetNextTaskUnblockTime)
    i.prvSampleTimeNow                       0x00002704   Section        0  timers.o(i.prvSampleTimeNow)
    prvSampleTimeNow                         0x00002705   Thumb Code    40  timers.o(i.prvSampleTimeNow)
    i.prvSwitchTimerLists                    0x00002730   Section        0  timers.o(i.prvSwitchTimerLists)
    prvSwitchTimerLists                      0x00002731   Thumb Code   132  timers.o(i.prvSwitchTimerLists)
    i.prvTaskExitError                       0x000027bc   Section        0  port.o(i.prvTaskExitError)
    prvTaskExitError                         0x000027bd   Thumb Code    42  port.o(i.prvTaskExitError)
    i.prvTestWaitCondition                   0x000027ec   Section        0  event_groups.o(i.prvTestWaitCondition)
    prvTestWaitCondition                     0x000027ed   Thumb Code    30  event_groups.o(i.prvTestWaitCondition)
    i.prvTimerTask                           0x0000280a   Section        0  timers.o(i.prvTimerTask)
    prvTimerTask                             0x0000280b   Thumb Code    26  timers.o(i.prvTimerTask)
    i.prvUnlockQueue                         0x00002824   Section        0  queue.o(i.prvUnlockQueue)
    prvUnlockQueue                           0x00002825   Thumb Code   126  queue.o(i.prvUnlockQueue)
    i.pvPortMalloc                           0x000028a4   Section        0  heap_2.o(i.pvPortMalloc)
    i.pxPortInitialiseStack                  0x00002964   Section        0  port.o(i.pxPortInitialiseStack)
    i.run_tasks                              0x00002990   Section        0  rtos.o(i.run_tasks)
    i.setBuckZX                              0x000029bc   Section        0  am_hal_sysctrl.o(i.setBuckZX)
    setBuckZX                                0x000029bd   Thumb Code   112  am_hal_sysctrl.o(i.setBuckZX)
    i.setup_task                             0x00002a34   Section        0  rtos.o(i.setup_task)
    i.simple_strlen                          0x00002a90   Section        0  am_util_stdio.o(i.simple_strlen)
    simple_strlen                            0x00002a91   Thumb Code    24  am_util_stdio.o(i.simple_strlen)
    i.uint64_to_hexstr                       0x00002aa8   Section        0  am_util_stdio.o(i.uint64_to_hexstr)
    uint64_to_hexstr                         0x00002aa9   Thumb Code   138  am_util_stdio.o(i.uint64_to_hexstr)
    i.uint64_to_str                          0x00002b32   Section        0  am_util_stdio.o(i.uint64_to_str)
    uint64_to_str                            0x00002b33   Thumb Code   112  am_util_stdio.o(i.uint64_to_str)
    i.uxListRemove                           0x00002ba2   Section        0  list.o(i.uxListRemove)
    i.uxTaskResetEventItemValue              0x00002bcc   Section        0  tasks.o(i.uxTaskResetEventItemValue)
    i.vApplicationMallocFailedHook           0x00002be8   Section        0  rtos.o(i.vApplicationMallocFailedHook)
    i.vApplicationStackOverflowHook          0x00002bec   Section        0  rtos.o(i.vApplicationStackOverflowHook)
    i.vEventGroupSetBitsCallback             0x00002bf2   Section        0  event_groups.o(i.vEventGroupSetBitsCallback)
    i.vListInitialise                        0x00002c02   Section        0  list.o(i.vListInitialise)
    i.vListInitialiseItem                    0x00002c1c   Section        0  list.o(i.vListInitialiseItem)
    i.vListInsert                            0x00002c22   Section        0  list.o(i.vListInsert)
    i.vListInsertEnd                         0x00002c56   Section        0  list.o(i.vListInsertEnd)
    i.vPortEnterCritical                     0x00002c70   Section        0  port.o(i.vPortEnterCritical)
    i.vPortExitCritical                      0x00002cb4   Section        0  port.o(i.vPortExitCritical)
    i.vPortFree                              0x00002ce0   Section        0  heap_2.o(i.vPortFree)
    i.vPortSetupTimerInterrupt               0x00002d20   Section        0  port.o(i.vPortSetupTimerInterrupt)
    i.vPortSuppressTicksAndSleep             0x00002d8c   Section        0  port.o(i.vPortSuppressTicksAndSleep)
    i.vPortValidateInterruptPriority         0x00002e50   Section        0  port.o(i.vPortValidateInterruptPriority)
    i.vQueueWaitForMessageRestricted         0x00002ea4   Section        0  queue.o(i.vQueueWaitForMessageRestricted)
    i.vTaskMissedYield                       0x00002ef0   Section        0  tasks.o(i.vTaskMissedYield)
    i.vTaskPlaceOnEventList                  0x00002efc   Section        0  tasks.o(i.vTaskPlaceOnEventList)
    i.vTaskPlaceOnEventListRestricted        0x00002f24   Section        0  tasks.o(i.vTaskPlaceOnEventListRestricted)
    i.vTaskPlaceOnUnorderedEventList         0x00002f54   Section        0  tasks.o(i.vTaskPlaceOnUnorderedEventList)
    i.vTaskSetTimeOutState                   0x00002f9c   Section        0  tasks.o(i.vTaskSetTimeOutState)
    i.vTaskStartScheduler                    0x00002fb8   Section        0  tasks.o(i.vTaskStartScheduler)
    i.vTaskStepTick                          0x0000303c   Section        0  tasks.o(i.vTaskStepTick)
    i.vTaskSuspend                           0x0000306c   Section        0  tasks.o(i.vTaskSuspend)
    i.vTaskSuspendAll                        0x00003114   Section        0  tasks.o(i.vTaskSuspendAll)
    i.vTaskSwitchContext                     0x00003124   Section        0  tasks.o(i.vTaskSwitchContext)
    i.xEventGroupCreate                      0x000031d8   Section        0  event_groups.o(i.xEventGroupCreate)
    i.xEventGroupSetBits                     0x000031f2   Section        0  event_groups.o(i.xEventGroupSetBits)
    i.xEventGroupWaitBits                    0x0000329c   Section        0  event_groups.o(i.xEventGroupWaitBits)
    i.xPortStartScheduler                    0x000033a8   Section        0  port.o(i.xPortStartScheduler)
    i.xPortStimerTickHandler                 0x000034b0   Section        0  port.o(i.xPortStimerTickHandler)
    i.xQueueGenericCreate                    0x0000353c   Section        0  queue.o(i.xQueueGenericCreate)
    i.xQueueGenericReceive                   0x00003584   Section        0  queue.o(i.xQueueGenericReceive)
    i.xQueueGenericReset                     0x000036f4   Section        0  queue.o(i.xQueueGenericReset)
    i.xQueueGenericSend                      0x00003778   Section        0  queue.o(i.xQueueGenericSend)
    i.xQueueGenericSendFromISR               0x000038d8   Section        0  queue.o(i.xQueueGenericSendFromISR)
    i.xTaskCheckForTimeOut                   0x0000399c   Section        0  tasks.o(i.xTaskCheckForTimeOut)
    i.xTaskCreate                            0x00003a04   Section        0  tasks.o(i.xTaskCreate)
    i.xTaskGetSchedulerState                 0x00003a64   Section        0  tasks.o(i.xTaskGetSchedulerState)
    i.xTaskGetTickCount                      0x00003a84   Section        0  tasks.o(i.xTaskGetTickCount)
    i.xTaskIncrementTick                     0x00003a90   Section        0  tasks.o(i.xTaskIncrementTick)
    i.xTaskRemoveFromEventList               0x00003ba8   Section        0  tasks.o(i.xTaskRemoveFromEventList)
    i.xTaskRemoveFromUnorderedEventList      0x00003c30   Section        0  tasks.o(i.xTaskRemoveFromUnorderedEventList)
    i.xTaskResumeAll                         0x00003cb8   Section        0  tasks.o(i.xTaskResumeAll)
    i.xTimerCreateTimerTask                  0x00003da8   Section        0  timers.o(i.xTimerCreateTimerTask)
    i.xTimerGenericCommand                   0x00003dec   Section        0  timers.o(i.xTimerGenericCommand)
    i.xTimerPendFunctionCallFromISR          0x00003e60   Section        0  timers.o(i.xTimerPendFunctionCallFromISR)
    x$fpl$d2f                                0x00003e94   Section       98  d2f.o(x$fpl$d2f)
    $v0                                      0x00003e94   Number         0  d2f.o(x$fpl$d2f)
    x$fpl$dnaninf                            0x00003ef6   Section      156  dnaninf.o(x$fpl$dnaninf)
    $v0                                      0x00003ef6   Number         0  dnaninf.o(x$fpl$dnaninf)
    x$fpl$fpinit                             0x00003f92   Section       10  fpinit.o(x$fpl$fpinit)
    $v0                                      0x00003f92   Number         0  fpinit.o(x$fpl$fpinit)
    x$fpl$fretinf                            0x00003f9c   Section       10  fretinf.o(x$fpl$fretinf)
    $v0                                      0x00003f9c   Number         0  fretinf.o(x$fpl$fretinf)
    .constdata                               0x00003fa6   Section       12  am_hal_cachectrl.o(.constdata)
    x$fpl$usenofp                            0x00003fa6   Section        0  usenofp.o(x$fpl$usenofp)
    .data                                    0x10000000   Section       56  tasks.o(.data)
    pxDelayedTaskList                        0x10000004   Data           4  tasks.o(.data)
    pxOverflowDelayedTaskList                0x10000008   Data           4  tasks.o(.data)
    uxCurrentNumberOfTasks                   0x1000000c   Data           4  tasks.o(.data)
    xTickCount                               0x10000010   Data           4  tasks.o(.data)
    uxTopReadyPriority                       0x10000014   Data           4  tasks.o(.data)
    xSchedulerRunning                        0x10000018   Data           4  tasks.o(.data)
    uxPendedTicks                            0x1000001c   Data           4  tasks.o(.data)
    xYieldPending                            0x10000020   Data           4  tasks.o(.data)
    xNumOfOverflows                          0x10000024   Data           4  tasks.o(.data)
    uxTaskNumber                             0x10000028   Data           4  tasks.o(.data)
    xNextTaskUnblockTime                     0x1000002c   Data           4  tasks.o(.data)
    xIdleTaskHandle                          0x10000030   Data           4  tasks.o(.data)
    uxSchedulerSuspended                     0x10000034   Data           4  tasks.o(.data)
    .data                                    0x10000038   Section       20  timers.o(.data)
    pxCurrentTimerList                       0x10000038   Data           4  timers.o(.data)
    pxOverflowTimerList                      0x1000003c   Data           4  timers.o(.data)
    xTimerQueue                              0x10000040   Data           4  timers.o(.data)
    xTimerTaskHandle                         0x10000044   Data           4  timers.o(.data)
    xLastTime                                0x10000048   Data           4  timers.o(.data)
    .data                                    0x1000004c   Section       24  heap_2.o(.data)
    xStart                                   0x1000004c   Data           8  heap_2.o(.data)
    xEnd                                     0x10000054   Data           8  heap_2.o(.data)
    xFreeBytesRemaining                      0x1000005c   Data           4  heap_2.o(.data)
    xHeapHasBeenInitialised                  0x10000060   Data           4  heap_2.o(.data)
    .data                                    0x10000064   Section        8  led_task.o(.data)
    .data                                    0x1000006c   Section        4  rtos.o(.data)
    .data                                    0x10000070   Section       24  port.o(.data)
    g_lastSTimerVal                          0x10000070   Data           4  port.o(.data)
    uxCriticalNesting                        0x10000074   Data           4  port.o(.data)
    ucMaxSysCallPriority                     0x10000078   Data           1  port.o(.data)
    ulMaxPRIGROUPValue                       0x1000007c   Data           4  port.o(.data)
    xMaximumPossibleSuppressedTicks          0x10000084   Data           4  port.o(.data)
    .data                                    0x10000088   Section        5  am_util_stdio.o(.data)
    g_bTxtXlate                              0x1000008c   Data           1  am_util_stdio.o(.data)
    .data                                    0x10000090   Section        4  am_hal_global.o(.data)
    .data                                    0x10000094   Section       40  am_bsp.o(.data)
    .data                                    0x100000bc   Section       80  am_hal_flash.o(.data)
    .data                                    0x1000010c   Section       28  am_hal_sysctrl.o(.data)
    g_bBuckRestoreComplete                   0x1000010c   Data           1  am_hal_sysctrl.o(.data)
    g_ui32BuckTimer                          0x10000110   Data           4  am_hal_sysctrl.o(.data)
    g_ui32BuckInputs                         0x10000114   Data           4  am_hal_sysctrl.o(.data)
    g_buckZX_chk                             0x10000118   Data           4  am_hal_sysctrl.o(.data)
    g_ui32SaveCoreBuckZX                     0x1000011c   Data           4  am_hal_sysctrl.o(.data)
    g_ui32SaveMemBuckZX                      0x10000120   Data           4  am_hal_sysctrl.o(.data)
    g_ui32CoreBuck                           0x10000124   Data           4  am_hal_sysctrl.o(.data)
    .bss                                     0x10000128   Section      160  tasks.o(.bss)
    pxReadyTasksLists                        0x10000128   Data          80  tasks.o(.bss)
    xDelayedTaskList1                        0x10000178   Data          20  tasks.o(.bss)
    xDelayedTaskList2                        0x1000018c   Data          20  tasks.o(.bss)
    xPendingReadyList                        0x100001a0   Data          20  tasks.o(.bss)
    xSuspendedTaskList                       0x100001b4   Data          20  tasks.o(.bss)
    .bss                                     0x100001c8   Section       40  timers.o(.bss)
    xActiveTimerList1                        0x100001c8   Data          20  timers.o(.bss)
    xActiveTimerList2                        0x100001dc   Data          20  timers.o(.bss)
    .bss                                     0x100001f0   Section    16384  heap_2.o(.bss)
    ucHeap                                   0x100001f0   Data       16384  heap_2.o(.bss)
    .bss                                     0x100041f0   Section      256  am_util_stdio.o(.bss)
    g_prfbuf                                 0x100041f0   Data         256  am_util_stdio.o(.bss)
    .bss                                     0x100042f0   Section       64  am_hal_ctimer.o(.bss)
    .bss                                     0x10004330   Section      256  am_hal_gpio.o(.bss)
    .bss                                     0x10004430   Section       96  libspace.o(.bss)
    HEAP                                     0x10004490   Section        0  startup_keil.o(HEAP)
    STACK                                    0x10004490   Section     8960  startup_keil.o(STACK)
    HeapMem                                  0x10004490   Data           0  startup_keil.o(HEAP)
    StackMem                                 0x10004490   Data           0  startup_keil.o(STACK)

    Global Symbols

    Symbol Name                              Value     Ov Type        Size  Object(Section)

    BuildAttributes$$THM_ISAv4$E$P$D$K$B$S$7EM$VFPi3$EXTD16$VFPS$VFMA$PE$A:L22UL41UL21$X:L11$S22US41US21$IEEE1$IW$USESV6$~STKCKD$USESV7$~SHL$OTIME$ROPI$EBA8$UX$STANDARDLIB$REQ8$EABIv2 0x00000000   Number         0  anon$$obj.o ABSOLUTE
    __ARM_use_no_argv                        0x00000000   Number         0  freertos_lowpower.o ABSOLUTE
    __Vectors                                0x00000000   Data           0  startup_keil.o(RESET)
    __ARM_exceptions_init                     - Undefined Weak Reference
    __alloca_initialize                       - Undefined Weak Reference
    __arm_preinit_                            - Undefined Weak Reference
    __cpp_initialize__aeabi_                  - Undefined Weak Reference
    __cxa_finalize                            - Undefined Weak Reference
    __rt_locale                               - Undefined Weak Reference
    __sigvec_lookup                           - Undefined Weak Reference
    _atexit_init                              - Undefined Weak Reference
    _call_atexit_fns                          - Undefined Weak Reference
    _clock_init                               - Undefined Weak Reference
    _fp_trap_init                             - Undefined Weak Reference
    _fp_trap_shutdown                         - Undefined Weak Reference
    _get_lc_collate                           - Undefined Weak Reference
    _get_lc_ctype                             - Undefined Weak Reference
    _get_lc_monetary                          - Undefined Weak Reference
    _get_lc_numeric                           - Undefined Weak Reference
    _get_lc_time                              - Undefined Weak Reference
    _getenv_init                              - Undefined Weak Reference
    _handle_redirection                       - Undefined Weak Reference
    _init_alloc                               - Undefined Weak Reference
    _init_user_alloc                          - Undefined Weak Reference
    _initio                                   - Undefined Weak Reference
    _rand_init                                - Undefined Weak Reference
    _signal_finish                            - Undefined Weak Reference
    _signal_init                              - Undefined Weak Reference
    _terminate_alloc                          - Undefined Weak Reference
    _terminate_user_alloc                     - Undefined Weak Reference
    _terminateio                              - Undefined Weak Reference
    Reset_Handler                            0x000000c1   Thumb Code    28  startup_keil.o(RESET)
    am_nmi_isr                               0x000000dd   Thumb Code     2  startup_keil.o(RESET)
    am_memmanage_isr                         0x000000e1   Thumb Code     2  startup_keil.o(RESET)
    am_adc_isr                               0x000000e3   Thumb Code     0  startup_keil.o(RESET)
    am_brownout_isr                          0x000000e3   Thumb Code     0  startup_keil.o(RESET)
    am_clkgen_isr                            0x000000e3   Thumb Code     0  startup_keil.o(RESET)
    am_debugmon_isr                          0x000000e3   Thumb Code     0  startup_keil.o(RESET)
    am_flash_isr                             0x000000e3   Thumb Code     0  startup_keil.o(RESET)
    am_iomaster0_isr                         0x000000e3   Thumb Code     0  startup_keil.o(RESET)
    am_iomaster1_isr                         0x000000e3   Thumb Code     0  startup_keil.o(RESET)
    am_iomaster2_isr                         0x000000e3   Thumb Code     0  startup_keil.o(RESET)
    am_iomaster3_isr                         0x000000e3   Thumb Code     0  startup_keil.o(RESET)
    am_iomaster4_isr                         0x000000e3   Thumb Code     0  startup_keil.o(RESET)
    am_iomaster5_isr                         0x000000e3   Thumb Code     0  startup_keil.o(RESET)
    am_ioslave_acc_isr                       0x000000e3   Thumb Code     0  startup_keil.o(RESET)
    am_ioslave_ios_isr                       0x000000e3   Thumb Code     0  startup_keil.o(RESET)
    am_pdm_isr                               0x000000e3   Thumb Code     0  startup_keil.o(RESET)
    am_software0_isr                         0x000000e3   Thumb Code     0  startup_keil.o(RESET)
    am_software1_isr                         0x000000e3   Thumb Code     0  startup_keil.o(RESET)
    am_software2_isr                         0x000000e3   Thumb Code     0  startup_keil.o(RESET)
    am_software3_isr                         0x000000e3   Thumb Code     0  startup_keil.o(RESET)
    am_stimer_cmpr1_isr                      0x000000e3   Thumb Code     0  startup_keil.o(RESET)
    am_stimer_cmpr2_isr                      0x000000e3   Thumb Code     0  startup_keil.o(RESET)
    am_stimer_cmpr3_isr                      0x000000e3   Thumb Code     0  startup_keil.o(RESET)
    am_stimer_cmpr4_isr                      0x000000e3   Thumb Code     0  startup_keil.o(RESET)
    am_stimer_cmpr5_isr                      0x000000e3   Thumb Code     0  startup_keil.o(RESET)
    am_stimer_cmpr6_isr                      0x000000e3   Thumb Code     0  startup_keil.o(RESET)
    am_stimer_cmpr7_isr                      0x000000e3   Thumb Code     0  startup_keil.o(RESET)
    am_stimer_isr                            0x000000e3   Thumb Code     0  startup_keil.o(RESET)
    am_uart0_isr                             0x000000e3   Thumb Code     0  startup_keil.o(RESET)
    am_uart1_isr                             0x000000e3   Thumb Code     0  startup_keil.o(RESET)
    am_uart_isr                              0x000000e3   Thumb Code     0  startup_keil.o(RESET)
    am_vcomp_isr                             0x000000e3   Thumb Code     0  startup_keil.o(RESET)
    am_watchdog_isr                          0x000000e3   Thumb Code     0  startup_keil.o(RESET)
    __main                                   0x000000e9   Thumb Code     8  __main.o(!!!main)
    __scatterload                            0x000000f1   Thumb Code     0  __scatter.o(!!!scatter)
    __scatterload_rt2                        0x000000f1   Thumb Code    44  __scatter.o(!!!scatter)
    __scatterload_rt2_thumb_only             0x000000f1   Thumb Code     0  __scatter.o(!!!scatter)
    __scatterload_null                       0x000000ff   Thumb Code     0  __scatter.o(!!!scatter)
    __scatterload_copy                       0x00000125   Thumb Code    26  __scatter_copy.o(!!handler_copy)
    __scatterload_zeroinit                   0x00000141   Thumb Code    28  __scatter_zi.o(!!handler_zi)
    __rt_lib_init                            0x0000015d   Thumb Code     0  libinit.o(.ARM.Collect$$libinit$$00000000)
    __rt_lib_init_fp_1                       0x0000015f   Thumb Code     0  libinit2.o(.ARM.Collect$$libinit$$00000001)
    __rt_lib_init_alloca_1                   0x00000163   Thumb Code     0  libinit2.o(.ARM.Collect$$libinit$$0000002E)
    __rt_lib_init_argv_1                     0x00000163   Thumb Code     0  libinit2.o(.ARM.Collect$$libinit$$0000002C)
    __rt_lib_init_atexit_1                   0x00000163   Thumb Code     0  libinit2.o(.ARM.Collect$$libinit$$0000001B)
    __rt_lib_init_clock_1                    0x00000163   Thumb Code     0  libinit2.o(.ARM.Collect$$libinit$$00000021)
    __rt_lib_init_cpp_1                      0x00000163   Thumb Code     0  libinit2.o(.ARM.Collect$$libinit$$00000032)
    __rt_lib_init_exceptions_1               0x00000163   Thumb Code     0  libinit2.o(.ARM.Collect$$libinit$$00000030)
    __rt_lib_init_fp_trap_1                  0x00000163   Thumb Code     0  libinit2.o(.ARM.Collect$$libinit$$0000001F)
    __rt_lib_init_getenv_1                   0x00000163   Thumb Code     0  libinit2.o(.ARM.Collect$$libinit$$00000023)
    __rt_lib_init_heap_1                     0x00000163   Thumb Code     0  libinit2.o(.ARM.Collect$$libinit$$0000000A)
    __rt_lib_init_lc_collate_1               0x00000163   Thumb Code     0  libinit2.o(.ARM.Collect$$libinit$$00000011)
    __rt_lib_init_lc_ctype_1                 0x00000163   Thumb Code     0  libinit2.o(.ARM.Collect$$libinit$$00000013)
    __rt_lib_init_lc_monetary_1              0x00000163   Thumb Code     0  libinit2.o(.ARM.Collect$$libinit$$00000015)
    __rt_lib_init_lc_numeric_1               0x00000163   Thumb Code     0  libinit2.o(.ARM.Collect$$libinit$$00000017)
    __rt_lib_init_lc_time_1                  0x00000163   Thumb Code     0  libinit2.o(.ARM.Collect$$libinit$$00000019)
    __rt_lib_init_preinit_1                  0x00000163   Thumb Code     0  libinit2.o(.ARM.Collect$$libinit$$00000004)
    __rt_lib_init_rand_1                     0x00000163   Thumb Code     0  libinit2.o(.ARM.Collect$$libinit$$0000000E)
    __rt_lib_init_return                     0x00000163   Thumb Code     0  libinit2.o(.ARM.Collect$$libinit$$00000033)
    __rt_lib_init_signal_1                   0x00000163   Thumb Code     0  libinit2.o(.ARM.Collect$$libinit$$0000001D)
    __rt_lib_init_stdio_1                    0x00000163   Thumb Code     0  libinit2.o(.ARM.Collect$$libinit$$00000025)
    __rt_lib_init_user_alloc_1               0x00000163   Thumb Code     0  libinit2.o(.ARM.Collect$$libinit$$0000000C)
    __rt_lib_shutdown                        0x00000165   Thumb Code     0  libshutdown.o(.ARM.Collect$$libshutdown$$00000000)
    __rt_lib_shutdown_cpp_1                  0x00000167   Thumb Code     0  libshutdown2.o(.ARM.Collect$$libshutdown$$00000002)
    __rt_lib_shutdown_fp_trap_1              0x00000167   Thumb Code     0  libshutdown2.o(.ARM.Collect$$libshutdown$$00000007)
    __rt_lib_shutdown_heap_1                 0x00000167   Thumb Code     0  libshutdown2.o(.ARM.Collect$$libshutdown$$0000000F)
    __rt_lib_shutdown_return                 0x00000167   Thumb Code     0  libshutdown2.o(.ARM.Collect$$libshutdown$$00000010)
    __rt_lib_shutdown_signal_1               0x00000167   Thumb Code     0  libshutdown2.o(.ARM.Collect$$libshutdown$$0000000A)
    __rt_lib_shutdown_stdio_1                0x00000167   Thumb Code     0  libshutdown2.o(.ARM.Collect$$libshutdown$$00000004)
    __rt_lib_shutdown_user_alloc_1           0x00000167   Thumb Code     0  libshutdown2.o(.ARM.Collect$$libshutdown$$0000000C)
    __rt_entry                               0x00000169   Thumb Code     0  __rtentry.o(.ARM.Collect$$rtentry$$00000000)
    __rt_entry_presh_1                       0x00000169   Thumb Code     0  __rtentry2.o(.ARM.Collect$$rtentry$$00000002)
    __rt_entry_sh                            0x00000169   Thumb Code     0  __rtentry4.o(.ARM.Collect$$rtentry$$00000004)
    __rt_entry_li                            0x0000016f   Thumb Code     0  __rtentry2.o(.ARM.Collect$$rtentry$$0000000A)
    __rt_entry_postsh_1                      0x0000016f   Thumb Code     0  __rtentry2.o(.ARM.Collect$$rtentry$$00000009)
    __rt_entry_main                          0x00000173   Thumb Code     0  __rtentry2.o(.ARM.Collect$$rtentry$$0000000D)
    __rt_entry_postli_1                      0x00000173   Thumb Code     0  __rtentry2.o(.ARM.Collect$$rtentry$$0000000C)
    __rt_exit                                0x0000017b   Thumb Code     0  rtexit.o(.ARM.Collect$$rtexit$$00000000)
    __rt_exit_ls                             0x0000017d   Thumb Code     0  rtexit2.o(.ARM.Collect$$rtexit$$00000003)
    __rt_exit_prels_1                        0x0000017d   Thumb Code     0  rtexit2.o(.ARM.Collect$$rtexit$$00000002)
    __rt_exit_exit                           0x00000181   Thumb Code     0  rtexit2.o(.ARM.Collect$$rtexit$$00000004)
    am_svcall_isr                            0x00000189   Thumb Code    28  port.o(.emb_text)
    __asm___6_port_c_39a90d8d__prvStartFirstTask 0x000001a9   Thumb Code    28  port.o(.emb_text)
    __asm___6_port_c_39a90d8d__prvEnableVFP  0x000001c9   Thumb Code    16  port.o(.emb_text)
    am_pendsv_isr                            0x000001dd   Thumb Code    88  port.o(.emb_text)
    vPortGetIPSR                             0x00000239   Thumb Code     6  port.o(.emb_text)
    am_fault_isr                             0x00000241   Thumb Code    12  am_util_faultisr.o(.emb_text)
    getStackedReg                            0x0000024d   Thumb Code     8  am_util_faultisr.o(.emb_text)
    am_hal_interrupt_master_enable           0x00000255   Thumb Code     8  am_hal_interrupt.o(.emb_text)
    am_hal_interrupt_master_disable          0x0000025d   Thumb Code     8  am_hal_interrupt.o(.emb_text)
    am_hal_interrupt_master_set              0x00000265   Thumb Code     6  am_hal_interrupt.o(.emb_text)
    __user_initial_stackheap                 0x0000026d   Thumb Code    10  startup_keil.o(.text)
    __aeabi_memcpy                           0x00000285   Thumb Code     0  rt_memcpy_v6.o(.text)
    __rt_memcpy                              0x00000285   Thumb Code   138  rt_memcpy_v6.o(.text)
    _memcpy_lastbytes                        0x000002eb   Thumb Code     0  rt_memcpy_v6.o(.text)
    __aeabi_memset                           0x0000030f   Thumb Code    16  aeabi_memset.o(.text)
    __aeabi_memclr4                          0x0000031f   Thumb Code     0  rt_memclr_w.o(.text)
    __aeabi_memclr8                          0x0000031f   Thumb Code     0  rt_memclr_w.o(.text)
    __rt_memclr_w                            0x0000031f   Thumb Code    78  rt_memclr_w.o(.text)
    _memset_w                                0x00000323   Thumb Code     0  rt_memclr_w.o(.text)
    __use_two_region_memory                  0x0000036d   Thumb Code     2  heapauxi.o(.text)
    __rt_heap_escrow$2region                 0x0000036f   Thumb Code     2  heapauxi.o(.text)
    __rt_heap_expand$2region                 0x00000371   Thumb Code     2  heapauxi.o(.text)
    __aeabi_memcpy4                          0x00000373   Thumb Code     0  rt_memcpy_w.o(.text)
    __aeabi_memcpy8                          0x00000373   Thumb Code     0  rt_memcpy_w.o(.text)
    __rt_memcpy_w                            0x00000373   Thumb Code   100  rt_memcpy_w.o(.text)
    _memcpy_lastbytes_aligned                0x000003bb   Thumb Code     0  rt_memcpy_w.o(.text)
    __aeabi_memclr                           0x000003d7   Thumb Code     0  rt_memclr.o(.text)
    __rt_memclr                              0x000003d7   Thumb Code    68  rt_memclr.o(.text)
    _memset                                  0x000003db   Thumb Code     0  rt_memclr.o(.text)
    __user_setup_stackheap                   0x0000041b   Thumb Code    74  sys_stackheap_outer.o(.text)
    exit                                     0x00000465   Thumb Code    18  exit.o(.text)
    __user_libspace                          0x00000479   Thumb Code     8  libspace.o(.text)
    __user_perproc_libspace                  0x00000479   Thumb Code     0  libspace.o(.text)
    __user_perthread_libspace                0x00000479   Thumb Code     0  libspace.o(.text)
    _sys_exit                                0x00000481   Thumb Code     8  sys_exit.o(.text)
    __I$use$semihosting                      0x0000048d   Thumb Code     0  use_no_semi.o(.text)
    __use_no_semihosting_swi                 0x0000048d   Thumb Code     2  use_no_semi.o(.text)
    __semihosting_library_function           0x0000048f   Thumb Code     0  indicate_semi.o(.text)
    LedTask                                  0x00000491   Thumb Code    72  led_task.o(i.LedTask)
    LedTaskSetup                             0x000004e1   Thumb Code   474  led_task.o(i.LedTaskSetup)
    am_bsp_debug_printf_disable              0x000006e9   Thumb Code    86  am_bsp.o(i.am_bsp_debug_printf_disable)
    am_bsp_debug_printf_enable               0x00000749   Thumb Code    92  am_bsp.o(i.am_bsp_debug_printf_enable)
    am_bsp_low_power_init                    0x000007b9   Thumb Code    34  am_bsp.o(i.am_bsp_low_power_init)
    am_ctimer_isr                            0x000007db   Thumb Code    24  rtos.o(i.am_ctimer_isr)
    am_devices_led_array_init                0x000007f3   Thumb Code    26  am_devices_led.o(i.am_devices_led_array_init)
    am_devices_led_init                      0x0000080d   Thumb Code   550  am_devices_led.o(i.am_devices_led_init)
    am_devices_led_off                       0x00000a39   Thumb Code   122  am_devices_led.o(i.am_devices_led_off)
    am_devices_led_toggle                    0x00000ab9   Thumb Code   158  am_devices_led.o(i.am_devices_led_toggle)
    am_freertos_sleep                        0x00000b5d   Thumb Code    14  rtos.o(i.am_freertos_sleep)
    am_freertos_wakeup                       0x00000b6b   Thumb Code     2  rtos.o(i.am_freertos_wakeup)
    am_gpio_isr                              0x00000b6d   Thumb Code    30  led_task.o(i.am_gpio_isr)
    am_hal_cachectrl_enable                  0x00000b8d   Thumb Code   204  am_hal_cachectrl.o(i.am_hal_cachectrl_enable)
    am_hal_clkgen_osc_stop                   0x00000c5d   Thumb Code    20  am_hal_clkgen.o(i.am_hal_clkgen_osc_stop)
    am_hal_clkgen_sysclk_get                 0x00000c71   Thumb Code    28  am_hal_clkgen.o(i.am_hal_clkgen_sysclk_get)
    am_hal_clkgen_sysclk_select              0x00000c95   Thumb Code    32  am_hal_clkgen.o(i.am_hal_clkgen_sysclk_select)
    am_hal_ctimer_clear                      0x00000d01   Thumb Code    36  am_hal_ctimer.o(i.am_hal_ctimer_clear)
    am_hal_ctimer_int_clear                  0x00000d29   Thumb Code     8  am_hal_ctimer.o(i.am_hal_ctimer_int_clear)
    am_hal_ctimer_int_service                0x00000d35   Thumb Code    46  am_hal_ctimer.o(i.am_hal_ctimer_int_service)
    am_hal_ctimer_int_status_get             0x00000d69   Thumb Code    44  am_hal_ctimer.o(i.am_hal_ctimer_int_status_get)
    am_hal_ctimer_period_set                 0x00000d99   Thumb Code   112  am_hal_ctimer.o(i.am_hal_ctimer_period_set)
    am_hal_ctimer_start                      0x00000e15   Thumb Code    42  am_hal_ctimer.o(i.am_hal_ctimer_start)
    am_hal_debug_error                       0x00000e45   Thumb Code     2  am_hal_debug.o(i.am_hal_debug_error)
    am_hal_flash_delay                       0x00000e49   Thumb Code     6  am_hal_flash.o(i.am_hal_flash_delay)
    am_hal_gpio_int_clear                    0x00000e55   Thumb Code    30  am_hal_gpio.o(i.am_hal_gpio_int_clear)
    am_hal_gpio_int_enable                   0x00000e79   Thumb Code    24  am_hal_gpio.o(i.am_hal_gpio_int_enable)
    am_hal_gpio_int_register                 0x00000e95   Thumb Code    30  am_hal_gpio.o(i.am_hal_gpio_int_register)
    am_hal_gpio_int_service                  0x00000ee9   Thumb Code    84  am_hal_gpio.o(i.am_hal_gpio_int_service)
    am_hal_gpio_int_status_get               0x00000f41   Thumb Code    66  am_hal_gpio.o(i.am_hal_gpio_int_status_get)
    am_hal_gpio_out_enable_bit_get           0x00000f89   Thumb Code    36  am_hal_gpio.o(i.am_hal_gpio_out_enable_bit_get)
    am_hal_interrupt_enable                  0x00000fad   Thumb Code    70  am_hal_interrupt.o(i.am_hal_interrupt_enable)
    am_hal_interrupt_priority_set            0x00000ff9   Thumb Code    46  am_hal_interrupt.o(i.am_hal_interrupt_priority_set)
    am_hal_itm_disable                       0x0000102d   Thumb Code    72  am_hal_itm.o(i.am_hal_itm_disable)
    am_hal_itm_enable                        0x00001091   Thumb Code    56  am_hal_itm.o(i.am_hal_itm_enable)
    am_hal_itm_not_busy                      0x000010e9   Thumb Code    18  am_hal_itm.o(i.am_hal_itm_not_busy)
    am_hal_itm_print                         0x00001101   Thumb Code    48  am_hal_itm.o(i.am_hal_itm_print)
    am_hal_mcuctrl_fault_status              0x00001131   Thumb Code    52  am_hal_mcuctrl.o(i.am_hal_mcuctrl_fault_status)
    am_hal_pwrctrl_bucks_disable             0x00001169   Thumb Code    68  am_hal_pwrctrl.o(i.am_hal_pwrctrl_bucks_disable)
    am_hal_pwrctrl_bucks_enable              0x000011b5   Thumb Code    46  am_hal_pwrctrl.o(i.am_hal_pwrctrl_bucks_enable)
    am_hal_pwrctrl_bucks_init                0x000011e9   Thumb Code    60  am_hal_pwrctrl.o(i.am_hal_pwrctrl_bucks_init)
    am_hal_pwrctrl_low_power_init            0x00001229   Thumb Code    20  am_hal_pwrctrl.o(i.am_hal_pwrctrl_low_power_init)
    am_hal_pwrctrl_memory_enable             0x00001241   Thumb Code   372  am_hal_pwrctrl.o(i.am_hal_pwrctrl_memory_enable)
    am_hal_rtc_osc_disable                   0x000013c1   Thumb Code    14  am_hal_rtc.o(i.am_hal_rtc_osc_disable)
    am_hal_rtc_osc_select                    0x000013cf   Thumb Code    22  am_hal_rtc.o(i.am_hal_rtc_osc_select)
    am_hal_stimer_compare_delta_set          0x000013e5   Thumb Code    78  am_hal_stimer.o(i.am_hal_stimer_compare_delta_set)
    am_hal_stimer_config                     0x00001439   Thumb Code    58  am_hal_stimer.o(i.am_hal_stimer_config)
    am_hal_stimer_counter_get                0x0000147d   Thumb Code     8  am_hal_stimer.o(i.am_hal_stimer_counter_get)
    am_hal_stimer_int_clear                  0x00001489   Thumb Code     8  am_hal_stimer.o(i.am_hal_stimer_int_clear)
    am_hal_stimer_int_enable                 0x00001495   Thumb Code    14  am_hal_stimer.o(i.am_hal_stimer_int_enable)
    am_hal_stimer_int_status_get             0x000014a9   Thumb Code    18  am_hal_stimer.o(i.am_hal_stimer_int_status_get)
    am_hal_sysctrl_fpu_enable                0x000014c1   Thumb Code    10  am_hal_sysctrl.o(i.am_hal_sysctrl_fpu_enable)
    am_hal_sysctrl_fpu_stacking_enable       0x000014d1   Thumb Code    20  am_hal_sysctrl.o(i.am_hal_sysctrl_fpu_stacking_enable)
    am_hal_sysctrl_sleep                     0x000014e9   Thumb Code   218  am_hal_sysctrl.o(i.am_hal_sysctrl_sleep)
    am_hal_tpiu_disable                      0x000015d5   Thumb Code    10  am_hal_tpiu.o(i.am_hal_tpiu_disable)
    am_hal_tpiu_enable                       0x000015e5   Thumb Code   116  am_hal_tpiu.o(i.am_hal_tpiu_enable)
    am_hal_vcomp_disable                     0x0000166d   Thumb Code     8  am_hal_vcomp.o(i.am_hal_vcomp_disable)
    am_stimer_cmpr0_isr                      0x00001679   Thumb Code    28  port.o(i.am_stimer_cmpr0_isr)
    am_systick_isr                           0x00001695   Thumb Code    46  port.o(i.am_systick_isr)
    am_util_delay_ms                         0x000016c9   Thumb Code    28  am_util_delay.o(i.am_util_delay_ms)
    am_util_faultisr_collect_data            0x000016e5   Thumb Code   178  am_util_faultisr.o(i.am_util_faultisr_collect_data)
    am_util_stdio_printf                     0x0000179d   Thumb Code    40  am_util_stdio.o(i.am_util_stdio_printf)
    am_util_stdio_printf_init                0x000017cd   Thumb Code     6  am_util_stdio.o(i.am_util_stdio_printf_init)
    am_util_stdio_terminal_clear             0x000017d9   Thumb Code    10  am_util_stdio.o(i.am_util_stdio_terminal_clear)
    am_util_stdio_vsprintf                   0x000017f9   Thumb Code   932  am_util_stdio.o(i.am_util_stdio_vsprintf)
    button0_handler                          0x00001bad   Thumb Code    40  led_task.o(i.button0_handler)
    button1_handler                          0x00001bd9   Thumb Code    40  led_task.o(i.button1_handler)
    button2_handler                          0x00001c05   Thumb Code    40  led_task.o(i.button2_handler)
    button_handler                           0x00001c31   Thumb Code    52  led_task.o(i.button_handler)
    disable_print_interface                  0x00001cb3   Thumb Code    12  freertos_lowpower.o(i.disable_print_interface)
    eTaskConfirmSleepModeStatus              0x00001d8d   Thumb Code    42  tasks.o(i.eTaskConfirmSleepModeStatus)
    enable_print_interface                   0x00001dc9   Thumb Code    22  freertos_lowpower.o(i.enable_print_interface)
    main                                     0x00001f39   Thumb Code    58  freertos_lowpower.o(i.main)
    pvPortMalloc                             0x000028a5   Thumb Code   176  heap_2.o(i.pvPortMalloc)
    pxPortInitialiseStack                    0x00002965   Thumb Code    38  port.o(i.pxPortInitialiseStack)
    run_tasks                                0x00002991   Thumb Code    28  rtos.o(i.run_tasks)
    setup_task                               0x00002a35   Thumb Code    48  rtos.o(i.setup_task)
    uxListRemove                             0x00002ba3   Thumb Code    40  list.o(i.uxListRemove)
    uxTaskResetEventItemValue                0x00002bcd   Thumb Code    24  tasks.o(i.uxTaskResetEventItemValue)
    vApplicationMallocFailedHook             0x00002be9   Thumb Code     4  rtos.o(i.vApplicationMallocFailedHook)
    vApplicationStackOverflowHook            0x00002bed   Thumb Code     6  rtos.o(i.vApplicationStackOverflowHook)
    vEventGroupSetBitsCallback               0x00002bf3   Thumb Code    16  event_groups.o(i.vEventGroupSetBitsCallback)
    vListInitialise                          0x00002c03   Thumb Code    26  list.o(i.vListInitialise)
    vListInitialiseItem                      0x00002c1d   Thumb Code     6  list.o(i.vListInitialiseItem)
    vListInsert                              0x00002c23   Thumb Code    52  list.o(i.vListInsert)
    vListInsertEnd                           0x00002c57   Thumb Code    24  list.o(i.vListInsertEnd)
    vPortEnterCritical                       0x00002c71   Thumb Code    58  port.o(i.vPortEnterCritical)
    vPortExitCritical                        0x00002cb5   Thumb Code    38  port.o(i.vPortExitCritical)
    vPortFree                                0x00002ce1   Thumb Code    56  heap_2.o(i.vPortFree)
    vPortSetupTimerInterrupt                 0x00002d21   Thumb Code    90  port.o(i.vPortSetupTimerInterrupt)
    vPortSuppressTicksAndSleep               0x00002d8d   Thumb Code   184  port.o(i.vPortSuppressTicksAndSleep)
    vPortValidateInterruptPriority           0x00002e51   Thumb Code    70  port.o(i.vPortValidateInterruptPriority)
    vQueueWaitForMessageRestricted           0x00002ea5   Thumb Code    74  queue.o(i.vQueueWaitForMessageRestricted)
    vTaskMissedYield                         0x00002ef1   Thumb Code     8  tasks.o(i.vTaskMissedYield)
    vTaskPlaceOnEventList                    0x00002efd   Thumb Code    34  tasks.o(i.vTaskPlaceOnEventList)
    vTaskPlaceOnEventListRestricted          0x00002f25   Thumb Code    42  tasks.o(i.vTaskPlaceOnEventListRestricted)
    vTaskPlaceOnUnorderedEventList           0x00002f55   Thumb Code    64  tasks.o(i.vTaskPlaceOnUnorderedEventList)
    vTaskSetTimeOutState                     0x00002f9d   Thumb Code    20  tasks.o(i.vTaskSetTimeOutState)
    vTaskStartScheduler                      0x00002fb9   Thumb Code   102  tasks.o(i.vTaskStartScheduler)
    vTaskStepTick                            0x0000303d   Thumb Code    38  tasks.o(i.vTaskStepTick)
    vTaskSuspend                             0x0000306d   Thumb Code   144  tasks.o(i.vTaskSuspend)
    vTaskSuspendAll                          0x00003115   Thumb Code    12  tasks.o(i.vTaskSuspendAll)
    vTaskSwitchContext                       0x00003125   Thumb Code   160  tasks.o(i.vTaskSwitchContext)
    xEventGroupCreate                        0x000031d9   Thumb Code    26  event_groups.o(i.xEventGroupCreate)
    xEventGroupSetBits                       0x000031f3   Thumb Code   170  event_groups.o(i.xEventGroupSetBits)
    xEventGroupWaitBits                      0x0000329d   Thumb Code   262  event_groups.o(i.xEventGroupWaitBits)
    xPortStartScheduler                      0x000033a9   Thumb Code   234  port.o(i.xPortStartScheduler)
    xPortStimerTickHandler                   0x000034b1   Thumb Code   128  port.o(i.xPortStimerTickHandler)
    xQueueGenericCreate                      0x0000353d   Thumb Code    70  queue.o(i.xQueueGenericCreate)
    xQueueGenericReceive                     0x00003585   Thumb Code   362  queue.o(i.xQueueGenericReceive)
    xQueueGenericReset                       0x000036f5   Thumb Code   128  queue.o(i.xQueueGenericReset)
    xQueueGenericSend                        0x00003779   Thumb Code   348  queue.o(i.xQueueGenericSend)
    xQueueGenericSendFromISR                 0x000038d9   Thumb Code   194  queue.o(i.xQueueGenericSendFromISR)
    xTaskCheckForTimeOut                     0x0000399d   Thumb Code    96  tasks.o(i.xTaskCheckForTimeOut)
    xTaskCreate                              0x00003a05   Thumb Code    96  tasks.o(i.xTaskCreate)
    xTaskGetSchedulerState                   0x00003a65   Thumb Code    24  tasks.o(i.xTaskGetSchedulerState)
    xTaskGetTickCount                        0x00003a85   Thumb Code     6  tasks.o(i.xTaskGetTickCount)
    xTaskIncrementTick                       0x00003a91   Thumb Code   236  tasks.o(i.xTaskIncrementTick)
    xTaskRemoveFromEventList                 0x00003ba9   Thumb Code   112  tasks.o(i.xTaskRemoveFromEventList)
    xTaskRemoveFromUnorderedEventList        0x00003c31   Thumb Code   116  tasks.o(i.xTaskRemoveFromUnorderedEventList)
    xTaskResumeAll                           0x00003cb9   Thumb Code   204  tasks.o(i.xTaskResumeAll)
    xTimerCreateTimerTask                    0x00003da9   Thumb Code    48  timers.o(i.xTimerCreateTimerTask)
    xTimerGenericCommand                     0x00003ded   Thumb Code   110  timers.o(i.xTimerGenericCommand)
    xTimerPendFunctionCallFromISR            0x00003e61   Thumb Code    48  timers.o(i.xTimerPendFunctionCallFromISR)
    __aeabi_d2f                              0x00003e95   Thumb Code     0  d2f.o(x$fpl$d2f)
    _d2f                                     0x00003e95   Thumb Code    98  d2f.o(x$fpl$d2f)
    __fpl_dnaninf                            0x00003ef7   Thumb Code   156  dnaninf.o(x$fpl$dnaninf)
    _fp_init                                 0x00003f93   Thumb Code    10  fpinit.o(x$fpl$fpinit)
    __fplib_config_fpu_vfp                   0x00003f9b   Thumb Code     0  fpinit.o(x$fpl$fpinit)
    __fplib_config_pureend_doubles           0x00003f9b   Thumb Code     0  fpinit.o(x$fpl$fpinit)
    __fpl_fretinf                            0x00003f9d   Thumb Code    10  fretinf.o(x$fpl$fretinf)
    __I$use$fp                               0x00003fa6   Number         0  usenofp.o(x$fpl$usenofp)
    am_hal_cachectrl_defaults                0x00003fa6   Data          12  am_hal_cachectrl.o(.constdata)
    Region$$Table$$Base                      0x00003fb4   Number         0  anon$$obj.o(Region$$Table)
    Region$$Table$$Limit                     0x00003fd4   Number         0  anon$$obj.o(Region$$Table)
    pxCurrentTCB                             0x10000000   Data           4  tasks.o(.data)
    led_task_handle                          0x10000064   Data           4  led_task.o(.data)
    xLedEventHandle                          0x10000068   Data           4  led_task.o(.data)
    xSetupTask                               0x1000006c   Data           4  rtos.o(.data)
    ulTimerCountsForOneTick                  0x10000080   Data           4  port.o(.data)
    g_pfnCharPrint                           0x10000088   Data           4  am_util_stdio.o(.data)
    g_ui32HALflags                           0x10000090   Data           4  am_hal_global.o(.data)
    am_bsp_psLEDs                            0x10000094   Data          40  am_bsp.o(.data)
    g_am_hal_flash                           0x100000bc   Data          80  am_hal_flash.o(.data)
    am_hal_ctimer_ppfnHandlers               0x100042f0   Data          64  am_hal_ctimer.o(.bss)
    am_hal_gpio_ppfnHandlers                 0x10004330   Data         256  am_hal_gpio.o(.bss)
    __libspace_start                         0x10004430   Data          96  libspace.o(.bss)
    __temporary_stack_top$libspace           0x10004490   Data           0  libspace.o(.bss)



==============================================================================

Memory Map of the image

  Image Entry point : 0x000000e9

  Load Region LR_1 (Base: 0x00000000, Size: 0x000040fc, Max: 0xffffffff, ABSOLUTE)

    Execution Region FLASH (Exec base: 0x00000000, Load base: 0x00000000, Size: 0x00003fd4, Max: 0x00100000, ABSOLUTE)

    Exec Addr    Load Addr    Size         Type   Attr      Idx    E Section Name        Object

    0x00000000   0x00000000   0x000000e8   Code   RO         1457    RESET               startup_keil.o
    0x000000e8   0x000000e8   0x00000008   Code   RO         2063  * !!!main             c_w.l(__main.o)
    0x000000f0   0x000000f0   0x00000034   Code   RO         2231    !!!scatter          c_w.l(__scatter.o)
    0x00000124   0x00000124   0x0000001a   Code   RO         2233    !!handler_copy      c_w.l(__scatter_copy.o)
    0x0000013e   0x0000013e   0x00000002   PAD
    0x00000140   0x00000140   0x0000001c   Code   RO         2235    !!handler_zi        c_w.l(__scatter_zi.o)
    0x0000015c   0x0000015c   0x00000002   Code   RO         2101    .ARM.Collect$$libinit$$00000000  c_w.l(libinit.o)
    0x0000015e   0x0000015e   0x00000004   Code   RO         2107    .ARM.Collect$$libinit$$00000001  c_w.l(libinit2.o)
    0x00000162   0x00000162   0x00000000   Code   RO         2110    .ARM.Collect$$libinit$$00000004  c_w.l(libinit2.o)
    0x00000162   0x00000162   0x00000000   Code   RO         2113    .ARM.Collect$$libinit$$0000000A  c_w.l(libinit2.o)
    0x00000162   0x00000162   0x00000000   Code   RO         2115    .ARM.Collect$$libinit$$0000000C  c_w.l(libinit2.o)
    0x00000162   0x00000162   0x00000000   Code   RO         2117    .ARM.Collect$$libinit$$0000000E  c_w.l(libinit2.o)
    0x00000162   0x00000162   0x00000000   Code   RO         2120    .ARM.Collect$$libinit$$00000011  c_w.l(libinit2.o)
    0x00000162   0x00000162   0x00000000   Code   RO         2122    .ARM.Collect$$libinit$$00000013  c_w.l(libinit2.o)
    0x00000162   0x00000162   0x00000000   Code   RO         2124    .ARM.Collect$$libinit$$00000015  c_w.l(libinit2.o)
    0x00000162   0x00000162   0x00000000   Code   RO         2126    .ARM.Collect$$libinit$$00000017  c_w.l(libinit2.o)
    0x00000162   0x00000162   0x00000000   Code   RO         2128    .ARM.Collect$$libinit$$00000019  c_w.l(libinit2.o)
    0x00000162   0x00000162   0x00000000   Code   RO         2130    .ARM.Collect$$libinit$$0000001B  c_w.l(libinit2.o)
    0x00000162   0x00000162   0x00000000   Code   RO         2132    .ARM.Collect$$libinit$$0000001D  c_w.l(libinit2.o)
    0x00000162   0x00000162   0x00000000   Code   RO         2134    .ARM.Collect$$libinit$$0000001F  c_w.l(libinit2.o)
    0x00000162   0x00000162   0x00000000   Code   RO         2136    .ARM.Collect$$libinit$$00000021  c_w.l(libinit2.o)
    0x00000162   0x00000162   0x00000000   Code   RO         2138    .ARM.Collect$$libinit$$00000023  c_w.l(libinit2.o)
    0x00000162   0x00000162   0x00000000   Code   RO         2140    .ARM.Collect$$libinit$$00000025  c_w.l(libinit2.o)
    0x00000162   0x00000162   0x00000000   Code   RO         2144    .ARM.Collect$$libinit$$0000002C  c_w.l(libinit2.o)
    0x00000162   0x00000162   0x00000000   Code   RO         2146    .ARM.Collect$$libinit$$0000002E  c_w.l(libinit2.o)
    0x00000162   0x00000162   0x00000000   Code   RO         2148    .ARM.Collect$$libinit$$00000030  c_w.l(libinit2.o)
    0x00000162   0x00000162   0x00000000   Code   RO         2150    .ARM.Collect$$libinit$$00000032  c_w.l(libinit2.o)
    0x00000162   0x00000162   0x00000002   Code   RO         2151    .ARM.Collect$$libinit$$00000033  c_w.l(libinit2.o)
    0x00000164   0x00000164   0x00000002   Code   RO         2171    .ARM.Collect$$libshutdown$$00000000  c_w.l(libshutdown.o)
    0x00000166   0x00000166   0x00000000   Code   RO         2184    .ARM.Collect$$libshutdown$$00000002  c_w.l(libshutdown2.o)
    0x00000166   0x00000166   0x00000000   Code   RO         2186    .ARM.Collect$$libshutdown$$00000004  c_w.l(libshutdown2.o)
    0x00000166   0x00000166   0x00000000   Code   RO         2189    .ARM.Collect$$libshutdown$$00000007  c_w.l(libshutdown2.o)
    0x00000166   0x00000166   0x00000000   Code   RO         2192    .ARM.Collect$$libshutdown$$0000000A  c_w.l(libshutdown2.o)
    0x00000166   0x00000166   0x00000000   Code   RO         2194    .ARM.Collect$$libshutdown$$0000000C  c_w.l(libshutdown2.o)
    0x00000166   0x00000166   0x00000000   Code   RO         2197    .ARM.Collect$$libshutdown$$0000000F  c_w.l(libshutdown2.o)
    0x00000166   0x00000166   0x00000002   Code   RO         2198    .ARM.Collect$$libshutdown$$00000010  c_w.l(libshutdown2.o)
    0x00000168   0x00000168   0x00000000   Code   RO         2067    .ARM.Collect$$rtentry$$00000000  c_w.l(__rtentry.o)
    0x00000168   0x00000168   0x00000000   Code   RO         2078    .ARM.Collect$$rtentry$$00000002  c_w.l(__rtentry2.o)
    0x00000168   0x00000168   0x00000006   Code   RO         2090    .ARM.Collect$$rtentry$$00000004  c_w.l(__rtentry4.o)
    0x0000016e   0x0000016e   0x00000000   Code   RO         2080    .ARM.Collect$$rtentry$$00000009  c_w.l(__rtentry2.o)
    0x0000016e   0x0000016e   0x00000004   Code   RO         2081    .ARM.Collect$$rtentry$$0000000A  c_w.l(__rtentry2.o)
    0x00000172   0x00000172   0x00000000   Code   RO         2083    .ARM.Collect$$rtentry$$0000000C  c_w.l(__rtentry2.o)
    0x00000172   0x00000172   0x00000008   Code   RO         2084    .ARM.Collect$$rtentry$$0000000D  c_w.l(__rtentry2.o)
    0x0000017a   0x0000017a   0x00000002   Code   RO         2105    .ARM.Collect$$rtexit$$00000000  c_w.l(rtexit.o)
    0x0000017c   0x0000017c   0x00000000   Code   RO         2153    .ARM.Collect$$rtexit$$00000002  c_w.l(rtexit2.o)
    0x0000017c   0x0000017c   0x00000004   Code   RO         2154    .ARM.Collect$$rtexit$$00000003  c_w.l(rtexit2.o)
    0x00000180   0x00000180   0x00000006   Code   RO         2155    .ARM.Collect$$rtexit$$00000004  c_w.l(rtexit2.o)
    0x00000186   0x00000186   0x00000002   PAD
    0x00000188   0x00000188   0x000000b6   Code   RO         1126    .emb_text           port.o
    0x0000023e   0x0000023e   0x00000002   PAD
    0x00000240   0x00000240   0x00000014   Code   RO         1253    .emb_text           am_util_faultisr.o
    0x00000254   0x00000254   0x00000016   Code   RO         1689    .emb_text           libam_hal.lib(am_hal_interrupt.o)
    0x0000026a   0x0000026a   0x00000002   PAD
    0x0000026c   0x0000026c   0x00000018   Code   RO         1458    .text               startup_keil.o
    0x00000284   0x00000284   0x0000008a   Code   RO         2055    .text               c_w.l(rt_memcpy_v6.o)
    0x0000030e   0x0000030e   0x00000010   Code   RO         2057    .text               c_w.l(aeabi_memset.o)
    0x0000031e   0x0000031e   0x0000004e   Code   RO         2059    .text               c_w.l(rt_memclr_w.o)
    0x0000036c   0x0000036c   0x00000006   Code   RO         2061    .text               c_w.l(heapauxi.o)
    0x00000372   0x00000372   0x00000064   Code   RO         2068    .text               c_w.l(rt_memcpy_w.o)
    0x000003d6   0x000003d6   0x00000044   Code   RO         2070    .text               c_w.l(rt_memclr.o)
    0x0000041a   0x0000041a   0x0000004a   Code   RO         2092    .text               c_w.l(sys_stackheap_outer.o)
    0x00000464   0x00000464   0x00000012   Code   RO         2094    .text               c_w.l(exit.o)
    0x00000476   0x00000476   0x00000002   PAD
    0x00000478   0x00000478   0x00000008   Code   RO         2102    .text               c_w.l(libspace.o)
    0x00000480   0x00000480   0x0000000c   Code   RO         2163    .text               c_w.l(sys_exit.o)
    0x0000048c   0x0000048c   0x00000002   Code   RO         2174    .text               c_w.l(use_no_semi.o)
    0x0000048e   0x0000048e   0x00000000   Code   RO         2176    .text               c_w.l(indicate_semi.o)
    0x0000048e   0x0000048e   0x00000002   PAD
    0x00000490   0x00000490   0x00000050   Code   RO         1009    i.LedTask           led_task.o
    0x000004e0   0x000004e0   0x00000208   Code   RO         1010    i.LedTaskSetup      led_task.o
    0x000006e8   0x000006e8   0x00000060   Code   RO         1466    i.am_bsp_debug_printf_disable  libam_bsp.lib(am_bsp.o)
    0x00000748   0x00000748   0x00000070   Code   RO         1467    i.am_bsp_debug_printf_enable  libam_bsp.lib(am_bsp.o)
    0x000007b8   0x000007b8   0x00000022   Code   RO         1477    i.am_bsp_low_power_init  libam_bsp.lib(am_bsp.o)
    0x000007da   0x000007da   0x00000018   Code   RO         1063    i.am_ctimer_isr     rtos.o
    0x000007f2   0x000007f2   0x0000001a   Code   RO         1402    i.am_devices_led_array_init  am_devices_led.o
    0x0000080c   0x0000080c   0x0000022c   Code   RO         1405    i.am_devices_led_init  am_devices_led.o
    0x00000a38   0x00000a38   0x00000080   Code   RO         1406    i.am_devices_led_off  am_devices_led.o
    0x00000ab8   0x00000ab8   0x000000a4   Code   RO         1408    i.am_devices_led_toggle  am_devices_led.o
    0x00000b5c   0x00000b5c   0x0000000e   Code   RO         1064    i.am_freertos_sleep  rtos.o
    0x00000b6a   0x00000b6a   0x00000002   Code   RO         1065    i.am_freertos_wakeup  rtos.o
    0x00000b6c   0x00000b6c   0x0000001e   Code   RO         1011    i.am_gpio_isr       led_task.o
    0x00000b8a   0x00000b8a   0x00000002   PAD
    0x00000b8c   0x00000b8c   0x000000d0   Code   RO         1505    i.am_hal_cachectrl_enable  libam_hal.lib(am_hal_cachectrl.o)
    0x00000c5c   0x00000c5c   0x00000014   Code   RO         1532    i.am_hal_clkgen_osc_stop  libam_hal.lib(am_hal_clkgen.o)
    0x00000c70   0x00000c70   0x00000024   Code   RO         1533    i.am_hal_clkgen_sysclk_get  libam_hal.lib(am_hal_clkgen.o)
    0x00000c94   0x00000c94   0x0000006c   Code   RO         1534    i.am_hal_clkgen_sysclk_select  libam_hal.lib(am_hal_clkgen.o)
    0x00000d00   0x00000d00   0x00000028   Code   RO         1554    i.am_hal_ctimer_clear  libam_hal.lib(am_hal_ctimer.o)
    0x00000d28   0x00000d28   0x0000000c   Code   RO         1558    i.am_hal_ctimer_int_clear  libam_hal.lib(am_hal_ctimer.o)
    0x00000d34   0x00000d34   0x00000034   Code   RO         1563    i.am_hal_ctimer_int_service  libam_hal.lib(am_hal_ctimer.o)
    0x00000d68   0x00000d68   0x00000030   Code   RO         1565    i.am_hal_ctimer_int_status_get  libam_hal.lib(am_hal_ctimer.o)
    0x00000d98   0x00000d98   0x0000007c   Code   RO         1566    i.am_hal_ctimer_period_set  libam_hal.lib(am_hal_ctimer.o)
    0x00000e14   0x00000e14   0x00000030   Code   RO         1571    i.am_hal_ctimer_start  libam_hal.lib(am_hal_ctimer.o)
    0x00000e44   0x00000e44   0x00000002   Code   RO         1800    i.am_hal_debug_error  libam_hal.lib(am_hal_debug.o)
    0x00000e46   0x00000e46   0x00000002   PAD
    0x00000e48   0x00000e48   0x0000000c   Code   RO         1602    i.am_hal_flash_delay  libam_hal.lib(am_hal_flash.o)
    0x00000e54   0x00000e54   0x00000024   Code   RO         1661    i.am_hal_gpio_int_clear  libam_hal.lib(am_hal_gpio.o)
    0x00000e78   0x00000e78   0x0000001c   Code   RO         1663    i.am_hal_gpio_int_enable  libam_hal.lib(am_hal_gpio.o)
    0x00000e94   0x00000e94   0x00000054   Code   RO         1666    i.am_hal_gpio_int_register  libam_hal.lib(am_hal_gpio.o)
    0x00000ee8   0x00000ee8   0x00000058   Code   RO         1667    i.am_hal_gpio_int_service  libam_hal.lib(am_hal_gpio.o)
    0x00000f40   0x00000f40   0x00000048   Code   RO         1669    i.am_hal_gpio_int_status_get  libam_hal.lib(am_hal_gpio.o)
    0x00000f88   0x00000f88   0x00000024   Code   RO         1670    i.am_hal_gpio_out_enable_bit_get  libam_hal.lib(am_hal_gpio.o)
    0x00000fac   0x00000fac   0x0000004c   Code   RO         1691    i.am_hal_interrupt_enable  libam_hal.lib(am_hal_interrupt.o)
    0x00000ff8   0x00000ff8   0x00000034   Code   RO         1694    i.am_hal_interrupt_priority_set  libam_hal.lib(am_hal_interrupt.o)
    0x0000102c   0x0000102c   0x00000064   Code   RO         1701    i.am_hal_itm_disable  libam_hal.lib(am_hal_itm.o)
    0x00001090   0x00001090   0x00000058   Code   RO         1702    i.am_hal_itm_enable  libam_hal.lib(am_hal_itm.o)
    0x000010e8   0x000010e8   0x00000018   Code   RO         1703    i.am_hal_itm_not_busy  libam_hal.lib(am_hal_itm.o)
    0x00001100   0x00001100   0x00000030   Code   RO         1704    i.am_hal_itm_print  libam_hal.lib(am_hal_itm.o)
    0x00001130   0x00001130   0x00000038   Code   RO         1728    i.am_hal_mcuctrl_fault_status  libam_hal.lib(am_hal_mcuctrl.o)
    0x00001168   0x00001168   0x0000004c   Code   RO         1734    i.am_hal_pwrctrl_bucks_disable  libam_hal.lib(am_hal_pwrctrl.o)
    0x000011b4   0x000011b4   0x00000034   Code   RO         1735    i.am_hal_pwrctrl_bucks_enable  libam_hal.lib(am_hal_pwrctrl.o)
    0x000011e8   0x000011e8   0x00000040   Code   RO         1736    i.am_hal_pwrctrl_bucks_init  libam_hal.lib(am_hal_pwrctrl.o)
    0x00001228   0x00001228   0x00000018   Code   RO         1737    i.am_hal_pwrctrl_low_power_init  libam_hal.lib(am_hal_pwrctrl.o)
    0x00001240   0x00001240   0x00000180   Code   RO         1738    i.am_hal_pwrctrl_memory_enable  libam_hal.lib(am_hal_pwrctrl.o)
    0x000013c0   0x000013c0   0x0000000e   Code   RO         1918    i.am_hal_rtc_osc_disable  libam_hal.lib(am_hal_rtc.o)
    0x000013ce   0x000013ce   0x00000016   Code   RO         1920    i.am_hal_rtc_osc_select  libam_hal.lib(am_hal_rtc.o)
    0x000013e4   0x000013e4   0x00000054   Code   RO         1751    i.am_hal_stimer_compare_delta_set  libam_hal.lib(am_hal_stimer.o)
    0x00001438   0x00001438   0x00000044   Code   RO         1753    i.am_hal_stimer_config  libam_hal.lib(am_hal_stimer.o)
    0x0000147c   0x0000147c   0x0000000c   Code   RO         1755    i.am_hal_stimer_counter_get  libam_hal.lib(am_hal_stimer.o)
    0x00001488   0x00001488   0x0000000c   Code   RO         1756    i.am_hal_stimer_int_clear  libam_hal.lib(am_hal_stimer.o)
    0x00001494   0x00001494   0x00000014   Code   RO         1758    i.am_hal_stimer_int_enable  libam_hal.lib(am_hal_stimer.o)
    0x000014a8   0x000014a8   0x00000018   Code   RO         1761    i.am_hal_stimer_int_status_get  libam_hal.lib(am_hal_stimer.o)
    0x000014c0   0x000014c0   0x00000010   Code   RO         1782    i.am_hal_sysctrl_fpu_enable  libam_hal.lib(am_hal_sysctrl.o)
    0x000014d0   0x000014d0   0x00000018   Code   RO         1784    i.am_hal_sysctrl_fpu_stacking_enable  libam_hal.lib(am_hal_sysctrl.o)
    0x000014e8   0x000014e8   0x000000ec   Code   RO         1785    i.am_hal_sysctrl_sleep  libam_hal.lib(am_hal_sysctrl.o)
    0x000015d4   0x000015d4   0x00000010   Code   RO         1942    i.am_hal_tpiu_disable  libam_hal.lib(am_hal_tpiu.o)
    0x000015e4   0x000015e4   0x00000088   Code   RO         1943    i.am_hal_tpiu_enable  libam_hal.lib(am_hal_tpiu.o)
    0x0000166c   0x0000166c   0x0000000c   Code   RO         2014    i.am_hal_vcomp_disable  libam_hal.lib(am_hal_vcomp.o)
    0x00001678   0x00001678   0x0000001c   Code   RO         1127    i.am_stimer_cmpr0_isr  port.o
    0x00001694   0x00001694   0x00000034   Code   RO         1128    i.am_systick_isr    port.o
    0x000016c8   0x000016c8   0x0000001c   Code   RO         1230    i.am_util_delay_ms  am_util_delay.o
    0x000016e4   0x000016e4   0x000000b8   Code   RO         1254    i.am_util_faultisr_collect_data  am_util_faultisr.o
    0x0000179c   0x0000179c   0x00000030   Code   RO         1269    i.am_util_stdio_printf  am_util_stdio.o
    0x000017cc   0x000017cc   0x0000000c   Code   RO         1270    i.am_util_stdio_printf_init  am_util_stdio.o
    0x000017d8   0x000017d8   0x00000020   Code   RO         1273    i.am_util_stdio_terminal_clear  am_util_stdio.o
    0x000017f8   0x000017f8   0x000003b4   Code   RO         1275    i.am_util_stdio_vsprintf  am_util_stdio.o
    0x00001bac   0x00001bac   0x0000002c   Code   RO         1012    i.button0_handler   led_task.o
    0x00001bd8   0x00001bd8   0x0000002c   Code   RO         1013    i.button1_handler   led_task.o
    0x00001c04   0x00001c04   0x0000002c   Code   RO         1014    i.button2_handler   led_task.o
    0x00001c30   0x00001c30   0x00000040   Code   RO         1015    i.button_handler    led_task.o
    0x00001c70   0x00001c70   0x00000042   Code   RO         1276    i.decstr_to_int     am_util_stdio.o
    0x00001cb2   0x00001cb2   0x0000000c   Code   RO          932    i.disable_print_interface  freertos_lowpower.o
    0x00001cbe   0x00001cbe   0x000000cc   Code   RO         1277    i.divu64_10         am_util_stdio.o
    0x00001d8a   0x00001d8a   0x00000002   PAD
    0x00001d8c   0x00001d8c   0x0000003c   Code   RO          287    i.eTaskConfirmSleepModeStatus  tasks.o
    0x00001dc8   0x00001dc8   0x0000001c   Code   RO          933    i.enable_print_interface  freertos_lowpower.o
    0x00001de4   0x00001de4   0x00000154   Code   RO         1278    i.ftoa              am_util_stdio.o
    0x00001f38   0x00001f38   0x0000005c   Code   RO          934    i.main              freertos_lowpower.o
    0x00001f94   0x00001f94   0x00000034   Code   RO         1279    i.ndigits_in_hex    am_util_stdio.o
    0x00001fc8   0x00001fc8   0x00000024   Code   RO         1280    i.ndigits_in_i64    am_util_stdio.o
    0x00001fec   0x00001fec   0x0000003a   Code   RO         1281    i.ndigits_in_u64    am_util_stdio.o
    0x00002026   0x00002026   0x00000022   Code   RO         1282    i.padbuffer         am_util_stdio.o
    0x00002048   0x00002048   0x0000007c   Code   RO          289    i.prvAddCurrentTaskToDelayedList  tasks.o
    0x000020c4   0x000020c4   0x000000b0   Code   RO          290    i.prvAddNewTaskToReadyList  tasks.o
    0x00002174   0x00002174   0x0000004c   Code   RO          761    i.prvCheckForValidListAndQueue  timers.o
    0x000021c0   0x000021c0   0x00000002   Code   RO          291    i.prvCheckTasksWaitingTermination  tasks.o
    0x000021c2   0x000021c2   0x0000002a   Code   RO          155    i.prvCopyDataFromQueue  queue.o
    0x000021ec   0x000021ec   0x0000006a   Code   RO          156    i.prvCopyDataToQueue  queue.o
    0x00002256   0x00002256   0x00000002   PAD
    0x00002258   0x00002258   0x00000048   Code   RO          292    i.prvGetExpectedIdleTime  tasks.o
    0x000022a0   0x000022a0   0x00000028   Code   RO          762    i.prvGetNextExpireTime  timers.o
    0x000022c8   0x000022c8   0x00000038   Code   RO          894    i.prvHeapInit       heap_2.o
    0x00002300   0x00002300   0x0000006c   Code   RO          293    i.prvIdleTask       tasks.o
    0x0000236c   0x0000236c   0x00000026   Code   RO          157    i.prvInitialiseNewQueue  queue.o
    0x00002392   0x00002392   0x000000a0   Code   RO          294    i.prvInitialiseNewTask  tasks.o
    0x00002432   0x00002432   0x00000002   PAD
    0x00002434   0x00002434   0x0000005c   Code   RO          295    i.prvInitialiseTaskLists  tasks.o
    0x00002490   0x00002490   0x00000058   Code   RO          764    i.prvInsertTimerInActiveList  timers.o
    0x000024e8   0x000024e8   0x0000001a   Code   RO          158    i.prvIsQueueEmpty   queue.o
    0x00002502   0x00002502   0x0000001e   Code   RO          159    i.prvIsQueueFull    queue.o
    0x00002520   0x00002520   0x00000050   Code   RO          765    i.prvProcessExpiredTimer  timers.o
    0x00002570   0x00002570   0x000000ec   Code   RO          766    i.prvProcessReceivedCommands  timers.o
    0x0000265c   0x0000265c   0x00000074   Code   RO          767    i.prvProcessTimerOrBlockTask  timers.o
    0x000026d0   0x000026d0   0x00000034   Code   RO          296    i.prvResetNextTaskUnblockTime  tasks.o
    0x00002704   0x00002704   0x0000002c   Code   RO          768    i.prvSampleTimeNow  timers.o
    0x00002730   0x00002730   0x0000008c   Code   RO          769    i.prvSwitchTimerLists  timers.o
    0x000027bc   0x000027bc   0x00000030   Code   RO         1129    i.prvTaskExitError  port.o
    0x000027ec   0x000027ec   0x0000001e   Code   RO            1    i.prvTestWaitCondition  event_groups.o
    0x0000280a   0x0000280a   0x0000001a   Code   RO          770    i.prvTimerTask      timers.o
    0x00002824   0x00002824   0x0000007e   Code   RO          160    i.prvUnlockQueue    queue.o
    0x000028a2   0x000028a2   0x00000002   PAD
    0x000028a4   0x000028a4   0x000000c0   Code   RO          895    i.pvPortMalloc      heap_2.o
    0x00002964   0x00002964   0x0000002c   Code   RO         1130    i.pxPortInitialiseStack  port.o
    0x00002990   0x00002990   0x0000002c   Code   RO         1066    i.run_tasks         rtos.o
    0x000029bc   0x000029bc   0x00000078   Code   RO         1786    i.setBuckZX         libam_hal.lib(am_hal_sysctrl.o)
    0x00002a34   0x00002a34   0x0000005c   Code   RO         1067    i.setup_task        rtos.o
    0x00002a90   0x00002a90   0x00000018   Code   RO         1283    i.simple_strlen     am_util_stdio.o
    0x00002aa8   0x00002aa8   0x0000008a   Code   RO         1284    i.uint64_to_hexstr  am_util_stdio.o
    0x00002b32   0x00002b32   0x00000070   Code   RO         1285    i.uint64_to_str     am_util_stdio.o
    0x00002ba2   0x00002ba2   0x00000028   Code   RO          110    i.uxListRemove      list.o
    0x00002bca   0x00002bca   0x00000002   PAD
    0x00002bcc   0x00002bcc   0x0000001c   Code   RO          301    i.uxTaskResetEventItemValue  tasks.o
    0x00002be8   0x00002be8   0x00000004   Code   RO         1068    i.vApplicationMallocFailedHook  rtos.o
    0x00002bec   0x00002bec   0x00000006   Code   RO         1069    i.vApplicationStackOverflowHook  rtos.o
    0x00002bf2   0x00002bf2   0x00000010   Code   RO            4    i.vEventGroupSetBitsCallback  event_groups.o
    0x00002c02   0x00002c02   0x0000001a   Code   RO          111    i.vListInitialise   list.o
    0x00002c1c   0x00002c1c   0x00000006   Code   RO          112    i.vListInitialiseItem  list.o
    0x00002c22   0x00002c22   0x00000034   Code   RO          113    i.vListInsert       list.o
    0x00002c56   0x00002c56   0x00000018   Code   RO          114    i.vListInsertEnd    list.o
    0x00002c6e   0x00002c6e   0x00000002   PAD
    0x00002c70   0x00002c70   0x00000044   Code   RO         1132    i.vPortEnterCritical  port.o
    0x00002cb4   0x00002cb4   0x0000002c   Code   RO         1133    i.vPortExitCritical  port.o
    0x00002ce0   0x00002ce0   0x00000040   Code   RO          896    i.vPortFree         heap_2.o
    0x00002d20   0x00002d20   0x0000006c   Code   RO         1134    i.vPortSetupTimerInterrupt  port.o
    0x00002d8c   0x00002d8c   0x000000c4   Code   RO         1135    i.vPortSuppressTicksAndSleep  port.o
    0x00002e50   0x00002e50   0x00000054   Code   RO         1136    i.vPortValidateInterruptPriority  port.o
    0x00002ea4   0x00002ea4   0x0000004a   Code   RO          165    i.vQueueWaitForMessageRestricted  queue.o
    0x00002eee   0x00002eee   0x00000002   PAD
    0x00002ef0   0x00002ef0   0x0000000c   Code   RO          304    i.vTaskMissedYield  tasks.o
    0x00002efc   0x00002efc   0x00000028   Code   RO          306    i.vTaskPlaceOnEventList  tasks.o
    0x00002f24   0x00002f24   0x00000030   Code   RO          307    i.vTaskPlaceOnEventListRestricted  tasks.o
    0x00002f54   0x00002f54   0x00000048   Code   RO          308    i.vTaskPlaceOnUnorderedEventList  tasks.o
    0x00002f9c   0x00002f9c   0x0000001c   Code   RO          310    i.vTaskSetTimeOutState  tasks.o
    0x00002fb8   0x00002fb8   0x00000084   Code   RO          311    i.vTaskStartScheduler  tasks.o
    0x0000303c   0x0000303c   0x00000030   Code   RO          312    i.vTaskStepTick     tasks.o
    0x0000306c   0x0000306c   0x000000a8   Code   RO          313    i.vTaskSuspend      tasks.o
    0x00003114   0x00003114   0x00000010   Code   RO          314    i.vTaskSuspendAll   tasks.o
    0x00003124   0x00003124   0x000000b4   Code   RO          315    i.vTaskSwitchContext  tasks.o
    0x000031d8   0x000031d8   0x0000001a   Code   RO            6    i.xEventGroupCreate  event_groups.o
    0x000031f2   0x000031f2   0x000000aa   Code   RO            8    i.xEventGroupSetBits  event_groups.o
    0x0000329c   0x0000329c   0x0000010c   Code   RO           10    i.xEventGroupWaitBits  event_groups.o
    0x000033a8   0x000033a8   0x00000108   Code   RO         1137    i.xPortStartScheduler  port.o
    0x000034b0   0x000034b0   0x0000008c   Code   RO         1138    i.xPortStimerTickHandler  port.o
    0x0000353c   0x0000353c   0x00000046   Code   RO          166    i.xQueueGenericCreate  queue.o
    0x00003582   0x00003582   0x00000002   PAD
    0x00003584   0x00003584   0x00000170   Code   RO          167    i.xQueueGenericReceive  queue.o
    0x000036f4   0x000036f4   0x00000084   Code   RO          168    i.xQueueGenericReset  queue.o
    0x00003778   0x00003778   0x00000160   Code   RO          169    i.xQueueGenericSend  queue.o
    0x000038d8   0x000038d8   0x000000c2   Code   RO          170    i.xQueueGenericSendFromISR  queue.o
    0x0000399a   0x0000399a   0x00000002   PAD
    0x0000399c   0x0000399c   0x00000068   Code   RO          316    i.xTaskCheckForTimeOut  tasks.o
    0x00003a04   0x00003a04   0x00000060   Code   RO          317    i.xTaskCreate       tasks.o
    0x00003a64   0x00003a64   0x00000020   Code   RO          320    i.xTaskGetSchedulerState  tasks.o
    0x00003a84   0x00003a84   0x0000000c   Code   RO          321    i.xTaskGetTickCount  tasks.o
    0x00003a90   0x00003a90   0x00000118   Code   RO          323    i.xTaskIncrementTick  tasks.o
    0x00003ba8   0x00003ba8   0x00000088   Code   RO          326    i.xTaskRemoveFromEventList  tasks.o
    0x00003c30   0x00003c30   0x00000088   Code   RO          327    i.xTaskRemoveFromUnorderedEventList  tasks.o
    0x00003cb8   0x00003cb8   0x000000f0   Code   RO          328    i.xTaskResumeAll    tasks.o
    0x00003da8   0x00003da8   0x00000044   Code   RO          774    i.xTimerCreateTimerTask  timers.o
    0x00003dec   0x00003dec   0x00000074   Code   RO          775    i.xTimerGenericCommand  timers.o
    0x00003e60   0x00003e60   0x00000034   Code   RO          781    i.xTimerPendFunctionCallFromISR  timers.o
    0x00003e94   0x00003e94   0x00000062   Code   RO         2065    x$fpl$d2f           fz_wm.l(d2f.o)
    0x00003ef6   0x00003ef6   0x0000009c   Code   RO         2072    x$fpl$dnaninf       fz_wm.l(dnaninf.o)
    0x00003f92   0x00003f92   0x0000000a   Code   RO         2161    x$fpl$fpinit        fz_wm.l(fpinit.o)
    0x00003f9c   0x00003f9c   0x0000000a   Code   RO         2074    x$fpl$fretinf       fz_wm.l(fretinf.o)
    0x00003fa6   0x00003fa6   0x00000000   Code   RO         2076    x$fpl$usenofp       fz_wm.l(usenofp.o)
    0x00003fa6   0x00003fa6   0x0000000c   Data   RO         1510    .constdata          libam_hal.lib(am_hal_cachectrl.o)
    0x00003fb2   0x00003fb2   0x00000002   PAD
    0x00003fb4   0x00003fb4   0x00000020   Data   RO         2229    Region$$Table       anon$$obj.o


    Execution Region SRAM (Exec base: 0x10000000, Load base: 0x00003fd4, Size: 0x00006790, Max: 0x00040000, ABSOLUTE)

    Exec Addr    Load Addr    Size         Type   Attr      Idx    E Section Name        Object

    0x10000000   0x00003fd4   0x00000038   Data   RW          331    .data               tasks.o
    0x10000038   0x0000400c   0x00000014   Data   RW          783    .data               timers.o
    0x1000004c   0x00004020   0x00000018   Data   RW          900    .data               heap_2.o
    0x10000064   0x00004038   0x00000008   Data   RW         1016    .data               led_task.o
    0x1000006c   0x00004040   0x00000004   Data   RW         1070    .data               rtos.o
    0x10000070   0x00004044   0x00000018   Data   RW         1139    .data               port.o
    0x10000088   0x0000405c   0x00000005   Data   RW         1287    .data               am_util_stdio.o
    0x1000008d   0x00004061   0x00000003   PAD
    0x10000090   0x00004064   0x00000004   Data   RW         1465    .data               libam_hal.lib(am_hal_global.o)
    0x10000094   0x00004068   0x00000028   Data   RW         1482    .data               libam_bsp.lib(am_bsp.o)
    0x100000bc   0x00004090   0x00000050   Data   RW         1628    .data               libam_hal.lib(am_hal_flash.o)
    0x1000010c   0x000040e0   0x0000001c   Data   RW         1788    .data               libam_hal.lib(am_hal_sysctrl.o)
    0x10000128        -       0x000000a0   Zero   RW          330    .bss                tasks.o
    0x100001c8        -       0x00000028   Zero   RW          782    .bss                timers.o
    0x100001f0        -       0x00004000   Zero   RW          899    .bss                heap_2.o
    0x100041f0        -       0x00000100   Zero   RW         1286    .bss                am_util_stdio.o
    0x100042f0        -       0x00000040   Zero   RW         1573    .bss                libam_hal.lib(am_hal_ctimer.o)
    0x10004330        -       0x00000100   Zero   RW         1674    .bss                libam_hal.lib(am_hal_gpio.o)
    0x10004430        -       0x00000060   Zero   RW         2103    .bss                c_w.l(libspace.o)
    0x10004490        -       0x00000000   Zero   RW         1456    HEAP                startup_keil.o
    0x10004490        -       0x00002300   Zero   RW         1455    STACK               startup_keil.o


==============================================================================

Image component sizes


      Code (inc. data)   RO Data    RW Data    ZI Data      Debug   Object Name

       874         18          0          0          0       3367   am_devices_led.o
        28          0          0          0          0        639   am_util_delay.o
       204          6          0          0          0       2056   am_util_faultisr.o
      2104         58          0          5        256      12812   am_util_stdio.o
       510          6          0          0          0      24948   event_groups.o
       132         40          0          0          0       3562   freertos_lowpower.o
       312         38          0         24      16384       4063   heap_2.o
       826         78          0          8          0       5252   led_task.o
       148          0          0          0          0       8726   list.o
      1258        136          0         24          0      14994   port.o
      1558         14          0          0          0      15086   queue.o
       186         60          0          4          0       3990   rtos.o
       256        210          0          0       8960       1008   startup_keil.o
      2654        416          0         56        160      34882   tasks.o
      1082        108          0         20         40      13711   timers.o

    ----------------------------------------------------------------------
     12154       1188         32        144      25800     149096   Object Totals
         0          0         32          0          0          0   (incl. Generated)
        22          0          0          3          0          0   (incl. Padding)

    ----------------------------------------------------------------------

      Code (inc. data)   RO Data    RW Data    ZI Data      Debug   Library Member Name

         8          0          0          0          0         68   __main.o
         0          0          0          0          0          0   __rtentry.o
        12          0          0          0          0          0   __rtentry2.o
         6          0          0          0          0          0   __rtentry4.o
        52          8          0          0          0          0   __scatter.o
        26          0          0          0          0          0   __scatter_copy.o
        28          0          0          0          0          0   __scatter_zi.o
        16          0          0          0          0         68   aeabi_memset.o
        18          0          0          0          0         80   exit.o
         6          0          0          0          0        152   heapauxi.o
         0          0          0          0          0          0   indicate_semi.o
         2          0          0          0          0          0   libinit.o
         6          0          0          0          0          0   libinit2.o
         2          0          0          0          0          0   libshutdown.o
         2          0          0          0          0          0   libshutdown2.o
         8          4          0          0         96         68   libspace.o
        68          0          0          0          0         68   rt_memclr.o
        78          0          0          0          0         80   rt_memclr_w.o
       138          0          0          0          0         68   rt_memcpy_v6.o
       100          0          0          0          0         80   rt_memcpy_w.o
         2          0          0          0          0          0   rtexit.o
        10          0          0          0          0          0   rtexit2.o
        12          4          0          0          0         68   sys_exit.o
        74          0          0          0          0         80   sys_stackheap_outer.o
         2          0          0          0          0         68   use_no_semi.o
        98          4          0          0          0        140   d2f.o
       156          4          0          0          0        140   dnaninf.o
        10          0          0          0          0        116   fpinit.o
        10          0          0          0          0        116   fretinf.o
         0          0          0          0          0          0   usenofp.o
       242         30          0         40          0        384   am_bsp.o
       208          4         12          0          0        128   am_hal_cachectrl.o
       164         84          0          0          0        356   am_hal_clkgen.o
       324         36          0          0         64        748   am_hal_ctimer.o
         2          0          0          0          0        116   am_hal_debug.o
        12          6          0         80          0        116   am_hal_flash.o
         0          0          0          4          0          0   am_hal_global.o
       344         74          0          0        256        744   am_hal_gpio.o
       150         12          0          0          0        388   am_hal_interrupt.o
       260         66          0          0          0        464   am_hal_itm.o
        56          4          0          0          0        116   am_hal_mcuctrl.o
       600         34          0          0          0        600   am_hal_pwrctrl.o
        36          0          0          0          0        232   am_hal_rtc.o
       220         36          0          0          0        720   am_hal_stimer.o
       396         36          0         28          0        504   am_hal_sysctrl.o
       152         26          0          0          0        260   am_hal_tpiu.o
        12          4          0          0          0        116   am_hal_vcomp.o

    ----------------------------------------------------------------------
      4140        476         14        152        416       7452   Library Totals
        12          0          2          0          0          0   (incl. Padding)

    ----------------------------------------------------------------------

      Code (inc. data)   RO Data    RW Data    ZI Data      Debug   Library Name

       676         16          0          0         96        948   c_w.l
       274          8          0          0          0        512   fz_wm.l
       242         30          0         40          0        384   libam_bsp.lib
      2936        422         12        112        320       5608   libam_hal.lib

    ----------------------------------------------------------------------
      4140        476         14        152        416       7452   Library Totals

    ----------------------------------------------------------------------

==============================================================================


      Code (inc. data)   RO Data    RW Data    ZI Data      Debug   

     16294       1664         46        296      26216     140332   Grand Totals
     16294       1664         46        296      26216     140332   ELF Image Totals
     16294       1664         46        296          0          0   ROM Totals

==============================================================================

    Total RO  Size (Code + RO Data)                16340 (  15.96kB)
    Total RW  Size (RW Data + ZI Data)             26512 (  25.89kB)
    Total ROM Size (Code + RO Data + RW Data)      16636 (  16.25kB)

==============================================================================

