<html>
<body>
<pre>
<h1>µVision Build Log</h1>
<h2>Tool Versions:</h2>
IDE-Version: µVision V5.24.2.0
Copyright (C) 2017 ARM Ltd and ARM Germany GmbH. All rights reserved.
License Information: Moritz Scherer, ETH Zurich, LIC=----
 
Tool Versions:
Toolchain:       MDK-Lite  Version: 5.24.1
Toolchain Path:  C:\Keil_v5\ARM\ARMCC\Bin
C Compiler:      Armcc.exe V5.06 update 5 (build 528)
Assembler:       Armasm.exe V5.06 update 5 (build 528)
Linker/Locator:  ArmLink.exe V5.06 update 5 (build 528)
Library Manager: ArmAr.exe V5.06 update 5 (build 528)
Hex Converter:   FromElf.exe V5.06 update 5 (build 528)
CPU DLL:         SARMCM3.DLL V5.24.1
Dialog DLL:      DCM.DLL V1.16.0.0
Target DLL:      Segger\JL2CM3.dll V2.99.26.0
Dialog DLL:      TCM.DLL V1.32.0.0
 
<h2>Project:</h2>
C:\AmbiqMicro\AmbiqSuite\boards\apollo2_evb\examples\freertos_lowpower\keil\freertos_lowpower.uvprojx
Project File Date:  03/02/2018

<h2>Output:</h2>
*** Using Compiler 'V5.06 update 5 (build 528)', folder: 'C:\Keil_v5\ARM\ARMCC\Bin'
Rebuild target 'freertos_lowpower'
compiling list.c...
compiling event_groups.c...
compiling queue.c...
compiling heap_2.c...
compiling timers.c...
compiling freertos_lowpower.c...
compiling tasks.c...
compiling led_task.c...
compiling am_util_debug.c...
compiling am_util_delay.c...
compiling rtos.c...
compiling port.c...
compiling am_util_faultisr.c...
compiling am_util_stdio.c...
compiling startup_keil.s...
compiling am_devices_button.c...
compiling am_devices_led.c...
linking...
Program Size: Code=16294 RO-data=46 RW-data=296 ZI-data=26216  
After Build - User command #1: fromelf --bin --output bin\freertos_lowpower.bin bin\freertos_lowpower.axf
After Build - User command #2: fromelf -cedrst --output bin\freertos_lowpower.txt bin\freertos_lowpower.axf
".\bin\freertos_lowpower.axf" - 0 Error(s), 0 Warning(s).

<h2>Software Packages used:</h2>

Package Vendor: AmbiqMicro
                http://s3.asia.ambiqmicro.com/pack/AmbiqMicro.Apollo_DFP.1.0.0.pack
                AmbiqMicro.Apollo_DFP.1.0.0
                Ambiq Micro Apollo Series Device Support

<h2>Collection of Component include folders:</h2>
  .\RTE\_freertos_lowpower
  C:\Keil_v5\ARM\PACK\AmbiqMicro\Apollo_DFP\1.0.0\Device\Include

<h2>Collection of Component Files used:</h2>
Build Time Elapsed:  00:00:08
</pre>
</body>
</html>
