Component: ARM Compiler 5.06 update 5 (build 528) Tool: armlink [4d35e2]

==============================================================================

Section Cross References

    adc_lpmode0.o(i.adc_config) refers to am_hal_pwrctrl.o(i.am_hal_pwrctrl_periph_enable) for am_hal_pwrctrl_periph_enable
    adc_lpmode0.o(i.adc_config) refers to am_hal_adc.o(i.am_hal_adc_config) for am_hal_adc_config
    adc_lpmode0.o(i.adc_config) refers to am_hal_adc.o(i.am_hal_adc_int_enable) for am_hal_adc_int_enable
    adc_lpmode0.o(i.adc_config) refers to am_hal_adc.o(i.am_hal_adc_slot_config) for am_hal_adc_slot_config
    adc_lpmode0.o(i.adc_config) refers to am_hal_adc.o(i.am_hal_adc_enable) for am_hal_adc_enable
    adc_lpmode0.o(i.am_adc_isr) refers to am_hal_adc.o(i.am_hal_adc_int_status_get) for am_hal_adc_int_status_get
    adc_lpmode0.o(i.am_adc_isr) refers to am_hal_adc.o(i.am_hal_adc_int_clear) for am_hal_adc_int_clear
    adc_lpmode0.o(i.am_adc_isr) refers to am_hal_adc.o(i.am_hal_adc_fifo_pop) for am_hal_adc_fifo_pop
    adc_lpmode0.o(i.am_adc_isr) refers to adc_lpmode0.o(.bss) for g_ui32ADCSampleBuffer
    adc_lpmode0.o(i.am_adc_isr) refers to adc_lpmode0.o(.data) for g_ui32ADCSampleIndex
    adc_lpmode0.o(i.init_timerA3_for_ADC) refers to am_hal_ctimer.o(i.am_hal_ctimer_config_single) for am_hal_ctimer_config_single
    adc_lpmode0.o(i.init_timerA3_for_ADC) refers to am_hal_ctimer.o(i.am_hal_ctimer_int_enable) for am_hal_ctimer_int_enable
    adc_lpmode0.o(i.init_timerA3_for_ADC) refers to am_hal_ctimer.o(i.am_hal_ctimer_period_set) for am_hal_ctimer_period_set
    adc_lpmode0.o(i.init_timerA3_for_ADC) refers to am_hal_ctimer.o(i.am_hal_ctimer_adc_trigger_enable) for am_hal_ctimer_adc_trigger_enable
    adc_lpmode0.o(i.init_timerA3_for_ADC) refers to am_hal_ctimer.o(i.am_hal_ctimer_start) for am_hal_ctimer_start
    adc_lpmode0.o(i.itm_start) refers to am_util_stdio.o(i.am_util_stdio_printf_init) for am_util_stdio_printf_init
    adc_lpmode0.o(i.itm_start) refers to am_devices_led.o(i.am_devices_led_array_init) for am_devices_led_array_init
    adc_lpmode0.o(i.itm_start) refers to am_hal_itm.o(i.am_hal_itm_enable) for am_hal_itm_enable
    adc_lpmode0.o(i.itm_start) refers to am_bsp.o(i.am_bsp_debug_printf_enable) for am_bsp_debug_printf_enable
    adc_lpmode0.o(i.itm_start) refers to am_bsp.o(i.am_bsp_itm_string_print) for am_bsp_itm_string_print
    adc_lpmode0.o(i.itm_start) refers to am_bsp.o(.data) for am_bsp_psLEDs
    adc_lpmode0.o(i.main) refers to am_hal_clkgen.o(i.am_hal_clkgen_sysclk_select) for am_hal_clkgen_sysclk_select
    adc_lpmode0.o(i.main) refers to am_hal_vcomp.o(i.am_hal_vcomp_disable) for am_hal_vcomp_disable
    adc_lpmode0.o(i.main) refers to am_hal_cachectrl.o(i.am_hal_cachectrl_enable) for am_hal_cachectrl_enable
    adc_lpmode0.o(i.main) refers to am_hal_pwrctrl.o(i.am_hal_pwrctrl_memory_enable) for am_hal_pwrctrl_memory_enable
    adc_lpmode0.o(i.main) refers to am_hal_clkgen.o(i.am_hal_clkgen_osc_stop) for am_hal_clkgen_osc_stop
    adc_lpmode0.o(i.main) refers to adc_lpmode0.o(i.itm_start) for itm_start
    adc_lpmode0.o(i.main) refers to adc_lpmode0.o(i.init_timerA3_for_ADC) for init_timerA3_for_ADC
    adc_lpmode0.o(i.main) refers to am_hal_interrupt.o(i.am_hal_interrupt_enable) for am_hal_interrupt_enable
    adc_lpmode0.o(i.main) refers to am_hal_interrupt.o(.emb_text) for am_hal_interrupt_master_enable
    adc_lpmode0.o(i.main) refers to adc_lpmode0.o(i.adc_config) for adc_config
    adc_lpmode0.o(i.main) refers to am_hal_adc.o(i.am_hal_adc_trigger) for am_hal_adc_trigger
    adc_lpmode0.o(i.main) refers to am_util_stdio.o(i.am_util_stdio_terminal_clear) for am_util_stdio_terminal_clear
    adc_lpmode0.o(i.main) refers to am_util_stdio.o(i.am_util_stdio_printf) for am_util_stdio_printf
    adc_lpmode0.o(i.main) refers to am_util_delay.o(i.am_util_delay_ms) for am_util_delay_ms
    adc_lpmode0.o(i.main) refers to am_bsp.o(i.am_bsp_debug_printf_disable) for am_bsp_debug_printf_disable
    adc_lpmode0.o(i.main) refers to am_hal_sysctrl.o(i.am_hal_sysctrl_sleep) for am_hal_sysctrl_sleep
    adc_lpmode0.o(i.main) refers to am_hal_cachectrl.o(.constdata) for am_hal_cachectrl_defaults
    am_util_delay.o(i.am_util_delay_cycles) refers to am_hal_flash.o(i.am_hal_flash_delay) for am_hal_flash_delay
    am_util_delay.o(i.am_util_delay_ms) refers to am_hal_clkgen.o(i.am_hal_clkgen_sysclk_get) for am_hal_clkgen_sysclk_get
    am_util_delay.o(i.am_util_delay_ms) refers to am_hal_flash.o(i.am_hal_flash_delay) for am_hal_flash_delay
    am_util_delay.o(i.am_util_delay_us) refers to am_hal_clkgen.o(i.am_hal_clkgen_sysclk_get) for am_hal_clkgen_sysclk_get
    am_util_delay.o(i.am_util_delay_us) refers to am_hal_flash.o(i.am_hal_flash_delay) for am_hal_flash_delay
    am_util_faultisr.o(.emb_text) refers to am_util_faultisr.o(i.am_util_faultisr_collect_data) for am_util_faultisr_collect_data
[...]
    sys_exit.o(.text) refers (Special) to indicate_semi.o(.text) for __semihosting_library_function
    _get_argv_nomalloc.o(.text) refers (Special) to hrguard.o(.text) for __heap_region$guard
    _get_argv_nomalloc.o(.text) refers to defsig_rtmem_outer.o(.text) for __rt_SIGRTMEM
    _get_argv_nomalloc.o(.text) refers to sys_command.o(.text) for _sys_command_string
    libshutdown.o(.ARM.Collect$$libshutdown$$00000000) refers (Special) to libshutdown2.o(.ARM.Collect$$libshutdown$$00000002) for __rt_lib_shutdown_cpp_1
    libshutdown.o(.ARM.Collect$$libshutdown$$00000000) refers (Special) to libshutdown2.o(.ARM.Collect$$libshutdown$$00000007) for __rt_lib_shutdown_fp_trap_1
    libshutdown.o(.ARM.Collect$$libshutdown$$00000000) refers (Special) to libshutdown2.o(.ARM.Collect$$libshutdown$$0000000F) for __rt_lib_shutdown_heap_1
    libshutdown.o(.ARM.Collect$$libshutdown$$00000000) refers (Special) to libshutdown2.o(.ARM.Collect$$libshutdown$$00000010) for __rt_lib_shutdown_return
    libshutdown.o(.ARM.Collect$$libshutdown$$00000000) refers (Special) to libshutdown2.o(.ARM.Collect$$libshutdown$$0000000A) for __rt_lib_shutdown_signal_1
    libshutdown.o(.ARM.Collect$$libshutdown$$00000000) refers (Special) to libshutdown2.o(.ARM.Collect$$libshutdown$$00000004) for __rt_lib_shutdown_stdio_1
    libshutdown.o(.ARM.Collect$$libshutdown$$00000000) refers (Special) to libshutdown2.o(.ARM.Collect$$libshutdown$$0000000C) for __rt_lib_shutdown_user_alloc_1
    sys_command.o(.text) refers (Special) to use_no_semi.o(.text) for __I$use$semihosting
    sys_command.o(.text) refers (Special) to indicate_semi.o(.text) for __semihosting_library_function
    defsig_rtmem_outer.o(.text) refers to defsig_rtmem_inner.o(.text) for __rt_SIGRTMEM_inner
    defsig_rtmem_outer.o(.text) refers to defsig_exit.o(.text) for __sig_exit
    defsig_rtmem_formal.o(.text) refers to rt_raise.o(.text) for __rt_raise
    rt_raise.o(.text) refers to __raise.o(.text) for __raise
    rt_raise.o(.text) refers to sys_exit.o(.text) for _sys_exit
    defsig_exit.o(.text) refers to sys_exit.o(.text) for _sys_exit
    defsig_rtmem_inner.o(.text) refers to defsig_general.o(.text) for __default_signal_display
    __raise.o(.text) refers to defsig.o(CL$$defsig) for __default_signal_handler
    defsig_general.o(.text) refers to sys_wrch.o(.text) for _ttywrch
    sys_wrch.o(.text) refers (Special) to use_no_semi.o(.text) for __I$use$semihosting
    sys_wrch.o(.text) refers (Special) to indicate_semi.o(.text) for __semihosting_library_function
    defsig.o(CL$$defsig) refers to defsig_rtmem_inner.o(.text) for __rt_SIGRTMEM_inner
    defsig_abrt_inner.o(.text) refers to defsig_general.o(.text) for __default_signal_display
    defsig_fpe_inner.o(.text) refers to defsig_general.o(.text) for __default_signal_display
    defsig_rtred_inner.o(.text) refers to defsig_general.o(.text) for __default_signal_display
    defsig_stak_inner.o(.text) refers to defsig_general.o(.text) for __default_signal_display
    defsig_pvfn_inner.o(.text) refers to defsig_general.o(.text) for __default_signal_display
    defsig_cppl_inner.o(.text) refers to defsig_general.o(.text) for __default_signal_display
    defsig_segv_inner.o(.text) refers to defsig_general.o(.text) for __default_signal_display
    defsig_other.o(.text) refers to defsig_general.o(.text) for __default_signal_display


==============================================================================

Removing Unused input sections from the image.

    Removing am_util_delay.o(i.am_util_delay_cycles), (12 bytes).
    Removing am_util_delay.o(i.am_util_delay_us), (32 bytes).
    Removing am_util_stdio.o(i.am_util_stdio_sprintf), (34 bytes).
    Removing am_util_stdio.o(i.am_util_stdio_strtoul), (146 bytes).
    Removing am_util_stdio.o(i.am_util_stdio_textmode_set), (16 bytes).
    Removing am_devices_led.o(i.am_devices_led_array_disable), (228 bytes).
    Removing am_devices_led.o(i.am_devices_led_array_out), (46 bytes).
    Removing am_devices_led.o(i.am_devices_led_get), (78 bytes).
    Removing am_devices_led.o(i.am_devices_led_off), (128 bytes).
    Removing am_devices_led.o(i.am_devices_led_on), (128 bytes).
    Removing am_devices_led.o(i.am_devices_led_toggle), (164 bytes).
    Removing am_bsp.o(i.am_bsp_iom_disable), (232 bytes).
    Removing am_bsp.o(i.am_bsp_iom_enable), (220 bytes).
    Removing am_bsp.o(i.am_bsp_iom_i2c_pins_disable), (660 bytes).
    Removing am_bsp.o(i.am_bsp_iom_i2c_pins_enable), (788 bytes).
    Removing am_bsp.o(i.am_bsp_iom_power_off_save), (404 bytes).
    Removing am_bsp.o(i.am_bsp_iom_power_on_restore), (224 bytes).
    Removing am_bsp.o(i.am_bsp_iom_spi_pins_disable), (960 bytes).
    Removing am_bsp.o(i.am_bsp_iom_spi_pins_enable), (964 bytes).
    Removing am_bsp.o(i.am_bsp_low_power_init), (34 bytes).
    Removing am_bsp.o(i.am_bsp_uart_power_off_save), (144 bytes).
    Removing am_bsp.o(i.am_bsp_uart_power_on_restore), (148 bytes).
    Removing am_bsp.o(i.am_bsp_uart_string_print), (8 bytes).
    Removing am_bsp.o(.bss), (456 bytes).
    Removing am_bsp.o(.data), (48 bytes).
    Removing am_bsp.o(.data), (48 bytes).
    Removing am_hal_adc.o(i.am_hal_adc_disable), (16 bytes).
    Removing am_hal_adc.o(i.am_hal_adc_fifo_peek), (12 bytes).
    Removing am_hal_adc.o(i.am_hal_adc_int_disable), (20 bytes).
    Removing am_hal_adc.o(i.am_hal_adc_int_enable_get), (12 bytes).
    Removing am_hal_adc.o(i.am_hal_adc_int_set), (12 bytes).
    Removing am_hal_adc.o(i.am_hal_adc_temp_trims_get), (44 bytes).
    Removing am_hal_adc.o(i.am_hal_adc_volts_to_celsius), (48 bytes).
    Removing am_hal_adc.o(i.am_hal_adc_window_set), (24 bytes).
    Removing am_hal_cachectrl.o(i.am_hal_cachectrl_cache_config), (28 bytes).
    Removing am_hal_cachectrl.o(i.am_hal_cachectrl_cache_enables), (44 bytes).
    Removing am_hal_cachectrl.o(i.am_hal_cachectrl_config), (144 bytes).
    Removing am_hal_cachectrl.o(i.am_hal_cachectrl_config_default), (64 bytes).
    Removing am_hal_cachectrl.o(i.am_hal_cachectrl_disable), (36 bytes).
    Removing am_hal_cachectrl.o(i.am_hal_cachectrl_invalidate_flash_cache), (16 bytes).
    Removing am_hal_cachectrl.o(i.am_hal_cachectrl_reset_statistics), (16 bytes).
    Removing am_hal_cachectrl.o(i.am_hal_cachectrl_sleep_mode_enable), (96 bytes).
    Removing am_hal_cachectrl.o(i.am_hal_cachectrl_sleep_mode_status), (24 bytes).
    Removing am_hal_clkgen.o(i.am_hal_clkgen_clkout_disable), (10 bytes).
    Removing am_hal_clkgen.o(i.am_hal_clkgen_clkout_enable), (12 bytes).
    Removing am_hal_clkgen.o(i.am_hal_clkgen_hfrc_adjust_disable), (16 bytes).
    Removing am_hal_clkgen.o(i.am_hal_clkgen_hfrc_adjust_enable), (20 bytes).
    Removing am_hal_clkgen.o(i.am_hal_clkgen_int_clear), (10 bytes).
    Removing am_hal_clkgen.o(i.am_hal_clkgen_int_disable), (18 bytes).
    Removing am_hal_clkgen.o(i.am_hal_clkgen_int_enable), (16 bytes).
    Removing am_hal_clkgen.o(i.am_hal_clkgen_int_enable_get), (10 bytes).
    Removing am_hal_clkgen.o(i.am_hal_clkgen_int_set), (10 bytes).
    Removing am_hal_clkgen.o(i.am_hal_clkgen_int_status_get), (20 bytes).
    Removing am_hal_clkgen.o(i.am_hal_clkgen_osc_start), (22 bytes).
    Removing am_hal_clkgen.o(i.am_hal_clkgen_uarten_set), (70 bytes).
    Removing am_hal_ctimer.o(.emb_text), (36 bytes).
    Removing am_hal_ctimer.o(i.am_hal_ctimer_adc_trigger_disable), (36 bytes).
    Removing am_hal_ctimer.o(i.am_hal_ctimer_compare_set), (92 bytes).
    Removing am_hal_ctimer.o(i.am_hal_ctimer_config), (144 bytes).
    Removing am_hal_ctimer.o(i.am_hal_ctimer_int_clear), (12 bytes).
    Removing am_hal_ctimer.o(i.am_hal_ctimer_int_disable), (40 bytes).
    Removing am_hal_ctimer.o(i.am_hal_ctimer_int_enable_get), (12 bytes).
    Removing am_hal_ctimer.o(i.am_hal_ctimer_int_register), (244 bytes).
    Removing am_hal_ctimer.o(i.am_hal_ctimer_int_service), (52 bytes).
    Removing am_hal_ctimer.o(i.am_hal_ctimer_int_set), (12 bytes).
    Removing am_hal_ctimer.o(i.am_hal_ctimer_int_status_get), (48 bytes).
    Removing am_hal_ctimer.o(i.am_hal_ctimer_pin_disable), (44 bytes).
    Removing am_hal_ctimer.o(i.am_hal_ctimer_pin_enable), (40 bytes).
    Removing am_hal_ctimer.o(i.am_hal_ctimer_pin_invert), (48 bytes).
    Removing am_hal_ctimer.o(i.am_hal_ctimer_read), (196 bytes).
    Removing am_hal_ctimer.o(i.am_hal_ctimer_stop), (44 bytes).
    Removing am_hal_ctimer.o(.bss), (64 bytes).
    Removing am_hal_ctimer.o(.constdata), (16 bytes).
    Removing am_hal_flash.o(i.am_hal_flash_copy_protect_check), (108 bytes).
    Removing am_hal_flash.o(i.am_hal_flash_copy_protect_set), (256 bytes).
    Removing am_hal_flash.o(i.am_hal_flash_customer_info_signature_check), (64 bytes).
    Removing am_hal_flash.o(i.am_hal_flash_debugger_disable), (64 bytes).
    Removing am_hal_flash.o(i.am_hal_flash_debugger_disable_check), (100 bytes).
    Removing am_hal_flash.o(i.am_hal_flash_delay_status_change), (56 bytes).
    Removing am_hal_flash.o(i.am_hal_flash_erase_info), (12 bytes).
    Removing am_hal_flash.o(i.am_hal_flash_erase_main_plus_info), (12 bytes).
    Removing am_hal_flash.o(i.am_hal_flash_erase_main_plus_info_both_instances), (12 bytes).
    Removing am_hal_flash.o(i.am_hal_flash_info_erase_disable), (64 bytes).
    Removing am_hal_flash.o(i.am_hal_flash_info_erase_disable_check), (100 bytes).
    Removing am_hal_flash.o(i.am_hal_flash_info_program_disable), (72 bytes).
    Removing am_hal_flash.o(i.am_hal_flash_info_program_disable_get), (100 bytes).
    Removing am_hal_flash.o(i.am_hal_flash_info_signature_set), (16 bytes).
    Removing am_hal_flash.o(i.am_hal_flash_mass_erase), (12 bytes).
    Removing am_hal_flash.o(i.am_hal_flash_page_erase), (12 bytes).
    Removing am_hal_flash.o(i.am_hal_flash_program_info), (24 bytes).
    Removing am_hal_flash.o(i.am_hal_flash_program_main), (16 bytes).
    Removing am_hal_flash.o(i.am_hal_flash_recovery), (12 bytes).
    Removing am_hal_flash.o(i.am_hal_flash_store_ui32), (12 bytes).
    Removing am_hal_flash.o(i.am_hal_flash_swo_disable), (64 bytes).
    Removing am_hal_flash.o(i.am_hal_flash_swo_disable_check), (100 bytes).
    Removing am_hal_flash.o(i.am_hal_flash_wipe_flash_enable), (64 bytes).
    Removing am_hal_flash.o(i.am_hal_flash_wipe_flash_enable_check), (100 bytes).
    Removing am_hal_flash.o(i.am_hal_flash_wipe_sram_enable), (64 bytes).
    Removing am_hal_flash.o(i.am_hal_flash_wipe_sram_enable_check), (100 bytes).
    Removing am_hal_flash.o(i.am_hal_flash_write_protect_check), (108 bytes).
    Removing am_hal_flash.o(i.am_hal_flash_write_protect_set), (256 bytes).
    Removing am_hal_flash.o(i.customer_info_signature_set), (164 bytes).
    Removing am_hal_gpio.o(i.am_hal_gpio_input_read), (24 bytes).
    Removing am_hal_gpio.o(i.am_hal_gpio_int_clear), (36 bytes).
    Removing am_hal_gpio.o(i.am_hal_gpio_int_disable), (52 bytes).
    Removing am_hal_gpio.o(i.am_hal_gpio_int_enable), (28 bytes).
    Removing am_hal_gpio.o(i.am_hal_gpio_int_enable_get), (24 bytes).
    Removing am_hal_gpio.o(i.am_hal_gpio_int_polarity_bit_get), (40 bytes).
    Removing am_hal_gpio.o(i.am_hal_gpio_int_register), (84 bytes).
    Removing am_hal_gpio.o(i.am_hal_gpio_int_service), (88 bytes).
    Removing am_hal_gpio.o(i.am_hal_gpio_int_set), (16 bytes).
    Removing am_hal_gpio.o(i.am_hal_gpio_int_status_get), (72 bytes).
    Removing am_hal_gpio.o(i.am_hal_gpio_out_enable_bit_get), (36 bytes).
    Removing am_hal_gpio.o(i.am_hal_gpio_out_enable_get), (24 bytes).
    Removing am_hal_gpio.o(i.am_hal_gpio_out_read), (24 bytes).
    Removing am_hal_gpio.o(i.am_hal_gpio_pin_config_read), (144 bytes).
    Removing am_hal_gpio.o(.bss), (256 bytes).
    Removing am_hal_interrupt.o(i.am_hal_interrupt_disable), (76 bytes).
    Removing am_hal_interrupt.o(i.am_hal_interrupt_pend_clear), (34 bytes).
    Removing am_hal_interrupt.o(i.am_hal_interrupt_pend_set), (34 bytes).
    Removing am_hal_interrupt.o(i.am_hal_interrupt_priority_set), (52 bytes).
    Removing am_hal_itm.o(i.am_hal_itm_disable), (100 bytes).
    Removing am_hal_itm.o(i.am_hal_itm_print_not_busy), (14 bytes).
    Removing am_hal_itm.o(i.am_hal_itm_stimulus_not_busy), (18 bytes).
    Removing am_hal_itm.o(i.am_hal_itm_stimulus_reg_byte_write), (18 bytes).
    Removing am_hal_itm.o(i.am_hal_itm_stimulus_reg_short_write), (18 bytes).
    Removing am_hal_itm.o(i.am_hal_itm_stimulus_reg_word_write), (18 bytes).
    Removing am_hal_itm.o(i.am_hal_itm_sync_send), (20 bytes).
    Removing am_hal_itm.o(i.am_hal_itm_trace_port_disable), (24 bytes).
    Removing am_hal_itm.o(i.am_hal_itm_trace_port_enable), (24 bytes).
    Removing am_hal_mcuctrl.o(i.am_hal_mcuctrl_device_info_get), (208 bytes).
    Removing am_hal_mcuctrl.o(i.am_hal_mcuctrl_fault_capture_disable), (20 bytes).
    Removing am_hal_mcuctrl.o(i.am_hal_mcuctrl_fault_capture_enable), (20 bytes).
    Removing am_hal_mcuctrl.o(.constdata), (64 bytes).
    Removing am_hal_pwrctrl.o(i.am_hal_pwrctrl_bucks_init), (64 bytes).
    Removing am_hal_pwrctrl.o(i.am_hal_pwrctrl_low_power_init), (24 bytes).
    Removing am_hal_pwrctrl.o(i.am_hal_pwrctrl_periph_disable), (132 bytes).
    Removing am_hal_sysctrl.o(i.am_hal_sysctrl_aircr_reset), (16 bytes).
    Removing am_hal_sysctrl.o(i.am_hal_sysctrl_buckA_ctimer_isr), (84 bytes).
    Removing am_hal_sysctrl.o(i.am_hal_sysctrl_buckB_ctimer_isr), (84 bytes).
    Removing am_hal_sysctrl.o(i.am_hal_sysctrl_buck_ctimer_isr_init), (180 bytes).
    Removing am_hal_sysctrl.o(i.am_hal_sysctrl_buck_update_complete), (12 bytes).
    Removing am_hal_sysctrl.o(i.am_hal_sysctrl_fpu_disable), (12 bytes).
    Removing am_hal_sysctrl.o(i.am_hal_sysctrl_fpu_enable), (16 bytes).
    Removing am_hal_sysctrl.o(i.am_hal_sysctrl_fpu_stacking_disable), (16 bytes).
    Removing am_hal_sysctrl.o(i.am_hal_sysctrl_fpu_stacking_enable), (24 bytes).
    Removing am_hal_sysctrl.o(.constdata), (12 bytes).
    Removing am_hal_vcomp.o(i.am_hal_vcomp_config), (20 bytes).
    Removing am_hal_vcomp.o(i.am_hal_vcomp_dac_level_set), (24 bytes).
    Removing am_hal_vcomp.o(i.am_hal_vcomp_enable), (12 bytes).
    Removing am_hal_vcomp.o(i.am_hal_vcomp_int_clear), (12 bytes).
    Removing am_hal_vcomp.o(i.am_hal_vcomp_int_disable), (20 bytes).
    Removing am_hal_vcomp.o(i.am_hal_vcomp_int_enable), (20 bytes).
    Removing am_hal_vcomp.o(i.am_hal_vcomp_int_enable_get), (12 bytes).
    Removing am_hal_vcomp.o(i.am_hal_vcomp_int_set), (12 bytes).
    Removing am_hal_vcomp.o(i.am_hal_vcomp_int_status_get), (24 bytes).
    Removing am_hal_vcomp.o(i.am_hal_vcomp_read), (16 bytes).
    Removing am_hal_iom.o(.emb_text), (36 bytes).
    Removing am_hal_iom.o(i.am_hal_iom_command_repeat_set), (22 bytes).
    Removing am_hal_iom.o(i.am_hal_iom_config), (652 bytes).
    Removing am_hal_iom.o(i.am_hal_iom_disable), (44 bytes).
    Removing am_hal_iom.o(i.am_hal_iom_enable), (40 bytes).
    Removing am_hal_iom.o(i.am_hal_iom_error_status_get), (16 bytes).
    Removing am_hal_iom.o(i.am_hal_iom_fifo_empty_slots), (44 bytes).
    Removing am_hal_iom.o(i.am_hal_iom_fifo_full_slots), (26 bytes).
    Removing am_hal_iom.o(i.am_hal_iom_fifo_read), (216 bytes).
    Removing am_hal_iom.o(i.am_hal_iom_fifo_write), (232 bytes).
    Removing am_hal_iom.o(i.am_hal_iom_frequency_get), (72 bytes).
    Removing am_hal_iom.o(i.am_hal_iom_i2c_cmd_run), (364 bytes).
    Removing am_hal_iom.o(i.am_hal_iom_i2c_read), (320 bytes).
    Removing am_hal_iom.o(i.am_hal_iom_i2c_read_nb), (244 bytes).
    Removing am_hal_iom.o(i.am_hal_iom_i2c_read_nq), (344 bytes).
    Removing am_hal_iom.o(i.am_hal_iom_i2c_write), (316 bytes).
    Removing am_hal_iom.o(i.am_hal_iom_i2c_write_nb), (292 bytes).
    Removing am_hal_iom.o(i.am_hal_iom_i2c_write_nq), (392 bytes).
    Removing am_hal_iom.o(i.am_hal_iom_int_clear), (22 bytes).
    Removing am_hal_iom.o(i.am_hal_iom_int_disable), (30 bytes).
    Removing am_hal_iom.o(i.am_hal_iom_int_enable), (28 bytes).
    Removing am_hal_iom.o(i.am_hal_iom_int_enable_get), (24 bytes).
    Removing am_hal_iom.o(i.am_hal_iom_int_service), (360 bytes).
    Removing am_hal_iom.o(i.am_hal_iom_int_set), (22 bytes).
    Removing am_hal_iom.o(i.am_hal_iom_int_status_get), (40 bytes).
    Removing am_hal_iom.o(i.am_hal_iom_poll_complete), (20 bytes).
    Removing am_hal_iom.o(i.am_hal_iom_power_off_save), (156 bytes).
    Removing am_hal_iom.o(i.am_hal_iom_power_on_restore), (168 bytes).
    Removing am_hal_iom.o(i.am_hal_iom_pwrctrl_disable), (100 bytes).
    Removing am_hal_iom.o(i.am_hal_iom_pwrctrl_enable), (100 bytes).
    Removing am_hal_iom.o(i.am_hal_iom_queue_i2c_read), (164 bytes).
    Removing am_hal_iom.o(i.am_hal_iom_queue_i2c_write), (164 bytes).
    Removing am_hal_iom.o(i.am_hal_iom_queue_init), (32 bytes).
    Removing am_hal_iom.o(i.am_hal_iom_queue_length_get), (28 bytes).
    Removing am_hal_iom.o(i.am_hal_iom_queue_service), (212 bytes).
    Removing am_hal_iom.o(i.am_hal_iom_queue_spi_read), (164 bytes).
    Removing am_hal_iom.o(i.am_hal_iom_queue_spi_write), (160 bytes).
    Removing am_hal_iom.o(i.am_hal_iom_queue_start_next_msg), (184 bytes).
    Removing am_hal_iom.o(i.am_hal_iom_sleeping_queue_flush), (88 bytes).
    Removing am_hal_iom.o(i.am_hal_iom_spi_cmd_run), (120 bytes).
    Removing am_hal_iom.o(i.am_hal_iom_spi_fullduplex), (84 bytes).
    Removing am_hal_iom.o(i.am_hal_iom_spi_fullduplex_nq), (420 bytes).
    Removing am_hal_iom.o(i.am_hal_iom_spi_read), (248 bytes).
    Removing am_hal_iom.o(i.am_hal_iom_spi_read_nb), (292 bytes).
    Removing am_hal_iom.o(i.am_hal_iom_spi_read_nq), (388 bytes).
    Removing am_hal_iom.o(i.am_hal_iom_spi_write), (236 bytes).
    Removing am_hal_iom.o(i.am_hal_iom_spi_write_nb), (284 bytes).
    Removing am_hal_iom.o(i.am_hal_iom_spi_write_nq), (352 bytes).
    Removing am_hal_iom.o(i.am_hal_iom_status_get), (24 bytes).
    Removing am_hal_iom.o(i.am_hal_iom_workaround_word_write), (1188 bytes).
    Removing am_hal_iom.o(i.internal_iom_get_int_err), (58 bytes).
    Removing am_hal_iom.o(i.isRevB0), (20 bytes).
    Removing am_hal_iom.o(.bss), (408 bytes).
    Removing am_hal_iom.o(.constdata), (65 bytes).
    Removing am_hal_iom.o(.data), (18 bytes).
    Removing am_hal_rtc.o(i.am_hal_rtc_alarm_get), (158 bytes).
    Removing am_hal_rtc.o(i.am_hal_rtc_alarm_interval_set), (52 bytes).
    Removing am_hal_rtc.o(i.am_hal_rtc_alarm_set), (312 bytes).
    Removing am_hal_rtc.o(i.am_hal_rtc_int_clear), (10 bytes).
    Removing am_hal_rtc.o(i.am_hal_rtc_int_disable), (18 bytes).
    Removing am_hal_rtc.o(i.am_hal_rtc_int_enable), (16 bytes).
    Removing am_hal_rtc.o(i.am_hal_rtc_int_enable_get), (10 bytes).
    Removing am_hal_rtc.o(i.am_hal_rtc_int_set), (10 bytes).
    Removing am_hal_rtc.o(i.am_hal_rtc_int_status_get), (24 bytes).
    Removing am_hal_rtc.o(i.am_hal_rtc_osc_disable), (14 bytes).
    Removing am_hal_rtc.o(i.am_hal_rtc_osc_enable), (14 bytes).
    Removing am_hal_rtc.o(i.am_hal_rtc_osc_select), (22 bytes).
    Removing am_hal_rtc.o(i.am_hal_rtc_time_12hour), (14 bytes).
    Removing am_hal_rtc.o(i.am_hal_rtc_time_get), (198 bytes).
    Removing am_hal_rtc.o(i.am_hal_rtc_time_set), (364 bytes).
    Removing am_hal_tpiu.o(i.am_hal_tpiu_clock_disable), (20 bytes).
    Removing am_hal_tpiu.o(i.am_hal_tpiu_clock_enable), (20 bytes).
    Removing am_hal_tpiu.o(i.am_hal_tpiu_configure), (48 bytes).
    Removing am_hal_tpiu.o(i.am_hal_tpiu_port_width_get), (40 bytes).
    Removing am_hal_tpiu.o(i.am_hal_tpiu_port_width_set), (20 bytes).
    Removing am_hal_tpiu.o(i.am_hal_tpiu_supported_port_width_get), (56 bytes).
    Removing am_hal_uart.o(i.am_hal_uart_char_receive_buffered), (60 bytes).
    Removing am_hal_uart.o(i.am_hal_uart_char_receive_polled), (24 bytes).
    Removing am_hal_uart.o(i.am_hal_uart_char_transmit_buffered), (64 bytes).
    Removing am_hal_uart.o(i.am_hal_uart_char_transmit_polled), (22 bytes).
    Removing am_hal_uart.o(i.am_hal_uart_clock_disable), (24 bytes).
    Removing am_hal_uart.o(i.am_hal_uart_clock_enable), (38 bytes).
    Removing am_hal_uart.o(i.am_hal_uart_config), (172 bytes).
    Removing am_hal_uart.o(i.am_hal_uart_disable), (42 bytes).
    Removing am_hal_uart.o(i.am_hal_uart_enable), (40 bytes).
    Removing am_hal_uart.o(i.am_hal_uart_fifo_config), (22 bytes).
    Removing am_hal_uart.o(i.am_hal_uart_flags_get), (14 bytes).
    Removing am_hal_uart.o(i.am_hal_uart_get_status_buffered), (44 bytes).
    Removing am_hal_uart.o(i.am_hal_uart_init_buffered), (76 bytes).
    Removing am_hal_uart.o(i.am_hal_uart_int_clear), (14 bytes).
    Removing am_hal_uart.o(i.am_hal_uart_int_disable), (20 bytes).
    Removing am_hal_uart.o(i.am_hal_uart_int_enable), (18 bytes).
    Removing am_hal_uart.o(i.am_hal_uart_int_enable_get), (14 bytes).
    Removing am_hal_uart.o(i.am_hal_uart_int_status_get), (20 bytes).
    Removing am_hal_uart.o(i.am_hal_uart_line_receive_polled), (74 bytes).
    Removing am_hal_uart.o(i.am_hal_uart_power_off_save), (192 bytes).
    Removing am_hal_uart.o(i.am_hal_uart_power_on_restore), (184 bytes).
    Removing am_hal_uart.o(i.am_hal_uart_pwrctrl_disable), (104 bytes).
    Removing am_hal_uart.o(i.am_hal_uart_pwrctrl_enable), (104 bytes).
    Removing am_hal_uart.o(i.am_hal_uart_service_buffered), (144 bytes).
    Removing am_hal_uart.o(i.am_hal_uart_service_buffered_timeout_save), (212 bytes).
    Removing am_hal_uart.o(i.am_hal_uart_status_get), (14 bytes).
    Removing am_hal_uart.o(i.am_hal_uart_string_transmit_buffered), (76 bytes).
    Removing am_hal_uart.o(i.am_hal_uart_string_transmit_polled), (40 bytes).
    Removing am_hal_uart.o(.bss), (168 bytes).
    Removing am_hal_i2c_bit_bang.o(i.am_hal_i2c_bit_bang_init), (528 bytes).
    Removing am_hal_i2c_bit_bang.o(i.am_hal_i2c_bit_bang_receive), (476 bytes).
    Removing am_hal_i2c_bit_bang.o(i.am_hal_i2c_bit_bang_send), (204 bytes).
    Removing am_hal_i2c_bit_bang.o(i.i2c_pull_and_wait_scl_hi), (60 bytes).
    Removing am_hal_i2c_bit_bang.o(i.i2c_send_byte), (160 bytes).
    Removing am_hal_i2c_bit_bang.o(.bss), (44 bytes).
    Removing am_hal_queue.o(i.am_hal_queue_init), (22 bytes).
    Removing am_hal_queue.o(i.am_hal_queue_item_add), (158 bytes).
    Removing am_hal_queue.o(i.am_hal_queue_item_get), (152 bytes).

271 unused section(s) (total 28549 bytes) removed from the image.

==============================================================================

Image Symbol Table

    Local Symbols

    Symbol Name                              Value     Ov Type        Size  Object(Section)

    RESET                                    0x00000000   Section      232  startup_keil.o(RESET)
    ../../../../../devices/am_devices_led.c  0x00000000   Number         0  am_devices_led.o ABSOLUTE
    ../../../../../utils/am_util_delay.c     0x00000000   Number         0  am_util_delay.o ABSOLUTE
    ../../../../../utils/am_util_faultisr.c  0x00000000   Number         0  am_util_faultisr.o ABSOLUTE
    ../../../../../utils/am_util_stdio.c     0x00000000   Number         0  am_util_stdio.o ABSOLUTE
    ../am_bsp.c                              0x00000000   Number         0  am_bsp.o ABSOLUTE
    ../am_hal_adc.c                          0x00000000   Number         0  am_hal_adc.o ABSOLUTE
    ../am_hal_cachectrl.c                    0x00000000   Number         0  am_hal_cachectrl.o ABSOLUTE
    ../am_hal_clkgen.c                       0x00000000   Number         0  am_hal_clkgen.o ABSOLUTE
    ../am_hal_ctimer.c                       0x00000000   Number         0  am_hal_ctimer.o ABSOLUTE
    ../am_hal_debug.c                        0x00000000   Number         0  am_hal_debug.o ABSOLUTE
    ../am_hal_flash.c                        0x00000000   Number         0  am_hal_flash.o ABSOLUTE
    ../am_hal_global.c                       0x00000000   Number         0  am_hal_global.o ABSOLUTE
    ../am_hal_gpio.c                         0x00000000   Number         0  am_hal_gpio.o ABSOLUTE
    ../am_hal_i2c_bit_bang.c                 0x00000000   Number         0  am_hal_i2c_bit_bang.o ABSOLUTE
    ../am_hal_interrupt.c                    0x00000000   Number         0  am_hal_interrupt.o ABSOLUTE
    ../am_hal_iom.c                          0x00000000   Number         0  am_hal_iom.o ABSOLUTE
    ../am_hal_itm.c                          0x00000000   Number         0  am_hal_itm.o ABSOLUTE
    ../am_hal_mcuctrl.c                      0x00000000   Number         0  am_hal_mcuctrl.o ABSOLUTE
    ../am_hal_pwrctrl.c                      0x00000000   Number         0  am_hal_pwrctrl.o ABSOLUTE
    ../am_hal_queue.c                        0x00000000   Number         0  am_hal_queue.o ABSOLUTE
    ../am_hal_rtc.c                          0x00000000   Number         0  am_hal_rtc.o ABSOLUTE
    ../am_hal_sysctrl.c                      0x00000000   Number         0  am_hal_sysctrl.o ABSOLUTE
    ../am_hal_tpiu.c                         0x00000000   Number         0  am_hal_tpiu.o ABSOLUTE
    ../am_hal_uart.c                         0x00000000   Number         0  am_hal_uart.o ABSOLUTE
    ../am_hal_vcomp.c                        0x00000000   Number         0  am_hal_vcomp.o ABSOLUTE
    ../clib/angel/boardlib.s                 0x00000000   Number         0  boardinit2.o ABSOLUTE
    ../clib/angel/boardlib.s                 0x00000000   Number         0  boardinit1.o ABSOLUTE
    ../clib/angel/boardlib.s                 0x00000000   Number         0  boardinit3.o ABSOLUTE
    ../clib/angel/boardlib.s                 0x00000000   Number         0  boardshut.o ABSOLUTE
    ../clib/angel/handlers.s                 0x00000000   Number         0  __scatter_zi.o ABSOLUTE
    ../clib/angel/handlers.s                 0x00000000   Number         0  __scatter_copy.o ABSOLUTE
    ../clib/angel/kernel.s                   0x00000000   Number         0  __rtentry2.o ABSOLUTE
    ../clib/angel/kernel.s                   0x00000000   Number         0  rtexit2.o ABSOLUTE
    ../clib/angel/kernel.s                   0x00000000   Number         0  rtexit.o ABSOLUTE
    ../clib/angel/kernel.s                   0x00000000   Number         0  __rtentry.o ABSOLUTE
    ../clib/angel/kernel.s                   0x00000000   Number         0  __rtentry4.o ABSOLUTE
    ../clib/angel/rt.s                       0x00000000   Number         0  rt_raise.o ABSOLUTE
    ../clib/angel/scatter.s                  0x00000000   Number         0  __scatter.o ABSOLUTE
    ../clib/angel/startup.s                  0x00000000   Number         0  __main.o ABSOLUTE
    ../clib/angel/sys.s                      0x00000000   Number         0  indicate_semi.o ABSOLUTE
    ../clib/angel/sys.s                      0x00000000   Number         0  use_no_semi.o ABSOLUTE
    ../clib/angel/sys.s                      0x00000000   Number         0  libspace.o ABSOLUTE
    ../clib/angel/sys.s                      0x00000000   Number         0  sys_stackheap_outer.o ABSOLUTE
    ../clib/angel/sysapp.c                   0x00000000   Number         0  sys_wrch.o ABSOLUTE
    ../clib/angel/sysapp.c                   0x00000000   Number         0  sys_command.o ABSOLUTE
    ../clib/angel/sysapp.c                   0x00000000   Number         0  sys_exit.o ABSOLUTE
    ../clib/armsys.c                         0x00000000   Number         0  argv_veneer.o ABSOLUTE
    ../clib/armsys.c                         0x00000000   Number         0  no_argv.o ABSOLUTE
    ../clib/armsys.c                         0x00000000   Number         0  _get_argv_nomalloc.o ABSOLUTE
    ../clib/armsys.c                         0x00000000   Number         0  argv_veneer.o ABSOLUTE
    ../clib/heapalloc.c                      0x00000000   Number         0  hrguard.o ABSOLUTE
    ../clib/heapaux.c                        0x00000000   Number         0  heapauxi.o ABSOLUTE
    ../clib/libinit.s                        0x00000000   Number         0  libshutdown.o ABSOLUTE
    ../clib/libinit.s                        0x00000000   Number         0  libinit2.o ABSOLUTE
    ../clib/libinit.s                        0x00000000   Number         0  libshutdown2.o ABSOLUTE
    ../clib/libinit.s                        0x00000000   Number         0  libinit.o ABSOLUTE
    ../clib/longlong.s                       0x00000000   Number         0  llshl.o ABSOLUTE
    ../clib/memcpset.s                       0x00000000   Number         0  rt_memclr_w.o ABSOLUTE
    ../clib/signal.c                         0x00000000   Number         0  defsig_other.o ABSOLUTE
    ../clib/signal.c                         0x00000000   Number         0  defsig_cppl_inner.o ABSOLUTE
    ../clib/signal.c                         0x00000000   Number         0  defsig_rtmem_formal.o ABSOLUTE
    ../clib/signal.c                         0x00000000   Number         0  defsig_rtmem_outer.o ABSOLUTE
    ../clib/signal.c                         0x00000000   Number         0  __raise.o ABSOLUTE
    ../clib/signal.c                         0x00000000   Number         0  defsig_general.o ABSOLUTE
    ../clib/signal.c                         0x00000000   Number         0  defsig_abrt_inner.o ABSOLUTE
    ../clib/signal.c                         0x00000000   Number         0  defsig_fpe_inner.o ABSOLUTE
    ../clib/signal.c                         0x00000000   Number         0  defsig_rtred_inner.o ABSOLUTE
    ../clib/signal.c                         0x00000000   Number         0  defsig_segv_inner.o ABSOLUTE
    ../clib/signal.c                         0x00000000   Number         0  defsig_exit.o ABSOLUTE
    ../clib/signal.c                         0x00000000   Number         0  defsig_rtmem_inner.o ABSOLUTE
    ../clib/signal.c                         0x00000000   Number         0  defsig_stak_inner.o ABSOLUTE
    ../clib/signal.c                         0x00000000   Number         0  defsig_pvfn_inner.o ABSOLUTE
    ../clib/signal.s                         0x00000000   Number         0  defsig.o ABSOLUTE
    ../clib/stdlib.c                         0x00000000   Number         0  exit.o ABSOLUTE
    ../fplib/d2f.s                           0x00000000   Number         0  d2f.o ABSOLUTE
    ../fplib/dnaninf.s                       0x00000000   Number         0  dnaninf.o ABSOLUTE
    ../fplib/fpinit.s                        0x00000000   Number         0  fpinit.o ABSOLUTE
    ../fplib/fretinf.s                       0x00000000   Number         0  fretinf.o ABSOLUTE
    ../fplib/usenofp.s                       0x00000000   Number         0  usenofp.o ABSOLUTE
    ../keil/startup_keil.s                   0x00000000   Number         0  startup_keil.o ABSOLUTE
    ../src/adc_lpmode0.c                     0x00000000   Number         0  adc_lpmode0.o ABSOLUTE
    ..\..\..\..\..\utils\am_util_faultisr.c  0x00000000   Number         0  am_util_faultisr.o ABSOLUTE
    ..\am_hal_ctimer.c                       0x00000000   Number         0  am_hal_ctimer.o ABSOLUTE
    ..\am_hal_interrupt.c                    0x00000000   Number         0  am_hal_interrupt.o ABSOLUTE
    ..\am_hal_iom.c                          0x00000000   Number         0  am_hal_iom.o ABSOLUTE
    dc.s                                     0x00000000   Number         0  dc.o ABSOLUTE
    $v0                                      0x000000c0   Number         0  startup_keil.o(RESET)
    !!!main                                  0x000000e8   Section        8  __main.o(!!!main)
    !!!scatter                               0x000000f0   Section       52  __scatter.o(!!!scatter)
    !!handler_copy                           0x00000124   Section       26  __scatter_copy.o(!!handler_copy)
    !!handler_zi                             0x00000140   Section       28  __scatter_zi.o(!!handler_zi)
    .ARM.Collect$$libinit$$00000000          0x0000015c   Section        2  libinit.o(.ARM.Collect$$libinit$$00000000)
    .ARM.Collect$$libinit$$00000001          0x0000015e   Section        4  libinit2.o(.ARM.Collect$$libinit$$00000001)
    .ARM.Collect$$libinit$$00000004          0x00000162   Section        0  libinit2.o(.ARM.Collect$$libinit$$00000004)
    .ARM.Collect$$libinit$$0000000A          0x00000162   Section        0  libinit2.o(.ARM.Collect$$libinit$$0000000A)
    .ARM.Collect$$libinit$$0000000C          0x00000162   Section        0  libinit2.o(.ARM.Collect$$libinit$$0000000C)
    .ARM.Collect$$libinit$$0000000E          0x00000162   Section        0  libinit2.o(.ARM.Collect$$libinit$$0000000E)
    .ARM.Collect$$libinit$$00000011          0x00000162   Section        0  libinit2.o(.ARM.Collect$$libinit$$00000011)
    .ARM.Collect$$libinit$$00000013          0x00000162   Section        0  libinit2.o(.ARM.Collect$$libinit$$00000013)
    .ARM.Collect$$libinit$$00000015          0x00000162   Section        0  libinit2.o(.ARM.Collect$$libinit$$00000015)
    .ARM.Collect$$libinit$$00000017          0x00000162   Section        0  libinit2.o(.ARM.Collect$$libinit$$00000017)
    .ARM.Collect$$libinit$$00000019          0x00000162   Section        0  libinit2.o(.ARM.Collect$$libinit$$00000019)
    .ARM.Collect$$libinit$$0000001B          0x00000162   Section        0  libinit2.o(.ARM.Collect$$libinit$$0000001B)
    .ARM.Collect$$libinit$$0000001D          0x00000162   Section        0  libinit2.o(.ARM.Collect$$libinit$$0000001D)
    .ARM.Collect$$libinit$$0000001F          0x00000162   Section        0  libinit2.o(.ARM.Collect$$libinit$$0000001F)
    .ARM.Collect$$libinit$$00000021          0x00000162   Section        0  libinit2.o(.ARM.Collect$$libinit$$00000021)
    .ARM.Collect$$libinit$$00000023          0x00000162   Section        0  libinit2.o(.ARM.Collect$$libinit$$00000023)
    .ARM.Collect$$libinit$$00000025          0x00000162   Section        0  libinit2.o(.ARM.Collect$$libinit$$00000025)
    .ARM.Collect$$libinit$$0000002C          0x00000162   Section        0  libinit2.o(.ARM.Collect$$libinit$$0000002C)
    .ARM.Collect$$libinit$$0000002E          0x00000162   Section        0  libinit2.o(.ARM.Collect$$libinit$$0000002E)
    .ARM.Collect$$libinit$$00000030          0x00000162   Section        0  libinit2.o(.ARM.Collect$$libinit$$00000030)
    .ARM.Collect$$libinit$$00000032          0x00000162   Section        0  libinit2.o(.ARM.Collect$$libinit$$00000032)
    .ARM.Collect$$libinit$$00000033          0x00000162   Section        2  libinit2.o(.ARM.Collect$$libinit$$00000033)
    .ARM.Collect$$libshutdown$$00000000      0x00000164   Section        2  libshutdown.o(.ARM.Collect$$libshutdown$$00000000)
    .ARM.Collect$$libshutdown$$00000002      0x00000166   Section        0  libshutdown2.o(.ARM.Collect$$libshutdown$$00000002)
    .ARM.Collect$$libshutdown$$00000004      0x00000166   Section        0  libshutdown2.o(.ARM.Collect$$libshutdown$$00000004)
    .ARM.Collect$$libshutdown$$00000007      0x00000166   Section        0  libshutdown2.o(.ARM.Collect$$libshutdown$$00000007)
    .ARM.Collect$$libshutdown$$0000000A      0x00000166   Section        0  libshutdown2.o(.ARM.Collect$$libshutdown$$0000000A)
    .ARM.Collect$$libshutdown$$0000000C      0x00000166   Section        0  libshutdown2.o(.ARM.Collect$$libshutdown$$0000000C)
    .ARM.Collect$$libshutdown$$0000000F      0x00000166   Section        0  libshutdown2.o(.ARM.Collect$$libshutdown$$0000000F)
    .ARM.Collect$$libshutdown$$00000010      0x00000166   Section        2  libshutdown2.o(.ARM.Collect$$libshutdown$$00000010)
    .ARM.Collect$$rtentry$$00000000          0x00000168   Section        0  __rtentry.o(.ARM.Collect$$rtentry$$00000000)
    .ARM.Collect$$rtentry$$00000002          0x00000168   Section        0  __rtentry2.o(.ARM.Collect$$rtentry$$00000002)
    .ARM.Collect$$rtentry$$00000004          0x00000168   Section        6  __rtentry4.o(.ARM.Collect$$rtentry$$00000004)
    .ARM.Collect$$rtentry$$00000009          0x0000016e   Section        0  __rtentry2.o(.ARM.Collect$$rtentry$$00000009)
    .ARM.Collect$$rtentry$$0000000A          0x0000016e   Section        4  __rtentry2.o(.ARM.Collect$$rtentry$$0000000A)
    .ARM.Collect$$rtentry$$0000000C          0x00000172   Section        0  __rtentry2.o(.ARM.Collect$$rtentry$$0000000C)
    .ARM.Collect$$rtentry$$0000000D          0x00000172   Section        8  __rtentry2.o(.ARM.Collect$$rtentry$$0000000D)
    .ARM.Collect$$rtexit$$00000000           0x0000017a   Section        2  rtexit.o(.ARM.Collect$$rtexit$$00000000)
    .ARM.Collect$$rtexit$$00000002           0x0000017c   Section        0  rtexit2.o(.ARM.Collect$$rtexit$$00000002)
    .ARM.Collect$$rtexit$$00000003           0x0000017c   Section        4  rtexit2.o(.ARM.Collect$$rtexit$$00000003)
    .ARM.Collect$$rtexit$$00000004           0x00000180   Section        6  rtexit2.o(.ARM.Collect$$rtexit$$00000004)
    .emb_text                                0x00000188   Section       20  am_util_faultisr.o(.emb_text)
    $v0                                      0x00000188   Number         0  am_util_faultisr.o(.emb_text)
    .emb_text                                0x0000019c   Section       22  am_hal_interrupt.o(.emb_text)
    $v0                                      0x0000019c   Number         0  am_hal_interrupt.o(.emb_text)
    .text                                    0x000001b4   Section       24  startup_keil.o(.text)
    $v0                                      0x000001b4   Number         0  startup_keil.o(.text)
    .text                                    0x000001cc   Section       78  rt_memclr_w.o(.text)
    .text                                    0x0000021a   Section        0  heapauxi.o(.text)
    .text                                    0x00000220   Section       74  sys_stackheap_outer.o(.text)
    .text                                    0x0000026a   Section        0  exit.o(.text)
    .text                                    0x0000027c   Section        8  libspace.o(.text)
    .text                                    0x00000284   Section        0  sys_exit.o(.text)
    .text                                    0x00000290   Section        2  use_no_semi.o(.text)
    .text                                    0x00000292   Section        0  indicate_semi.o(.text)
    i.adc_config                             0x00000294   Section        0  adc_lpmode0.o(i.adc_config)
    i.am_adc_isr                             0x000002d8   Section        0  adc_lpmode0.o(i.am_adc_isr)
    i.am_bsp_debug_printf_disable            0x00000324   Section        0  am_bsp.o(i.am_bsp_debug_printf_disable)
    i.am_bsp_debug_printf_enable             0x00000384   Section        0  am_bsp.o(i.am_bsp_debug_printf_enable)
    i.am_bsp_itm_string_print                0x000003f4   Section        0  am_bsp.o(i.am_bsp_itm_string_print)
    i.am_devices_led_array_init              0x000003f8   Section        0  am_devices_led.o(i.am_devices_led_array_init)
    i.am_devices_led_init                    0x00000414   Section        0  am_devices_led.o(i.am_devices_led_init)
    i.am_hal_adc_config                      0x00000640   Section        0  am_hal_adc.o(i.am_hal_adc_config)
    i.am_hal_adc_enable                      0x000006d4   Section        0  am_hal_adc.o(i.am_hal_adc_enable)
    i.am_hal_adc_fifo_pop                    0x000006e4   Section        0  am_hal_adc.o(i.am_hal_adc_fifo_pop)
    i.am_hal_adc_int_clear                   0x000006f4   Section        0  am_hal_adc.o(i.am_hal_adc_int_clear)
    i.am_hal_adc_int_enable                  0x00000700   Section        0  am_hal_adc.o(i.am_hal_adc_int_enable)
    i.am_hal_adc_int_status_get              0x00000714   Section        0  am_hal_adc.o(i.am_hal_adc_int_status_get)
    i.am_hal_adc_slot_config                 0x00000730   Section        0  am_hal_adc.o(i.am_hal_adc_slot_config)
    i.am_hal_adc_trigger                     0x00000798   Section        0  am_hal_adc.o(i.am_hal_adc_trigger)
    i.am_hal_cachectrl_enable                0x000007a4   Section        0  am_hal_cachectrl.o(i.am_hal_cachectrl_enable)
    i.am_hal_clkgen_osc_stop                 0x00000874   Section        0  am_hal_clkgen.o(i.am_hal_clkgen_osc_stop)
    i.am_hal_clkgen_sysclk_get               0x00000888   Section        0  am_hal_clkgen.o(i.am_hal_clkgen_sysclk_get)
    i.am_hal_clkgen_sysclk_select            0x000008ac   Section        0  am_hal_clkgen.o(i.am_hal_clkgen_sysclk_select)
    i.am_hal_ctimer_adc_trigger_enable       0x00000918   Section        0  am_hal_ctimer.o(i.am_hal_ctimer_adc_trigger_enable)
    i.am_hal_ctimer_clear                    0x0000093c   Section        0  am_hal_ctimer.o(i.am_hal_ctimer_clear)
    i.am_hal_ctimer_config_single            0x00000964   Section        0  am_hal_ctimer.o(i.am_hal_ctimer_config_single)
    i.am_hal_ctimer_int_enable               0x000009fc   Section        0  am_hal_ctimer.o(i.am_hal_ctimer_int_enable)
    i.am_hal_ctimer_period_set               0x00000a20   Section        0  am_hal_ctimer.o(i.am_hal_ctimer_period_set)
    i.am_hal_ctimer_start                    0x00000a9c   Section        0  am_hal_ctimer.o(i.am_hal_ctimer_start)
    i.am_hal_debug_error                     0x00000acc   Section        0  am_hal_debug.o(i.am_hal_debug_error)
    i.am_hal_flash_delay                     0x00000ad0   Section        0  am_hal_flash.o(i.am_hal_flash_delay)
    i.am_hal_flash_load_ui32                 0x00000adc   Section        0  am_hal_flash.o(i.am_hal_flash_load_ui32)
    i.am_hal_interrupt_enable                0x00000ae8   Section        0  am_hal_interrupt.o(i.am_hal_interrupt_enable)
    i.am_hal_itm_enable                      0x00000b34   Section        0  am_hal_itm.o(i.am_hal_itm_enable)
    i.am_hal_itm_not_busy                    0x00000b8c   Section        0  am_hal_itm.o(i.am_hal_itm_not_busy)
    i.am_hal_itm_print                       0x00000ba4   Section        0  am_hal_itm.o(i.am_hal_itm_print)
    i.am_hal_mcuctrl_fault_status            0x00000bd4   Section        0  am_hal_mcuctrl.o(i.am_hal_mcuctrl_fault_status)
    i.am_hal_pwrctrl_bucks_disable           0x00000c0c   Section        0  am_hal_pwrctrl.o(i.am_hal_pwrctrl_bucks_disable)
    i.am_hal_pwrctrl_bucks_enable            0x00000c58   Section        0  am_hal_pwrctrl.o(i.am_hal_pwrctrl_bucks_enable)
    i.am_hal_pwrctrl_memory_enable           0x00000c8c   Section        0  am_hal_pwrctrl.o(i.am_hal_pwrctrl_memory_enable)
    i.am_hal_pwrctrl_periph_enable           0x00000e0c   Section        0  am_hal_pwrctrl.o(i.am_hal_pwrctrl_periph_enable)
    i.am_hal_sysctrl_sleep                   0x00000ecc   Section        0  am_hal_sysctrl.o(i.am_hal_sysctrl_sleep)
    i.am_hal_tpiu_disable                    0x00000fb8   Section        0  am_hal_tpiu.o(i.am_hal_tpiu_disable)
    i.am_hal_tpiu_enable                     0x00000fc8   Section        0  am_hal_tpiu.o(i.am_hal_tpiu_enable)
    i.am_hal_vcomp_disable                   0x00001050   Section        0  am_hal_vcomp.o(i.am_hal_vcomp_disable)
    i.am_util_delay_ms                       0x0000105c   Section        0  am_util_delay.o(i.am_util_delay_ms)
    i.am_util_faultisr_collect_data          0x00001078   Section        0  am_util_faultisr.o(i.am_util_faultisr_collect_data)
    i.am_util_stdio_printf                   0x00001130   Section        0  am_util_stdio.o(i.am_util_stdio_printf)
    i.am_util_stdio_printf_init              0x00001160   Section        0  am_util_stdio.o(i.am_util_stdio_printf_init)
    i.am_util_stdio_terminal_clear           0x0000116c   Section        0  am_util_stdio.o(i.am_util_stdio_terminal_clear)
    i.am_util_stdio_vsprintf                 0x0000118c   Section        0  am_util_stdio.o(i.am_util_stdio_vsprintf)
    i.decstr_to_int                          0x00001540   Section        0  am_util_stdio.o(i.decstr_to_int)
    decstr_to_int                            0x00001541   Thumb Code    66  am_util_stdio.o(i.decstr_to_int)
    i.divu64_10                              0x00001582   Section        0  am_util_stdio.o(i.divu64_10)
    divu64_10                                0x00001583   Thumb Code   204  am_util_stdio.o(i.divu64_10)
    i.ftoa                                   0x00001650   Section        0  am_util_stdio.o(i.ftoa)
    ftoa                                     0x00001651   Thumb Code   334  am_util_stdio.o(i.ftoa)
    i.init_timerA3_for_ADC                   0x000017a4   Section        0  adc_lpmode0.o(i.init_timerA3_for_ADC)
    i.itm_start                              0x000017d8   Section        0  adc_lpmode0.o(i.itm_start)
    i.main                                   0x00001840   Section        0  adc_lpmode0.o(i.main)
    i.ndigits_in_hex                         0x0000190c   Section        0  am_util_stdio.o(i.ndigits_in_hex)
    ndigits_in_hex                           0x0000190d   Thumb Code    52  am_util_stdio.o(i.ndigits_in_hex)
    i.ndigits_in_i64                         0x00001940   Section        0  am_util_stdio.o(i.ndigits_in_i64)
    ndigits_in_i64                           0x00001941   Thumb Code    36  am_util_stdio.o(i.ndigits_in_i64)
    i.ndigits_in_u64                         0x00001964   Section        0  am_util_stdio.o(i.ndigits_in_u64)
    ndigits_in_u64                           0x00001965   Thumb Code    58  am_util_stdio.o(i.ndigits_in_u64)
    i.padbuffer                              0x0000199e   Section        0  am_util_stdio.o(i.padbuffer)
    padbuffer                                0x0000199f   Thumb Code    34  am_util_stdio.o(i.padbuffer)
    i.setBuckZX                              0x000019c0   Section        0  am_hal_sysctrl.o(i.setBuckZX)
    setBuckZX                                0x000019c1   Thumb Code   112  am_hal_sysctrl.o(i.setBuckZX)
    i.simple_strlen                          0x00001a38   Section        0  am_util_stdio.o(i.simple_strlen)
    simple_strlen                            0x00001a39   Thumb Code    24  am_util_stdio.o(i.simple_strlen)
    i.uint64_to_hexstr                       0x00001a50   Section        0  am_util_stdio.o(i.uint64_to_hexstr)
    uint64_to_hexstr                         0x00001a51   Thumb Code   138  am_util_stdio.o(i.uint64_to_hexstr)
    i.uint64_to_str                          0x00001ada   Section        0  am_util_stdio.o(i.uint64_to_str)
    uint64_to_str                            0x00001adb   Thumb Code   112  am_util_stdio.o(i.uint64_to_str)
    x$fpl$d2f                                0x00001b4c   Section       98  d2f.o(x$fpl$d2f)
    $v0                                      0x00001b4c   Number         0  d2f.o(x$fpl$d2f)
    x$fpl$dnaninf                            0x00001bae   Section      156  dnaninf.o(x$fpl$dnaninf)
    $v0                                      0x00001bae   Number         0  dnaninf.o(x$fpl$dnaninf)
    x$fpl$fpinit                             0x00001c4a   Section       10  fpinit.o(x$fpl$fpinit)
    $v0                                      0x00001c4a   Number         0  fpinit.o(x$fpl$fpinit)
    x$fpl$fretinf                            0x00001c54   Section       10  fretinf.o(x$fpl$fretinf)
    $v0                                      0x00001c54   Number         0  fretinf.o(x$fpl$fretinf)
    .constdata                               0x00001c5e   Section       12  am_hal_cachectrl.o(.constdata)
    x$fpl$usenofp                            0x00001c5e   Section        0  usenofp.o(x$fpl$usenofp)
    .data                                    0x10000000   Section        4  adc_lpmode0.o(.data)
    .data                                    0x10000004   Section        5  am_util_stdio.o(.data)
    g_bTxtXlate                              0x10000008   Data           1  am_util_stdio.o(.data)
    .data                                    0x1000000c   Section        4  am_hal_global.o(.data)
    .data                                    0x10000010   Section       40  am_bsp.o(.data)
    .data                                    0x10000038   Section       80  am_hal_flash.o(.data)
    .data                                    0x10000088   Section       28  am_hal_sysctrl.o(.data)
    g_bBuckRestoreComplete                   0x10000088   Data           1  am_hal_sysctrl.o(.data)
    g_ui32BuckTimer                          0x1000008c   Data           4  am_hal_sysctrl.o(.data)
    g_ui32BuckInputs                         0x10000090   Data           4  am_hal_sysctrl.o(.data)
    g_buckZX_chk                             0x10000094   Data           4  am_hal_sysctrl.o(.data)
    g_ui32SaveCoreBuckZX                     0x10000098   Data           4  am_hal_sysctrl.o(.data)
    g_ui32SaveMemBuckZX                      0x1000009c   Data           4  am_hal_sysctrl.o(.data)
    g_ui32CoreBuck                           0x100000a0   Data           4  am_hal_sysctrl.o(.data)
    .bss                                     0x100000a4   Section     4096  adc_lpmode0.o(.bss)
    .bss                                     0x100010a4   Section      256  am_util_stdio.o(.bss)
    g_prfbuf                                 0x100010a4   Data         256  am_util_stdio.o(.bss)
    .bss                                     0x100011a4   Section       16  am_hal_adc.o(.bss)
    priv_temp_trims                          0x100011a4   Data          16  am_hal_adc.o(.bss)
    .bss                                     0x100011b4   Section       96  libspace.o(.bss)
    HEAP                                     0x10001218   Section        0  startup_keil.o(HEAP)
    STACK                                    0x10001218   Section     4096  startup_keil.o(STACK)
    HeapMem                                  0x10001218   Data           0  startup_keil.o(HEAP)
    StackMem                                 0x10001218   Data           0  startup_keil.o(STACK)

    Global Symbols

    Symbol Name                              Value     Ov Type        Size  Object(Section)

    BuildAttributes$$THM_ISAv4$E$P$D$K$B$S$7EM$VFPi3$EXTD16$VFPS$VFMA$PE$A:L22UL41UL21$X:L11$S22US41US21$IEEE1$IW$USESV6$~STKCKD$USESV7$~SHL$OTIME$ROPI$EBA8$UX$STANDARDLIB$REQ8$EABIv2 0x00000000   Number         0  anon$$obj.o ABSOLUTE
    __ARM_use_no_argv                        0x00000000   Number         0  adc_lpmode0.o ABSOLUTE
    __Vectors                                0x00000000   Data           0  startup_keil.o(RESET)
    __ARM_exceptions_init                     - Undefined Weak Reference
    __alloca_initialize                       - Undefined Weak Reference
    __arm_preinit_                            - Undefined Weak Reference
    __cpp_initialize__aeabi_                  - Undefined Weak Reference
    __cxa_finalize                            - Undefined Weak Reference
    __rt_locale                               - Undefined Weak Reference
    __sigvec_lookup                           - Undefined Weak Reference
    _atexit_init                              - Undefined Weak Reference
    _call_atexit_fns                          - Undefined Weak Reference
    _clock_init                               - Undefined Weak Reference
    _fp_trap_init                             - Undefined Weak Reference
    _fp_trap_shutdown                         - Undefined Weak Reference
    _get_lc_collate                           - Undefined Weak Reference
    _get_lc_ctype                             - Undefined Weak Reference
    _get_lc_monetary                          - Undefined Weak Reference
    _get_lc_numeric                           - Undefined Weak Reference
    _get_lc_time                              - Undefined Weak Reference
    _getenv_init                              - Undefined Weak Reference
    _handle_redirection                       - Undefined Weak Reference
    _init_alloc                               - Undefined Weak Reference
    _init_user_alloc                          - Undefined Weak Reference
    _initio                                   - Undefined Weak Reference
    _rand_init                                - Undefined Weak Reference
    _signal_finish                            - Undefined Weak Reference
    _signal_init                              - Undefined Weak Reference
    _terminate_alloc                          - Undefined Weak Reference
    _terminate_user_alloc                     - Undefined Weak Reference
    _terminateio                              - Undefined Weak Reference
    Reset_Handler                            0x000000c1   Thumb Code    28  startup_keil.o(RESET)
    am_nmi_isr                               0x000000dd   Thumb Code     2  startup_keil.o(RESET)
    am_memmanage_isr                         0x000000e1   Thumb Code     2  startup_keil.o(RESET)
    am_brownout_isr                          0x000000e3   Thumb Code     0  startup_keil.o(RESET)
    am_clkgen_isr                            0x000000e3   Thumb Code     0  startup_keil.o(RESET)
    am_ctimer_isr                            0x000000e3   Thumb Code     0  startup_keil.o(RESET)
    am_debugmon_isr                          0x000000e3   Thumb Code     0  startup_keil.o(RESET)
    am_flash_isr                             0x000000e3   Thumb Code     0  startup_keil.o(RESET)
    am_gpio_isr                              0x000000e3   Thumb Code     0  startup_keil.o(RESET)
    am_iomaster0_isr                         0x000000e3   Thumb Code     0  startup_keil.o(RESET)
    am_iomaster1_isr                         0x000000e3   Thumb Code     0  startup_keil.o(RESET)
    am_iomaster2_isr                         0x000000e3   Thumb Code     0  startup_keil.o(RESET)
    am_iomaster3_isr                         0x000000e3   Thumb Code     0  startup_keil.o(RESET)
    am_iomaster4_isr                         0x000000e3   Thumb Code     0  startup_keil.o(RESET)
    am_iomaster5_isr                         0x000000e3   Thumb Code     0  startup_keil.o(RESET)
    am_ioslave_acc_isr                       0x000000e3   Thumb Code     0  startup_keil.o(RESET)
    am_ioslave_ios_isr                       0x000000e3   Thumb Code     0  startup_keil.o(RESET)
    am_pdm_isr                               0x000000e3   Thumb Code     0  startup_keil.o(RESET)
    am_pendsv_isr                            0x000000e3   Thumb Code     0  startup_keil.o(RESET)
    am_software0_isr                         0x000000e3   Thumb Code     0  startup_keil.o(RESET)
    am_software1_isr                         0x000000e3   Thumb Code     0  startup_keil.o(RESET)
    am_software2_isr                         0x000000e3   Thumb Code     0  startup_keil.o(RESET)
    am_software3_isr                         0x000000e3   Thumb Code     0  startup_keil.o(RESET)
    am_stimer_cmpr0_isr                      0x000000e3   Thumb Code     0  startup_keil.o(RESET)
    am_stimer_cmpr1_isr                      0x000000e3   Thumb Code     0  startup_keil.o(RESET)
    am_stimer_cmpr2_isr                      0x000000e3   Thumb Code     0  startup_keil.o(RESET)
    am_stimer_cmpr3_isr                      0x000000e3   Thumb Code     0  startup_keil.o(RESET)
    am_stimer_cmpr4_isr                      0x000000e3   Thumb Code     0  startup_keil.o(RESET)
    am_stimer_cmpr5_isr                      0x000000e3   Thumb Code     0  startup_keil.o(RESET)
    am_stimer_cmpr6_isr                      0x000000e3   Thumb Code     0  startup_keil.o(RESET)
    am_stimer_cmpr7_isr                      0x000000e3   Thumb Code     0  startup_keil.o(RESET)
    am_stimer_isr                            0x000000e3   Thumb Code     0  startup_keil.o(RESET)
    am_svcall_isr                            0x000000e3   Thumb Code     0  startup_keil.o(RESET)
    am_systick_isr                           0x000000e3   Thumb Code     0  startup_keil.o(RESET)
    am_uart0_isr                             0x000000e3   Thumb Code     0  startup_keil.o(RESET)
    am_uart1_isr                             0x000000e3   Thumb Code     0  startup_keil.o(RESET)
    am_uart_isr                              0x000000e3   Thumb Code     0  startup_keil.o(RESET)
    am_vcomp_isr                             0x000000e3   Thumb Code     0  startup_keil.o(RESET)
    am_watchdog_isr                          0x000000e3   Thumb Code     0  startup_keil.o(RESET)
    __main                                   0x000000e9   Thumb Code     8  __main.o(!!!main)
    __scatterload                            0x000000f1   Thumb Code     0  __scatter.o(!!!scatter)
    __scatterload_rt2                        0x000000f1   Thumb Code    44  __scatter.o(!!!scatter)
    __scatterload_rt2_thumb_only             0x000000f1   Thumb Code     0  __scatter.o(!!!scatter)
    __scatterload_null                       0x000000ff   Thumb Code     0  __scatter.o(!!!scatter)
    __scatterload_copy                       0x00000125   Thumb Code    26  __scatter_copy.o(!!handler_copy)
    __scatterload_zeroinit                   0x00000141   Thumb Code    28  __scatter_zi.o(!!handler_zi)
    __rt_lib_init                            0x0000015d   Thumb Code     0  libinit.o(.ARM.Collect$$libinit$$00000000)
    __rt_lib_init_fp_1                       0x0000015f   Thumb Code     0  libinit2.o(.ARM.Collect$$libinit$$00000001)
    __rt_lib_init_alloca_1                   0x00000163   Thumb Code     0  libinit2.o(.ARM.Collect$$libinit$$0000002E)
    __rt_lib_init_argv_1                     0x00000163   Thumb Code     0  libinit2.o(.ARM.Collect$$libinit$$0000002C)
    __rt_lib_init_atexit_1                   0x00000163   Thumb Code     0  libinit2.o(.ARM.Collect$$libinit$$0000001B)
    __rt_lib_init_clock_1                    0x00000163   Thumb Code     0  libinit2.o(.ARM.Collect$$libinit$$00000021)
    __rt_lib_init_cpp_1                      0x00000163   Thumb Code     0  libinit2.o(.ARM.Collect$$libinit$$00000032)
    __rt_lib_init_exceptions_1               0x00000163   Thumb Code     0  libinit2.o(.ARM.Collect$$libinit$$00000030)
    __rt_lib_init_fp_trap_1                  0x00000163   Thumb Code     0  libinit2.o(.ARM.Collect$$libinit$$0000001F)
    __rt_lib_init_getenv_1                   0x00000163   Thumb Code     0  libinit2.o(.ARM.Collect$$libinit$$00000023)
    __rt_lib_init_heap_1                     0x00000163   Thumb Code     0  libinit2.o(.ARM.Collect$$libinit$$0000000A)
    __rt_lib_init_lc_collate_1               0x00000163   Thumb Code     0  libinit2.o(.ARM.Collect$$libinit$$00000011)
    __rt_lib_init_lc_ctype_1                 0x00000163   Thumb Code     0  libinit2.o(.ARM.Collect$$libinit$$00000013)
    __rt_lib_init_lc_monetary_1              0x00000163   Thumb Code     0  libinit2.o(.ARM.Collect$$libinit$$00000015)
    __rt_lib_init_lc_numeric_1               0x00000163   Thumb Code     0  libinit2.o(.ARM.Collect$$libinit$$00000017)
    __rt_lib_init_lc_time_1                  0x00000163   Thumb Code     0  libinit2.o(.ARM.Collect$$libinit$$00000019)
    __rt_lib_init_preinit_1                  0x00000163   Thumb Code     0  libinit2.o(.ARM.Collect$$libinit$$00000004)
    __rt_lib_init_rand_1                     0x00000163   Thumb Code     0  libinit2.o(.ARM.Collect$$libinit$$0000000E)
    __rt_lib_init_return                     0x00000163   Thumb Code     0  libinit2.o(.ARM.Collect$$libinit$$00000033)
    __rt_lib_init_signal_1                   0x00000163   Thumb Code     0  libinit2.o(.ARM.Collect$$libinit$$0000001D)
    __rt_lib_init_stdio_1                    0x00000163   Thumb Code     0  libinit2.o(.ARM.Collect$$libinit$$00000025)
    __rt_lib_init_user_alloc_1               0x00000163   Thumb Code     0  libinit2.o(.ARM.Collect$$libinit$$0000000C)
    __rt_lib_shutdown                        0x00000165   Thumb Code     0  libshutdown.o(.ARM.Collect$$libshutdown$$00000000)
    __rt_lib_shutdown_cpp_1                  0x00000167   Thumb Code     0  libshutdown2.o(.ARM.Collect$$libshutdown$$00000002)
    __rt_lib_shutdown_fp_trap_1              0x00000167   Thumb Code     0  libshutdown2.o(.ARM.Collect$$libshutdown$$00000007)
    __rt_lib_shutdown_heap_1                 0x00000167   Thumb Code     0  libshutdown2.o(.ARM.Collect$$libshutdown$$0000000F)
    __rt_lib_shutdown_return                 0x00000167   Thumb Code     0  libshutdown2.o(.ARM.Collect$$libshutdown$$00000010)
    __rt_lib_shutdown_signal_1               0x00000167   Thumb Code     0  libshutdown2.o(.ARM.Collect$$libshutdown$$0000000A)
    __rt_lib_shutdown_stdio_1                0x00000167   Thumb Code     0  libshutdown2.o(.ARM.Collect$$libshutdown$$00000004)
    __rt_lib_shutdown_user_alloc_1           0x00000167   Thumb Code     0  libshutdown2.o(.ARM.Collect$$libshutdown$$0000000C)
    __rt_entry                               0x00000169   Thumb Code     0  __rtentry.o(.ARM.Collect$$rtentry$$00000000)
    __rt_entry_presh_1                       0x00000169   Thumb Code     0  __rtentry2.o(.ARM.Collect$$rtentry$$00000002)
    __rt_entry_sh                            0x00000169   Thumb Code     0  __rtentry4.o(.ARM.Collect$$rtentry$$00000004)
    __rt_entry_li                            0x0000016f   Thumb Code     0  __rtentry2.o(.ARM.Collect$$rtentry$$0000000A)
    __rt_entry_postsh_1                      0x0000016f   Thumb Code     0  __rtentry2.o(.ARM.Collect$$rtentry$$00000009)
    __rt_entry_main                          0x00000173   Thumb Code     0  __rtentry2.o(.ARM.Collect$$rtentry$$0000000D)
    __rt_entry_postli_1                      0x00000173   Thumb Code     0  __rtentry2.o(.ARM.Collect$$rtentry$$0000000C)
    __rt_exit                                0x0000017b   Thumb Code     0  rtexit.o(.ARM.Collect$$rtexit$$00000000)
    __rt_exit_ls                             0x0000017d   Thumb Code     0  rtexit2.o(.ARM.Collect$$rtexit$$00000003)
    __rt_exit_prels_1                        0x0000017d   Thumb Code     0  rtexit2.o(.ARM.Collect$$rtexit$$00000002)
    __rt_exit_exit                           0x00000181   Thumb Code     0  rtexit2.o(.ARM.Collect$$rtexit$$00000004)
    am_fault_isr                             0x00000189   Thumb Code    12  am_util_faultisr.o(.emb_text)
    getStackedReg                            0x00000195   Thumb Code     8  am_util_faultisr.o(.emb_text)
    am_hal_interrupt_master_enable           0x0000019d   Thumb Code     8  am_hal_interrupt.o(.emb_text)
    am_hal_interrupt_master_disable          0x000001a5   Thumb Code     8  am_hal_interrupt.o(.emb_text)
    am_hal_interrupt_master_set              0x000001ad   Thumb Code     6  am_hal_interrupt.o(.emb_text)
    __user_initial_stackheap                 0x000001b5   Thumb Code    10  startup_keil.o(.text)
    __aeabi_memclr4                          0x000001cd   Thumb Code     0  rt_memclr_w.o(.text)
    __aeabi_memclr8                          0x000001cd   Thumb Code     0  rt_memclr_w.o(.text)
    __rt_memclr_w                            0x000001cd   Thumb Code    78  rt_memclr_w.o(.text)
    _memset_w                                0x000001d1   Thumb Code     0  rt_memclr_w.o(.text)
    __use_two_region_memory                  0x0000021b   Thumb Code     2  heapauxi.o(.text)
    __rt_heap_escrow$2region                 0x0000021d   Thumb Code     2  heapauxi.o(.text)
    __rt_heap_expand$2region                 0x0000021f   Thumb Code     2  heapauxi.o(.text)
    __user_setup_stackheap                   0x00000221   Thumb Code    74  sys_stackheap_outer.o(.text)
    exit                                     0x0000026b   Thumb Code    18  exit.o(.text)
    __user_libspace                          0x0000027d   Thumb Code     8  libspace.o(.text)
    __user_perproc_libspace                  0x0000027d   Thumb Code     0  libspace.o(.text)
    __user_perthread_libspace                0x0000027d   Thumb Code     0  libspace.o(.text)
    _sys_exit                                0x00000285   Thumb Code     8  sys_exit.o(.text)
    __I$use$semihosting                      0x00000291   Thumb Code     0  use_no_semi.o(.text)
    __use_no_semihosting_swi                 0x00000291   Thumb Code     2  use_no_semi.o(.text)
    __semihosting_library_function           0x00000293   Thumb Code     0  indicate_semi.o(.text)
    adc_config                               0x00000295   Thumb Code    64  adc_lpmode0.o(i.adc_config)
    am_adc_isr                               0x000002d9   Thumb Code    68  adc_lpmode0.o(i.am_adc_isr)
    am_bsp_debug_printf_disable              0x00000325   Thumb Code    86  am_bsp.o(i.am_bsp_debug_printf_disable)
    am_bsp_debug_printf_enable               0x00000385   Thumb Code    92  am_bsp.o(i.am_bsp_debug_printf_enable)
    am_bsp_itm_string_print                  0x000003f5   Thumb Code     4  am_bsp.o(i.am_bsp_itm_string_print)
    am_devices_led_array_init                0x000003f9   Thumb Code    26  am_devices_led.o(i.am_devices_led_array_init)
    am_devices_led_init                      0x00000415   Thumb Code   550  am_devices_led.o(i.am_devices_led_init)
    am_hal_adc_config                        0x00000641   Thumb Code   116  am_hal_adc.o(i.am_hal_adc_config)
    am_hal_adc_enable                        0x000006d5   Thumb Code    12  am_hal_adc.o(i.am_hal_adc_enable)
    am_hal_adc_fifo_pop                      0x000006e5   Thumb Code    10  am_hal_adc.o(i.am_hal_adc_fifo_pop)
    am_hal_adc_int_clear                     0x000006f5   Thumb Code     8  am_hal_adc.o(i.am_hal_adc_int_clear)
    am_hal_adc_int_enable                    0x00000701   Thumb Code    14  am_hal_adc.o(i.am_hal_adc_int_enable)
    am_hal_adc_int_status_get                0x00000715   Thumb Code    24  am_hal_adc.o(i.am_hal_adc_int_status_get)
    am_hal_adc_slot_config                   0x00000731   Thumb Code    32  am_hal_adc.o(i.am_hal_adc_slot_config)
    am_hal_adc_trigger                       0x00000799   Thumb Code     8  am_hal_adc.o(i.am_hal_adc_trigger)
    am_hal_cachectrl_enable                  0x000007a5   Thumb Code   204  am_hal_cachectrl.o(i.am_hal_cachectrl_enable)
    am_hal_clkgen_osc_stop                   0x00000875   Thumb Code    20  am_hal_clkgen.o(i.am_hal_clkgen_osc_stop)
    am_hal_clkgen_sysclk_get                 0x00000889   Thumb Code    28  am_hal_clkgen.o(i.am_hal_clkgen_sysclk_get)
    am_hal_clkgen_sysclk_select              0x000008ad   Thumb Code    32  am_hal_clkgen.o(i.am_hal_clkgen_sysclk_select)
    am_hal_ctimer_adc_trigger_enable         0x00000919   Thumb Code    30  am_hal_ctimer.o(i.am_hal_ctimer_adc_trigger_enable)
    am_hal_ctimer_clear                      0x0000093d   Thumb Code    36  am_hal_ctimer.o(i.am_hal_ctimer_clear)
    am_hal_ctimer_config_single              0x00000965   Thumb Code   140  am_hal_ctimer.o(i.am_hal_ctimer_config_single)
    am_hal_ctimer_int_enable                 0x000009fd   Thumb Code    32  am_hal_ctimer.o(i.am_hal_ctimer_int_enable)
    am_hal_ctimer_period_set                 0x00000a21   Thumb Code   112  am_hal_ctimer.o(i.am_hal_ctimer_period_set)
    am_hal_ctimer_start                      0x00000a9d   Thumb Code    42  am_hal_ctimer.o(i.am_hal_ctimer_start)
    am_hal_debug_error                       0x00000acd   Thumb Code     2  am_hal_debug.o(i.am_hal_debug_error)
    am_hal_flash_delay                       0x00000ad1   Thumb Code     6  am_hal_flash.o(i.am_hal_flash_delay)
    am_hal_flash_load_ui32                   0x00000add   Thumb Code     6  am_hal_flash.o(i.am_hal_flash_load_ui32)
    am_hal_interrupt_enable                  0x00000ae9   Thumb Code    70  am_hal_interrupt.o(i.am_hal_interrupt_enable)
    am_hal_itm_enable                        0x00000b35   Thumb Code    56  am_hal_itm.o(i.am_hal_itm_enable)
    am_hal_itm_not_busy                      0x00000b8d   Thumb Code    18  am_hal_itm.o(i.am_hal_itm_not_busy)
    am_hal_itm_print                         0x00000ba5   Thumb Code    48  am_hal_itm.o(i.am_hal_itm_print)
    am_hal_mcuctrl_fault_status              0x00000bd5   Thumb Code    52  am_hal_mcuctrl.o(i.am_hal_mcuctrl_fault_status)
    am_hal_pwrctrl_bucks_disable             0x00000c0d   Thumb Code    68  am_hal_pwrctrl.o(i.am_hal_pwrctrl_bucks_disable)
    am_hal_pwrctrl_bucks_enable              0x00000c59   Thumb Code    46  am_hal_pwrctrl.o(i.am_hal_pwrctrl_bucks_enable)
    am_hal_pwrctrl_memory_enable             0x00000c8d   Thumb Code   372  am_hal_pwrctrl.o(i.am_hal_pwrctrl_memory_enable)
    am_hal_pwrctrl_periph_enable             0x00000e0d   Thumb Code   114  am_hal_pwrctrl.o(i.am_hal_pwrctrl_periph_enable)
    am_hal_sysctrl_sleep                     0x00000ecd   Thumb Code   218  am_hal_sysctrl.o(i.am_hal_sysctrl_sleep)
    am_hal_tpiu_disable                      0x00000fb9   Thumb Code    10  am_hal_tpiu.o(i.am_hal_tpiu_disable)
    am_hal_tpiu_enable                       0x00000fc9   Thumb Code   116  am_hal_tpiu.o(i.am_hal_tpiu_enable)
    am_hal_vcomp_disable                     0x00001051   Thumb Code     8  am_hal_vcomp.o(i.am_hal_vcomp_disable)
    am_util_delay_ms                         0x0000105d   Thumb Code    28  am_util_delay.o(i.am_util_delay_ms)
    am_util_faultisr_collect_data            0x00001079   Thumb Code   178  am_util_faultisr.o(i.am_util_faultisr_collect_data)
    am_util_stdio_printf                     0x00001131   Thumb Code    40  am_util_stdio.o(i.am_util_stdio_printf)
    am_util_stdio_printf_init                0x00001161   Thumb Code     6  am_util_stdio.o(i.am_util_stdio_printf_init)
    am_util_stdio_terminal_clear             0x0000116d   Thumb Code    10  am_util_stdio.o(i.am_util_stdio_terminal_clear)
    am_util_stdio_vsprintf                   0x0000118d   Thumb Code   932  am_util_stdio.o(i.am_util_stdio_vsprintf)
    init_timerA3_for_ADC                     0x000017a5   Thumb Code    52  adc_lpmode0.o(i.init_timerA3_for_ADC)
    itm_start                                0x000017d9   Thumb Code    86  adc_lpmode0.o(i.itm_start)
    main                                     0x00001841   Thumb Code   156  adc_lpmode0.o(i.main)
    __aeabi_d2f                              0x00001b4d   Thumb Code     0  d2f.o(x$fpl$d2f)
    _d2f                                     0x00001b4d   Thumb Code    98  d2f.o(x$fpl$d2f)
    __fpl_dnaninf                            0x00001baf   Thumb Code   156  dnaninf.o(x$fpl$dnaninf)
    _fp_init                                 0x00001c4b   Thumb Code    10  fpinit.o(x$fpl$fpinit)
    __fplib_config_fpu_vfp                   0x00001c53   Thumb Code     0  fpinit.o(x$fpl$fpinit)
    __fplib_config_pureend_doubles           0x00001c53   Thumb Code     0  fpinit.o(x$fpl$fpinit)
    __fpl_fretinf                            0x00001c55   Thumb Code    10  fretinf.o(x$fpl$fretinf)
    __I$use$fp                               0x00001c5e   Number         0  usenofp.o(x$fpl$usenofp)
    am_hal_cachectrl_defaults                0x00001c5e   Data          12  am_hal_cachectrl.o(.constdata)
    Region$$Table$$Base                      0x00001c6c   Number         0  anon$$obj.o(Region$$Table)
    Region$$Table$$Limit                     0x00001c8c   Number         0  anon$$obj.o(Region$$Table)
    g_ui32ADCSampleIndex                     0x10000000   Data           4  adc_lpmode0.o(.data)
    g_pfnCharPrint                           0x10000004   Data           4  am_util_stdio.o(.data)
    g_ui32HALflags                           0x1000000c   Data           4  am_hal_global.o(.data)
    am_bsp_psLEDs                            0x10000010   Data          40  am_bsp.o(.data)
    g_am_hal_flash                           0x10000038   Data          80  am_hal_flash.o(.data)
    g_ui32ADCSampleBuffer                    0x100000a4   Data        4096  adc_lpmode0.o(.bss)
    __libspace_start                         0x100011b4   Data          96  libspace.o(.bss)
    __temporary_stack_top$libspace           0x10001214   Data           0  libspace.o(.bss)



==============================================================================

Memory Map of the image

  Image Entry point : 0x000000e9

  Load Region LR_1 (Base: 0x00000000, Size: 0x00001d30, Max: 0xffffffff, ABSOLUTE)

    Execution Region FLASH (Exec base: 0x00000000, Load base: 0x00000000, Size: 0x00001c8c, Max: 0x00100000, ABSOLUTE)

    Exec Addr    Load Addr    Size         Type   Attr      Idx    E Section Name        Object

    0x00000000   0x00000000   0x000000e8   Code   RO          475    RESET               startup_keil.o
    0x000000e8   0x000000e8   0x00000008   Code   RO         1082  * !!!main             c_w.l(__main.o)
    0x000000f0   0x000000f0   0x00000034   Code   RO         1246    !!!scatter          c_w.l(__scatter.o)
    0x00000124   0x00000124   0x0000001a   Code   RO         1248    !!handler_copy      c_w.l(__scatter_copy.o)
    0x0000013e   0x0000013e   0x00000002   PAD
    0x00000140   0x00000140   0x0000001c   Code   RO         1250    !!handler_zi        c_w.l(__scatter_zi.o)
    0x0000015c   0x0000015c   0x00000002   Code   RO         1116    .ARM.Collect$$libinit$$00000000  c_w.l(libinit.o)
    0x0000015e   0x0000015e   0x00000004   Code   RO         1122    .ARM.Collect$$libinit$$00000001  c_w.l(libinit2.o)
    0x00000162   0x00000162   0x00000000   Code   RO         1125    .ARM.Collect$$libinit$$00000004  c_w.l(libinit2.o)
    0x00000162   0x00000162   0x00000000   Code   RO         1128    .ARM.Collect$$libinit$$0000000A  c_w.l(libinit2.o)
    0x00000162   0x00000162   0x00000000   Code   RO         1130    .ARM.Collect$$libinit$$0000000C  c_w.l(libinit2.o)
    0x00000162   0x00000162   0x00000000   Code   RO         1132    .ARM.Collect$$libinit$$0000000E  c_w.l(libinit2.o)
    0x00000162   0x00000162   0x00000000   Code   RO         1135    .ARM.Collect$$libinit$$00000011  c_w.l(libinit2.o)
    0x00000162   0x00000162   0x00000000   Code   RO         1137    .ARM.Collect$$libinit$$00000013  c_w.l(libinit2.o)
    0x00000162   0x00000162   0x00000000   Code   RO         1139    .ARM.Collect$$libinit$$00000015  c_w.l(libinit2.o)
    0x00000162   0x00000162   0x00000000   Code   RO         1141    .ARM.Collect$$libinit$$00000017  c_w.l(libinit2.o)
    0x00000162   0x00000162   0x00000000   Code   RO         1143    .ARM.Collect$$libinit$$00000019  c_w.l(libinit2.o)
    0x00000162   0x00000162   0x00000000   Code   RO         1145    .ARM.Collect$$libinit$$0000001B  c_w.l(libinit2.o)
    0x00000162   0x00000162   0x00000000   Code   RO         1147    .ARM.Collect$$libinit$$0000001D  c_w.l(libinit2.o)
    0x00000162   0x00000162   0x00000000   Code   RO         1149    .ARM.Collect$$libinit$$0000001F  c_w.l(libinit2.o)
    0x00000162   0x00000162   0x00000000   Code   RO         1151    .ARM.Collect$$libinit$$00000021  c_w.l(libinit2.o)
    0x00000162   0x00000162   0x00000000   Code   RO         1153    .ARM.Collect$$libinit$$00000023  c_w.l(libinit2.o)
    0x00000162   0x00000162   0x00000000   Code   RO         1155    .ARM.Collect$$libinit$$00000025  c_w.l(libinit2.o)
    0x00000162   0x00000162   0x00000000   Code   RO         1159    .ARM.Collect$$libinit$$0000002C  c_w.l(libinit2.o)
    0x00000162   0x00000162   0x00000000   Code   RO         1161    .ARM.Collect$$libinit$$0000002E  c_w.l(libinit2.o)
    0x00000162   0x00000162   0x00000000   Code   RO         1163    .ARM.Collect$$libinit$$00000030  c_w.l(libinit2.o)
    0x00000162   0x00000162   0x00000000   Code   RO         1165    .ARM.Collect$$libinit$$00000032  c_w.l(libinit2.o)
    0x00000162   0x00000162   0x00000002   Code   RO         1166    .ARM.Collect$$libinit$$00000033  c_w.l(libinit2.o)
    0x00000164   0x00000164   0x00000002   Code   RO         1186    .ARM.Collect$$libshutdown$$00000000  c_w.l(libshutdown.o)
    0x00000166   0x00000166   0x00000000   Code   RO         1199    .ARM.Collect$$libshutdown$$00000002  c_w.l(libshutdown2.o)
    0x00000166   0x00000166   0x00000000   Code   RO         1201    .ARM.Collect$$libshutdown$$00000004  c_w.l(libshutdown2.o)
    0x00000166   0x00000166   0x00000000   Code   RO         1204    .ARM.Collect$$libshutdown$$00000007  c_w.l(libshutdown2.o)
    0x00000166   0x00000166   0x00000000   Code   RO         1207    .ARM.Collect$$libshutdown$$0000000A  c_w.l(libshutdown2.o)
    0x00000166   0x00000166   0x00000000   Code   RO         1209    .ARM.Collect$$libshutdown$$0000000C  c_w.l(libshutdown2.o)
    0x00000166   0x00000166   0x00000000   Code   RO         1212    .ARM.Collect$$libshutdown$$0000000F  c_w.l(libshutdown2.o)
    0x00000166   0x00000166   0x00000002   Code   RO         1213    .ARM.Collect$$libshutdown$$00000010  c_w.l(libshutdown2.o)
    0x00000168   0x00000168   0x00000000   Code   RO         1086    .ARM.Collect$$rtentry$$00000000  c_w.l(__rtentry.o)
    0x00000168   0x00000168   0x00000000   Code   RO         1093    .ARM.Collect$$rtentry$$00000002  c_w.l(__rtentry2.o)
    0x00000168   0x00000168   0x00000006   Code   RO         1105    .ARM.Collect$$rtentry$$00000004  c_w.l(__rtentry4.o)
    0x0000016e   0x0000016e   0x00000000   Code   RO         1095    .ARM.Collect$$rtentry$$00000009  c_w.l(__rtentry2.o)
    0x0000016e   0x0000016e   0x00000004   Code   RO         1096    .ARM.Collect$$rtentry$$0000000A  c_w.l(__rtentry2.o)
    0x00000172   0x00000172   0x00000000   Code   RO         1098    .ARM.Collect$$rtentry$$0000000C  c_w.l(__rtentry2.o)
    0x00000172   0x00000172   0x00000008   Code   RO         1099    .ARM.Collect$$rtentry$$0000000D  c_w.l(__rtentry2.o)
    0x0000017a   0x0000017a   0x00000002   Code   RO         1120    .ARM.Collect$$rtexit$$00000000  c_w.l(rtexit.o)
    0x0000017c   0x0000017c   0x00000000   Code   RO         1168    .ARM.Collect$$rtexit$$00000002  c_w.l(rtexit2.o)
    0x0000017c   0x0000017c   0x00000004   Code   RO         1169    .ARM.Collect$$rtexit$$00000003  c_w.l(rtexit2.o)
    0x00000180   0x00000180   0x00000006   Code   RO         1170    .ARM.Collect$$rtexit$$00000004  c_w.l(rtexit2.o)
    0x00000186   0x00000186   0x00000002   PAD
    0x00000188   0x00000188   0x00000014   Code   RO          297    .emb_text           am_util_faultisr.o
    0x0000019c   0x0000019c   0x00000016   Code   RO          740    .emb_text           libam_hal.lib(am_hal_interrupt.o)
    0x000001b2   0x000001b2   0x00000002   PAD
    0x000001b4   0x000001b4   0x00000018   Code   RO          476    .text               startup_keil.o
    0x000001cc   0x000001cc   0x0000004e   Code   RO         1078    .text               c_w.l(rt_memclr_w.o)
    0x0000021a   0x0000021a   0x00000006   Code   RO         1080    .text               c_w.l(heapauxi.o)
    0x00000220   0x00000220   0x0000004a   Code   RO         1107    .text               c_w.l(sys_stackheap_outer.o)
    0x0000026a   0x0000026a   0x00000012   Code   RO         1109    .text               c_w.l(exit.o)
    0x0000027c   0x0000027c   0x00000008   Code   RO         1117    .text               c_w.l(libspace.o)
    0x00000284   0x00000284   0x0000000c   Code   RO         1178    .text               c_w.l(sys_exit.o)
    0x00000290   0x00000290   0x00000002   Code   RO         1189    .text               c_w.l(use_no_semi.o)
    0x00000292   0x00000292   0x00000000   Code   RO         1191    .text               c_w.l(indicate_semi.o)
    0x00000292   0x00000292   0x00000002   PAD
    0x00000294   0x00000294   0x00000044   Code   RO            1    i.adc_config        adc_lpmode0.o
    0x000002d8   0x000002d8   0x0000004c   Code   RO            2    i.am_adc_isr        adc_lpmode0.o
    0x00000324   0x00000324   0x00000060   Code   RO          484    i.am_bsp_debug_printf_disable  libam_bsp.lib(am_bsp.o)
    0x00000384   0x00000384   0x00000070   Code   RO          485    i.am_bsp_debug_printf_enable  libam_bsp.lib(am_bsp.o)
    0x000003f4   0x000003f4   0x00000004   Code   RO          494    i.am_bsp_itm_string_print  libam_bsp.lib(am_bsp.o)
    0x000003f8   0x000003f8   0x0000001a   Code   RO          420    i.am_devices_led_array_init  am_devices_led.o
    0x00000412   0x00000412   0x00000002   PAD
    0x00000414   0x00000414   0x0000022c   Code   RO          423    i.am_devices_led_init  am_devices_led.o
    0x00000640   0x00000640   0x00000094   Code   RO          518    i.am_hal_adc_config  libam_hal.lib(am_hal_adc.o)
    0x000006d4   0x000006d4   0x00000010   Code   RO          520    i.am_hal_adc_enable  libam_hal.lib(am_hal_adc.o)
    0x000006e4   0x000006e4   0x00000010   Code   RO          522    i.am_hal_adc_fifo_pop  libam_hal.lib(am_hal_adc.o)
    0x000006f4   0x000006f4   0x0000000c   Code   RO          523    i.am_hal_adc_int_clear  libam_hal.lib(am_hal_adc.o)
    0x00000700   0x00000700   0x00000014   Code   RO          525    i.am_hal_adc_int_enable  libam_hal.lib(am_hal_adc.o)
    0x00000714   0x00000714   0x0000001c   Code   RO          528    i.am_hal_adc_int_status_get  libam_hal.lib(am_hal_adc.o)
    0x00000730   0x00000730   0x00000068   Code   RO          529    i.am_hal_adc_slot_config  libam_hal.lib(am_hal_adc.o)
    0x00000798   0x00000798   0x0000000c   Code   RO          531    i.am_hal_adc_trigger  libam_hal.lib(am_hal_adc.o)
    0x000007a4   0x000007a4   0x000000d0   Code   RO          556    i.am_hal_cachectrl_enable  libam_hal.lib(am_hal_cachectrl.o)
    0x00000874   0x00000874   0x00000014   Code   RO          583    i.am_hal_clkgen_osc_stop  libam_hal.lib(am_hal_clkgen.o)
    0x00000888   0x00000888   0x00000024   Code   RO          584    i.am_hal_clkgen_sysclk_get  libam_hal.lib(am_hal_clkgen.o)
    0x000008ac   0x000008ac   0x0000006c   Code   RO          585    i.am_hal_clkgen_sysclk_select  libam_hal.lib(am_hal_clkgen.o)
    0x00000918   0x00000918   0x00000024   Code   RO          604    i.am_hal_ctimer_adc_trigger_enable  libam_hal.lib(am_hal_ctimer.o)
    0x0000093c   0x0000093c   0x00000028   Code   RO          605    i.am_hal_ctimer_clear  libam_hal.lib(am_hal_ctimer.o)
    0x00000964   0x00000964   0x00000098   Code   RO          608    i.am_hal_ctimer_config_single  libam_hal.lib(am_hal_ctimer.o)
    0x000009fc   0x000009fc   0x00000024   Code   RO          611    i.am_hal_ctimer_int_enable  libam_hal.lib(am_hal_ctimer.o)
    0x00000a20   0x00000a20   0x0000007c   Code   RO          617    i.am_hal_ctimer_period_set  libam_hal.lib(am_hal_ctimer.o)
    0x00000a9c   0x00000a9c   0x00000030   Code   RO          622    i.am_hal_ctimer_start  libam_hal.lib(am_hal_ctimer.o)
    0x00000acc   0x00000acc   0x00000002   Code   RO          845    i.am_hal_debug_error  libam_hal.lib(am_hal_debug.o)
    0x00000ace   0x00000ace   0x00000002   PAD
    0x00000ad0   0x00000ad0   0x0000000c   Code   RO          653    i.am_hal_flash_delay  libam_hal.lib(am_hal_flash.o)
    0x00000adc   0x00000adc   0x0000000c   Code   RO          663    i.am_hal_flash_load_ui32  libam_hal.lib(am_hal_flash.o)
    0x00000ae8   0x00000ae8   0x0000004c   Code   RO          742    i.am_hal_interrupt_enable  libam_hal.lib(am_hal_interrupt.o)
    0x00000b34   0x00000b34   0x00000058   Code   RO          753    i.am_hal_itm_enable  libam_hal.lib(am_hal_itm.o)
    0x00000b8c   0x00000b8c   0x00000018   Code   RO          754    i.am_hal_itm_not_busy  libam_hal.lib(am_hal_itm.o)
    0x00000ba4   0x00000ba4   0x00000030   Code   RO          755    i.am_hal_itm_print  libam_hal.lib(am_hal_itm.o)
    0x00000bd4   0x00000bd4   0x00000038   Code   RO          779    i.am_hal_mcuctrl_fault_status  libam_hal.lib(am_hal_mcuctrl.o)
    0x00000c0c   0x00000c0c   0x0000004c   Code   RO          785    i.am_hal_pwrctrl_bucks_disable  libam_hal.lib(am_hal_pwrctrl.o)
    0x00000c58   0x00000c58   0x00000034   Code   RO          786    i.am_hal_pwrctrl_bucks_enable  libam_hal.lib(am_hal_pwrctrl.o)
    0x00000c8c   0x00000c8c   0x00000180   Code   RO          789    i.am_hal_pwrctrl_memory_enable  libam_hal.lib(am_hal_pwrctrl.o)
    0x00000e0c   0x00000e0c   0x000000c0   Code   RO          791    i.am_hal_pwrctrl_periph_enable  libam_hal.lib(am_hal_pwrctrl.o)
    0x00000ecc   0x00000ecc   0x000000ec   Code   RO          808    i.am_hal_sysctrl_sleep  libam_hal.lib(am_hal_sysctrl.o)
    0x00000fb8   0x00000fb8   0x00000010   Code   RO          987    i.am_hal_tpiu_disable  libam_hal.lib(am_hal_tpiu.o)
    0x00000fc8   0x00000fc8   0x00000088   Code   RO          988    i.am_hal_tpiu_enable  libam_hal.lib(am_hal_tpiu.o)
    0x00001050   0x00001050   0x0000000c   Code   RO          825    i.am_hal_vcomp_disable  libam_hal.lib(am_hal_vcomp.o)
    0x0000105c   0x0000105c   0x0000001c   Code   RO          274    i.am_util_delay_ms  am_util_delay.o
    0x00001078   0x00001078   0x000000b8   Code   RO          298    i.am_util_faultisr_collect_data  am_util_faultisr.o
    0x00001130   0x00001130   0x00000030   Code   RO          317    i.am_util_stdio_printf  am_util_stdio.o
    0x00001160   0x00001160   0x0000000c   Code   RO          318    i.am_util_stdio_printf_init  am_util_stdio.o
    0x0000116c   0x0000116c   0x00000020   Code   RO          321    i.am_util_stdio_terminal_clear  am_util_stdio.o
    0x0000118c   0x0000118c   0x000003b4   Code   RO          323    i.am_util_stdio_vsprintf  am_util_stdio.o
    0x00001540   0x00001540   0x00000042   Code   RO          324    i.decstr_to_int     am_util_stdio.o
    0x00001582   0x00001582   0x000000cc   Code   RO          325    i.divu64_10         am_util_stdio.o
    0x0000164e   0x0000164e   0x00000002   PAD
    0x00001650   0x00001650   0x00000154   Code   RO          326    i.ftoa              am_util_stdio.o
    0x000017a4   0x000017a4   0x00000034   Code   RO            3    i.init_timerA3_for_ADC  adc_lpmode0.o
    0x000017d8   0x000017d8   0x00000068   Code   RO            4    i.itm_start         adc_lpmode0.o
    0x00001840   0x00001840   0x000000cc   Code   RO            5    i.main              adc_lpmode0.o
    0x0000190c   0x0000190c   0x00000034   Code   RO          327    i.ndigits_in_hex    am_util_stdio.o
    0x00001940   0x00001940   0x00000024   Code   RO          328    i.ndigits_in_i64    am_util_stdio.o
    0x00001964   0x00001964   0x0000003a   Code   RO          329    i.ndigits_in_u64    am_util_stdio.o
    0x0000199e   0x0000199e   0x00000022   Code   RO          330    i.padbuffer         am_util_stdio.o
    0x000019c0   0x000019c0   0x00000078   Code   RO          809    i.setBuckZX         libam_hal.lib(am_hal_sysctrl.o)
    0x00001a38   0x00001a38   0x00000018   Code   RO          331    i.simple_strlen     am_util_stdio.o
    0x00001a50   0x00001a50   0x0000008a   Code   RO          332    i.uint64_to_hexstr  am_util_stdio.o
    0x00001ada   0x00001ada   0x00000070   Code   RO          333    i.uint64_to_str     am_util_stdio.o
    0x00001b4a   0x00001b4a   0x00000002   PAD
    0x00001b4c   0x00001b4c   0x00000062   Code   RO         1084    x$fpl$d2f           fz_wm.l(d2f.o)
    0x00001bae   0x00001bae   0x0000009c   Code   RO         1087    x$fpl$dnaninf       fz_wm.l(dnaninf.o)
    0x00001c4a   0x00001c4a   0x0000000a   Code   RO         1176    x$fpl$fpinit        fz_wm.l(fpinit.o)
    0x00001c54   0x00001c54   0x0000000a   Code   RO         1089    x$fpl$fretinf       fz_wm.l(fretinf.o)
    0x00001c5e   0x00001c5e   0x00000000   Code   RO         1091    x$fpl$usenofp       fz_wm.l(usenofp.o)
    0x00001c5e   0x00001c5e   0x0000000c   Data   RO          561    .constdata          libam_hal.lib(am_hal_cachectrl.o)
    0x00001c6a   0x00001c6a   0x00000002   PAD
    0x00001c6c   0x00001c6c   0x00000020   Data   RO         1244    Region$$Table       anon$$obj.o


    Execution Region SRAM (Exec base: 0x10000000, Load base: 0x00001c8c, Size: 0x00002218, Max: 0x00040000, ABSOLUTE)

    Exec Addr    Load Addr    Size         Type   Attr      Idx    E Section Name        Object

    0x10000000   0x00001c8c   0x00000004   Data   RW            7    .data               adc_lpmode0.o
    0x10000004   0x00001c90   0x00000005   Data   RW          335    .data               am_util_stdio.o
    0x10000009   0x00001c95   0x00000003   PAD
    0x1000000c   0x00001c98   0x00000004   Data   RW          483    .data               libam_hal.lib(am_hal_global.o)
    0x10000010   0x00001c9c   0x00000028   Data   RW          500    .data               libam_bsp.lib(am_bsp.o)
    0x10000038   0x00001cc4   0x00000050   Data   RW          679    .data               libam_hal.lib(am_hal_flash.o)
    0x10000088   0x00001d14   0x0000001c   Data   RW          811    .data               libam_hal.lib(am_hal_sysctrl.o)
    0x100000a4        -       0x00001000   Zero   RW            6    .bss                adc_lpmode0.o
    0x100010a4        -       0x00000100   Zero   RW          334    .bss                am_util_stdio.o
    0x100011a4        -       0x00000010   Zero   RW          534    .bss                libam_hal.lib(am_hal_adc.o)
    0x100011b4        -       0x00000060   Zero   RW         1118    .bss                c_w.l(libspace.o)
    0x10001214   0x00001d30   0x00000004   PAD
    0x10001218        -       0x00000000   Zero   RW          474    HEAP                startup_keil.o
    0x10001218        -       0x00001000   Zero   RW          473    STACK               startup_keil.o


==============================================================================

Image component sizes


      Code (inc. data)   RO Data    RW Data    ZI Data      Debug   Object Name

       504         78          0          4       4096      16006   adc_lpmode0.o
       582          6          0          0          0       2014   am_devices_led.o
        28          0          0          0          0        651   am_util_delay.o
       204          6          0          0          0       2124   am_util_faultisr.o
      2104         58          0          5        256      13028   am_util_stdio.o
       256        210          0          0       4096       1036   startup_keil.o

    ----------------------------------------------------------------------
      3684        358         32         12       8448      34859   Object Totals
         0          0         32          0          0          0   (incl. Generated)
         6          0          0          3          0          0   (incl. Padding)

    ----------------------------------------------------------------------

      Code (inc. data)   RO Data    RW Data    ZI Data      Debug   Library Member Name

         8          0          0          0          0         68   __main.o
         0          0          0          0          0          0   __rtentry.o
        12          0          0          0          0          0   __rtentry2.o
         6          0          0          0          0          0   __rtentry4.o
        52          8          0          0          0          0   __scatter.o
        26          0          0          0          0          0   __scatter_copy.o
        28          0          0          0          0          0   __scatter_zi.o
        18          0          0          0          0         80   exit.o
         6          0          0          0          0        152   heapauxi.o
         0          0          0          0          0          0   indicate_semi.o
         2          0          0          0          0          0   libinit.o
         6          0          0          0          0          0   libinit2.o
         2          0          0          0          0          0   libshutdown.o
         2          0          0          0          0          0   libshutdown2.o
         8          4          0          0         96         68   libspace.o
        78          0          0          0          0         80   rt_memclr_w.o
         2          0          0          0          0          0   rtexit.o
        10          0          0          0          0          0   rtexit2.o
        12          4          0          0          0         68   sys_exit.o
        74          0          0          0          0         80   sys_stackheap_outer.o
         2          0          0          0          0         68   use_no_semi.o
        98          4          0          0          0        140   d2f.o
       156          4          0          0          0        140   dnaninf.o
        10          0          0          0          0        116   fpinit.o
        10          0          0          0          0        116   fretinf.o
         0          0          0          0          0          0   usenofp.o
       212         30          0         40          0        372   am_bsp.o
       356        132          0          0         16        948   am_hal_adc.o
       208          4         12          0          0        128   am_hal_cachectrl.o
       164         84          0          0          0        356   am_hal_clkgen.o
       436         44          0          0          0        752   am_hal_ctimer.o
         2          0          0          0          0        116   am_hal_debug.o
        24         12          0         80          0        232   am_hal_flash.o
         0          0          0          4          0          0   am_hal_global.o
        98          6          0          0          0        264   am_hal_interrupt.o
       160         38          0          0          0        348   am_hal_itm.o
        56          4          0          0          0        116   am_hal_mcuctrl.o
       704        104          0          0          0        496   am_hal_pwrctrl.o
       356         26          0         28          0        272   am_hal_sysctrl.o
       152         26          0          0          0        260   am_hal_tpiu.o
        12          4          0          0          0        116   am_hal_vcomp.o

    ----------------------------------------------------------------------
      3578        538         14        152        116       5952   Library Totals
        10          0          2          0          4          0   (incl. Padding)

    ----------------------------------------------------------------------

      Code (inc. data)   RO Data    RW Data    ZI Data      Debug   Library Name

       354         16          0          0         96        664   c_w.l
       274          8          0          0          0        512   fz_wm.l
       212         30          0         40          0        372   libam_bsp.lib
      2728        484         12        112         16       4404   libam_hal.lib

    ----------------------------------------------------------------------
      3578        538         14        152        116       5952   Library Totals

    ----------------------------------------------------------------------

==============================================================================


      Code (inc. data)   RO Data    RW Data    ZI Data      Debug   

      7262        896         46        164       8564      34603   Grand Totals
      7262        896         46        164       8564      34603   ELF Image Totals
      7262        896         46        164          0          0   ROM Totals

==============================================================================

    Total RO  Size (Code + RO Data)                 7308 (   7.14kB)
    Total RW  Size (RW Data + ZI Data)              8728 (   8.52kB)
    Total ROM Size (Code + RO Data + RW Data)       7472 (   7.30kB)

==============================================================================

