<html>
<body>
<pre>
<h1>µVision Build Log</h1>
<h2>Tool Versions:</h2>
IDE-Version: µVision V5.24.2.0
Copyright (C) 2017 ARM Ltd and ARM Germany GmbH. All rights reserved.
License Information: Moritz Scherer, ETH Zurich, LIC=----
 
Tool Versions:
Toolchain:       MDK-Lite  Version: 5.24.1
Toolchain Path:  C:\Keil_v5\ARM\ARMCC\Bin
C Compiler:      Armcc.exe V5.06 update 5 (build 528)
Assembler:       Armasm.exe V5.06 update 5 (build 528)
Linker/Locator:  ArmLink.exe V5.06 update 5 (build 528)
Library Manager: ArmAr.exe V5.06 update 5 (build 528)
Hex Converter:   FromElf.exe V5.06 update 5 (build 528)
CPU DLL:         SARMCM3.DLL V5.24.1
Dialog DLL:      DCM.DLL V1.16.0.0
Target DLL:      Segger\JL2CM3.dll V2.99.26.0
Dialog DLL:      TCM.DLL V1.32.0.0
 
<h2>Project:</h2>
C:\AmbiqMicro\AmbiqSuite\boards\apollo2_evb\examples\clkout\keil\clkout.uvprojx
Project File Date:  03/02/2018

<h2>Output:</h2>
*** Using Compiler 'V5.06 update 5 (build 528)', folder: 'C:\Keil_v5\ARM\ARMCC\Bin'
Build target 'clkout'
compiling am_util_delay.c...
compiling am_util_stdio.c...
compiling clkout.c...
compiling am_util_faultisr.c...
compiling am_devices_led.c...
compiling startup_keil.s...
linking...
Program Size: Code=6214 RO-data=46 RW-data=132 ZI-data=4452  
After Build - User command #1: fromelf --bin --output bin\clkout.bin bin\clkout.axf
After Build - User command #2: fromelf -cedrst --output bin\clkout.txt bin\clkout.axf
".\bin\clkout.axf" - 0 Error(s), 0 Warning(s).

<h2>Software Packages used:</h2>

Package Vendor: AmbiqMicro
                http://s3.asia.ambiqmicro.com/pack/AmbiqMicro.Apollo_DFP.1.0.0.pack
                AmbiqMicro.Apollo_DFP.1.0.0
                Ambiq Micro Apollo Series Device Support

<h2>Collection of Component include folders:</h2>
  .\RTE\_clkout
  C:\Keil_v5\ARM\PACK\AmbiqMicro\Apollo_DFP\1.0.0\Device\Include

<h2>Collection of Component Files used:</h2>
Build Time Elapsed:  00:00:03
</pre>
</body>
</html>
