<html>
<body>
<pre>
<h1>µVision Build Log</h1>
<h2>Tool Versions:</h2>
IDE-Version: µVision V5.24.2.0
Copyright (C) 2017 ARM Ltd and ARM Germany GmbH. All rights reserved.
License Information: Moritz Scherer, ETH Zurich, LIC=----
 
Tool Versions:
Toolchain:       MDK-Lite  Version: 5.24.1
Toolchain Path:  C:\Keil_v5\ARM\ARMCC\Bin
C Compiler:      Armcc.exe V5.06 update 5 (build 528)
Assembler:       Armasm.exe V5.06 update 5 (build 528)
Linker/Locator:  ArmLink.exe V5.06 update 5 (build 528)
Library Manager: ArmAr.exe V5.06 update 5 (build 528)
Hex Converter:   FromElf.exe V5.06 update 5 (build 528)
CPU DLL:         SARMCM3.DLL V5.24.1
Dialog DLL:      DCM.DLL V1.16.0.0
Target DLL:      Segger\JL2CM3.dll V2.99.26.0
Dialog DLL:      TCM.DLL V1.32.0.0
 
<h2>Project:</h2>
C:\AmbiqMicro\AmbiqSuite\boards\apollo2_evb\examples\binary_counter\keil\binary_counter.uvprojx
Project File Date:  03/02/2018

<h2>Output:</h2>
*** Using Compiler 'V5.06 update 5 (build 528)', folder: 'C:\Keil_v5\ARM\ARMCC\Bin'
Build target 'binary_counter'
compiling am_util_delay.c...
compiling am_util_stdio.c...
compiling binary_counter.c...
compiling am_util_faultisr.c...
compiling am_devices_led.c...
compiling startup_keil.s...
linking...
Program Size: Code=6926 RO-data=46 RW-data=176 ZI-data=4448  
After Build - User command #1: fromelf --bin --output bin\binary_counter.bin bin\binary_counter.axf
After Build - User command #2: fromelf -cedrst --output bin\binary_counter.txt bin\binary_counter.axf
".\bin\binary_counter.axf" - 0 Error(s), 0 Warning(s).

<h2>Software Packages used:</h2>

<h2>Collection of Component include folders:</h2>
  .\RTE\_binary_counter

<h2>Collection of Component Files used:</h2>
Build Time Elapsed:  00:00:03
</pre>
</body>
</html>
